Archive member included to satisfy reference by file (symbol)

app/libapp.a(kvb_default_tests.c.obj)
                              (--whole-archive)
app/libapp.a(kvb_log.c.obj)   (--whole-archive)
app/libapp.a(kvb_platform_default.c.obj)
                              (--whole-archive)
app/libapp.a(kvb_registry.c.obj)
                              (--whole-archive)
app/libapp.a(kvb_result.c.obj)
                              (--whole-archive)
app/libapp.a(kvb_runner.c.obj)
                              (--whole-archive)
app/libapp.a(kvb_test_sched.c.obj)
                              (--whole-archive)
app/libapp.a(kvb_test_sync.c.obj)
                              (--whole-archive)
app/libapp.a(kvb_test_ipc.c.obj)
                              (--whole-archive)
app/libapp.a(kvb_test_time.c.obj)
                              (--whole-archive)
app/libapp.a(kvb_port_zephyr.c.obj)
                              (--whole-archive)
app/libapp.a(kvb_platform_nrf54l15dk.c.obj)
                              (--whole-archive)
app/libapp.a(main.c.obj)      (--whole-archive)
zephyr/libzephyr.a(validate_libc.c.obj)
                              (--whole-archive)
zephyr/libzephyr.a(heap.c.obj)
                              (--whole-archive)
zephyr/libzephyr.a(cbprintf_packaged.c.obj)
                              (--whole-archive)
zephyr/libzephyr.a(clock.c.obj)
                              (--whole-archive)
zephyr/libzephyr.a(printk.c.obj)
                              (--whole-archive)
zephyr/libzephyr.a(sem.c.obj)
                              (--whole-archive)
zephyr/libzephyr.a(thread_entry.c.obj)
                              (--whole-archive)
zephyr/libzephyr.a(cbprintf_complete.c.obj)
                              (--whole-archive)
zephyr/libzephyr.a(cbprintf.c.obj)
                              (--whole-archive)
zephyr/libzephyr.a(assert.c.obj)
                              (--whole-archive)
zephyr/libzephyr.a(dec.c.obj)
                              (--whole-archive)
zephyr/libzephyr.a(hex.c.obj)
                              (--whole-archive)
zephyr/libzephyr.a(rb.c.obj)  (--whole-archive)
zephyr/libzephyr.a(timeutil.c.obj)
                              (--whole-archive)
zephyr/libzephyr.a(bitarray.c.obj)
                              (--whole-archive)
zephyr/libzephyr.a(bitmask.c.obj)
                              (--whole-archive)
zephyr/libzephyr.a(getopt.c.obj)
                              (--whole-archive)
zephyr/libzephyr.a(getopt_common.c.obj)
                              (--whole-archive)
zephyr/libzephyr.a(onoff.c.obj)
                              (--whole-archive)
zephyr/libzephyr.a(notify.c.obj)
                              (--whole-archive)
zephyr/libzephyr.a(ring_buffer.c.obj)
                              (--whole-archive)
zephyr/libzephyr.a(last_section_id.c.obj)
                              (--whole-archive)
zephyr/libzephyr.a(configs.c.obj)
                              (--whole-archive)
zephyr/libzephyr.a(mem_attr.c.obj)
                              (--whole-archive)
zephyr/libzephyr.a(tracing_none.c.obj)
                              (--whole-archive)
zephyr/libzephyr.a(banner.c.obj)
                              (--whole-archive)
zephyr/libzephyr.a(flash_map_partition_manager.c.obj)
                              (--whole-archive)
zephyr/arch/common/libarch__common.a(sw_isr_common.c.obj)
                              (--whole-archive)
zephyr/arch/common/libarch__common.a(init.c.obj)
                              (--whole-archive)
zephyr/arch/common/libarch__common.a(xip.c.obj)
                              (--whole-archive)
zephyr/arch/arch/arm/core/libarch__arm__core.a(fatal.c.obj)
                              (--whole-archive)
zephyr/arch/arch/arm/core/libarch__arm__core.a(nmi.c.obj)
                              (--whole-archive)
zephyr/arch/arch/arm/core/libarch__arm__core.a(nmi_on_reset.S.obj)
                              (--whole-archive)
zephyr/arch/arch/arm/core/cortex_m/libarch__arm__core__cortex_m.a(exc_exit.c.obj)
                              (--whole-archive)
zephyr/arch/arch/arm/core/cortex_m/libarch__arm__core__cortex_m.a(fault.c.obj)
                              (--whole-archive)
zephyr/arch/arch/arm/core/cortex_m/libarch__arm__core__cortex_m.a(fault_s.S.obj)
                              (--whole-archive)
zephyr/arch/arch/arm/core/cortex_m/libarch__arm__core__cortex_m.a(fpu.c.obj)
                              (--whole-archive)
zephyr/arch/arch/arm/core/cortex_m/libarch__arm__core__cortex_m.a(reset.S.obj)
                              (--whole-archive)
zephyr/arch/arch/arm/core/cortex_m/libarch__arm__core__cortex_m.a(scb.c.obj)
                              (--whole-archive)
zephyr/arch/arch/arm/core/cortex_m/libarch__arm__core__cortex_m.a(thread_abort.c.obj)
                              (--whole-archive)
zephyr/arch/arch/arm/core/cortex_m/libarch__arm__core__cortex_m.a(vector_table.S.obj)
                              (--whole-archive)
[...]
Memory Configuration

Name             Origin             Length             Attributes
FLASH            0x0000000000000000 0x0000000000080000 xr
RAM              0x0000000020000000 0x0000000000010000 xw
IDT_LIST         0x00000000ffff7fff 0x0000000000008000 xw
*default*        0x0000000000000000 0xffffffffffffffff

Linker script and memory map

LOAD zephyr/CMakeFiles/zephyr_pre0.dir/misc/empty_file.c.obj
LOAD zephyr/CMakeFiles/offsets.dir/./arch/arm/core/offsets/offsets.c.obj
LOAD app/libapp.a
LOAD zephyr/libzephyr.a
LOAD zephyr/arch/common/libarch__common.a
LOAD zephyr/arch/arch/arm/core/libarch__arm__core.a
LOAD zephyr/arch/arch/arm/core/cortex_m/libarch__arm__core__cortex_m.a
LOAD zephyr/arch/arch/arm/core/mpu/libarch__arm__core__mpu.a
LOAD zephyr/lib/libc/newlib/liblib__libc__newlib.a
LOAD zephyr/lib/libc/common/liblib__libc__common.a
LOAD zephyr/lib/posix/c_lib_ext/liblib__posix__c_lib_ext.a
LOAD zephyr/soc/soc/nrf52832/libsoc__nordic.a
LOAD zephyr/drivers/clock_control/libdrivers__clock_control.a
LOAD zephyr/drivers/console/libdrivers__console.a
LOAD zephyr/drivers/gpio/libdrivers__gpio.a
LOAD zephyr/drivers/pinctrl/libdrivers__pinctrl.a
LOAD zephyr/drivers/serial/libdrivers__serial.a
LOAD zephyr/drivers/timer/libdrivers__timer.a
LOAD modules/hal_nordic/modules/hal_nordic/nrfx/libnrfx.a
LOAD zephyr/kernel/libkernel.a
LOAD zephyr/arch/common/libisr_tables.a
LOAD /opt/nordic/ncs/toolchains/0c0f19d91c/opt/zephyr-sdk/arm-zephyr-eabi/arm-zephyr-eabi/lib/thumb/v7e-m/nofp/libm_nano.a
LOAD /opt/nordic/ncs/toolchains/0c0f19d91c/opt/zephyr-sdk/arm-zephyr-eabi/arm-zephyr-eabi/lib/thumb/v7e-m/nofp/libc_nano.a
LOAD /opt/nordic/ncs/toolchains/0c0f19d91c/opt/zephyr-sdk/arm-zephyr-eabi/bin/../lib/gcc/arm-zephyr-eabi/12.2.0/thumb/v7e-m/nofp/libgcc.a
LOAD /opt/nordic/ncs/toolchains/0c0f19d91c/opt/zephyr-sdk/arm-zephyr-eabi/arm-zephyr-eabi/lib/thumb/v7e-m/nofp/libc_nano.a
                0x0000000000000020                _region_min_align = 0x20

.rel.plt        0x0000000000000000        0x0
 *(SORT_BY_ALIGNMENT(.rel.plt))
                [!provide]                        PROVIDE (__rel_iplt_start = .)
 *(SORT_BY_ALIGNMENT(.rel.iplt))
 .rel.iplt      0x0000000000000000        0x0 app/libapp.a(kvb_default_tests.c.obj)
                [!provide]                        PROVIDE (__rel_iplt_end = .)

.rela.plt       0x0000000000000000        0x0
 *(SORT_BY_ALIGNMENT(.rela.plt))
                [!provide]                        PROVIDE (__rela_iplt_start = .)
 *(SORT_BY_ALIGNMENT(.rela.iplt))
                [!provide]                        PROVIDE (__rela_iplt_end = .)

.rel.dyn
 *(SORT_BY_ALIGNMENT(.rel.*))

.rela.dyn
 *(SORT_BY_ALIGNMENT(.rela.*))

/DISCARD/
 *(SORT_BY_ALIGNMENT(.plt))

/DISCARD/
 *(SORT_BY_ALIGNMENT(.iplt))
                0x0000000000000000                __rom_region_start = 0x0

rom_start       0x0000000000000000       0xdc
                0x0000000000000000                __rom_start_address = .
 FILL mask 0x00
                0x0000000000000000                . = (. + (0x0 - (. - __rom_start_address)))
                0x0000000000000000                . = ALIGN (0x4)
                0x0000000000000000                . = ALIGN (0x80)
                0x0000000000000000                . = ALIGN (0x100)
                0x0000000000000000                _vector_start = .
 *(SORT_BY_ALIGNMENT(.exc_vector_table))
 *(SORT_BY_ALIGNMENT(.exc_vector_table.*))
 .exc_vector_table._vector_table_section
                0x0000000000000000       0x40 zephyr/arch/arch/arm/core/cortex_m/libarch__arm__core__cortex_m.a(vector_table.S.obj)
                0x0000000000000000                _vector_table
 *(SORT_BY_ALIGNMENT(.vectors))
                0x00000000000000dc                _vector_end = .
                0x0000000000000040                . = ALIGN (0x4)
 *(SORT_BY_ALIGNMENT(.gnu.linkonce.irq_vector_table*))
 .gnu.linkonce.irq_vector_table
                0x0000000000000040       0x9c zephyr/arch/common/libisr_tables.a(isr_tables.c.obj)
                0x0000000000000040                _irq_vector_table
                0x00000000000000dc                _vector_end = .

text            0x00000000000000e0     0x84a4
                0x00000000000000e0                __text_region_start = .
 *(SORT_BY_ALIGNMENT(.text))
 .text          0x00000000000000e0       0xa0 /opt/nordic/ncs/toolchains/0c0f19d91c/opt/zephyr-sdk/arm-zephyr-eabi/arm-zephyr-eabi/lib/thumb/v7e-m/nofp/libc_nano.a(lib_a-memchr.o)
                0x00000000000000e0                memchr
 .text          0x0000000000000180       0x30 /opt/nordic/ncs/toolchains/0c0f19d91c/opt/zephyr-sdk/arm-zephyr-eabi/bin/../lib/gcc/arm-zephyr-eabi/12.2.0/thumb/v7e-m/nofp/libgcc.a(_aeabi_uldivmod.o)
                0x0000000000000180                __aeabi_uldivmod
 .text          0x00000000000001b0        0x4 /opt/nordic/ncs/toolchains/0c0f19d91c/opt/zephyr-sdk/arm-zephyr-eabi/bin/../lib/gcc/arm-zephyr-eabi/12.2.0/thumb/v7e-m/nofp/libgcc.a(_dvmd_tls.o)
                0x00000000000001b0                __aeabi_ldiv0
                0x00000000000001b0                __aeabi_idiv0
 .text          0x00000000000001b4       0x10 /opt/nordic/ncs/toolchains/0c0f19d91c/opt/zephyr-sdk/arm-zephyr-eabi/arm-zephyr-eabi/lib/thumb/v7e-m/nofp/libc_nano.a(lib_a-strlen.o)
                0x00000000000001b4                strlen
 .text          0x00000000000001c4      0x2a0 /opt/nordic/ncs/toolchains/0c0f19d91c/opt/zephyr-sdk/arm-zephyr-eabi/bin/../lib/gcc/arm-zephyr-eabi/12.2.0/thumb/v7e-m/nofp/libgcc.a(_udivmoddi4.o)
                0x00000000000001c4                __udivmoddi4
 *(SORT_BY_ALIGNMENT(.text.*))
 .text.kvb_register_default_tests
                0x0000000000000464       0x54 app/libapp.a(kvb_default_tests.c.obj)
                0x0000000000000464                kvb_register_default_tests
 .text.kvb_log_line
                0x00000000000004b8       0x24 app/libapp.a(kvb_log.c.obj)
                0x00000000000004b8                kvb_log_line
 .text.kvb_logf
                0x00000000000004dc       0x48 app/libapp.a(kvb_log.c.obj)
                0x00000000000004dc                kvb_logf
 .text.kvb_platform_compiler_name
                0x0000000000000524        0x8 app/libapp.a(kvb_platform_default.c.obj)
                0x0000000000000524                kvb_platform_compiler_name
 .text.kvb_platform_compiler_version
                0x000000000000052c        0x8 app/libapp.a(kvb_platform_default.c.obj)
                0x000000000000052c                kvb_platform_compiler_version
 .text.kvb_register_test
                0x0000000000000534       0x24 app/libapp.a(kvb_registry.c.obj)
                0x0000000000000534                kvb_register_test
 .text.kvb_registered_test_count
                0x0000000000000558        0xc app/libapp.a(kvb_registry.c.obj)
                0x0000000000000558                kvb_registered_test_count
 .text.kvb_registered_test
                0x0000000000000564       0x1c app/libapp.a(kvb_registry.c.obj)
                0x0000000000000564                kvb_registered_test
 .text.kvb_result_state_name
                0x0000000000000580       0x18 app/libapp.a(kvb_result.c.obj)
                0x0000000000000580                kvb_result_state_name
 .text.kvb_result_init
                0x0000000000000598       0x28 app/libapp.a(kvb_runner.c.obj)
                0x0000000000000598                kvb_result_init
 .text.kvb_run_all_tests
                0x00000000000005c0      0x214 app/libapp.a(kvb_runner.c.obj)
                0x00000000000005c0                kvb_run_all_tests
 .text.kvb_run_sched_coop
                0x00000000000007d4      0x1c4 app/libapp.a(kvb_test_sched.c.obj)
 .text.kvb_run_sem_fast
                0x0000000000000998       0xf0 app/libapp.a(kvb_test_sync.c.obj)
 .text.kvb_run_mutex_fast
                0x0000000000000a88       0xec app/libapp.a(kvb_test_sync.c.obj)
 .text.kvb_run_mutex_ownership
                0x0000000000000b74      0x140 app/libapp.a(kvb_test_sync.c.obj)
 .text.kvb_run_queue_fast
                0x0000000000000cb4      0x14c app/libapp.a(kvb_test_ipc.c.obj)
 .text.kvb_run_sleep_accuracy
                0x0000000000000e00       0xfc app/libapp.a(kvb_test_time.c.obj)
 .text.kvb_kernel_features
                0x0000000000000efc        0x8 app/libapp.a(kvb_port_zephyr.c.obj)
                0x0000000000000efc                kvb_kernel_features
 .text.kvb_kernel_start
                0x0000000000000f04       0x58 app/libapp.a(kvb_port_zephyr.c.obj)
                0x0000000000000f04                kvb_kernel_start
 .text.kvb_thread_create
                0x0000000000000f5c       0x60 app/libapp.a(kvb_port_zephyr.c.obj)
                0x0000000000000f5c                kvb_thread_create
 .text.kvb_zephyr_start_default
                0x0000000000000fbc       0x18 app/libapp.a(kvb_port_zephyr.c.obj)
                0x0000000000000fbc                kvb_zephyr_start_default
 .text.kvb_platform_time_us
                0x0000000000000fd4       0x1c app/libapp.a(kvb_platform_nrf54l15dk.c.obj)
                0x0000000000000fd4                kvb_platform_time_us
 .text.kvb_platform_log_write
                0x0000000000000ff0       0x14 app/libapp.a(kvb_platform_nrf54l15dk.c.obj)
                0x0000000000000ff0                kvb_platform_log_write
 .text.kvb_platform_board_name
                0x0000000000001004        0x8 app/libapp.a(kvb_platform_nrf54l15dk.c.obj)
                0x0000000000001004                kvb_platform_board_name
 .text.kvb_platform_cpu_name
                0x000000000000100c        0x8 app/libapp.a(kvb_platform_nrf54l15dk.c.obj)
                0x000000000000100c                kvb_platform_cpu_name
 .text.sys_heap_init
                0x0000000000001014      0x13c zephyr/libzephyr.a(heap.c.obj)
                0x0000000000001014                sys_heap_init
 .text.char_out
                0x0000000000001150        0xc zephyr/libzephyr.a(printk.c.obj)
 .text.__printk_hook_install
                0x000000000000115c        0xc zephyr/libzephyr.a(printk.c.obj)
                0x000000000000115c                __printk_hook_install
 .text.vprintk  0x0000000000001168       0x1c zephyr/libzephyr.a(printk.c.obj)
                0x0000000000001168                vprintk
 .text.z_thread_entry
                0x0000000000001184       0x4c zephyr/libzephyr.a(thread_entry.c.obj)
                0x0000000000001184                z_thread_entry
 .text.extract_decimal
                0x00000000000011d0       0x2c zephyr/libzephyr.a(cbprintf_complete.c.obj)
 .text.encode_uint
                0x00000000000011fc       0x9c zephyr/libzephyr.a(cbprintf_complete.c.obj)
 .text.z_cbvprintf_impl
                0x0000000000001298      0x76c zephyr/libzephyr.a(cbprintf_complete.c.obj)
                0x0000000000001298                z_cbvprintf_impl
 .text.process_event
                0x0000000000001a04      0x3ac zephyr/libzephyr.a(onoff.c.obj)
 .text.transition_complete
                0x0000000000001db0       0x64 zephyr/libzephyr.a(onoff.c.obj)
 .text.onoff_request
                0x0000000000001e14      0x130 zephyr/libzephyr.a(onoff.c.obj)
                0x0000000000001e14                onoff_request
 .text.sys_notify_finalize
                0x0000000000001f44       0x40 zephyr/libzephyr.a(notify.c.obj)
                0x0000000000001f44                sys_notify_finalize
 .text.mem_attr_get_regions
                0x0000000000001f84        0xc zephyr/libzephyr.a(mem_attr.c.obj)
                0x0000000000001f84                mem_attr_get_regions
 .text.ncs_boot_banner
                0x0000000000001f90       0x1c zephyr/libzephyr.a(banner.c.obj)
 .text.arch_bss_zero
                0x0000000000001fac       0x18 zephyr/arch/common/libarch__common.a(init.c.obj)
                0x0000000000001fac                arch_bss_zero
 .text.arch_data_copy
                0x0000000000001fc4       0x38 zephyr/arch/common/libarch__common.a(xip.c.obj)
                0x0000000000001fc4                arch_data_copy
 .text.z_arm_fatal_error
                0x0000000000001ffc       0x60 zephyr/arch/arch/arm/core/libarch__arm__core.a(fatal.c.obj)
                0x0000000000001ffc                z_arm_fatal_error
 .text.z_SysNmiOnReset
                0x000000000000205c        0x8 zephyr/arch/arch/arm/core/libarch__arm__core.a(nmi_on_reset.S.obj)
                0x000000000000205c                z_SysNmiOnReset
 .text._HandlerModeExit
                0x0000000000002064       0x20 zephyr/arch/arch/arm/core/cortex_m/libarch__arm__core__cortex_m.a(exc_exit.c.obj)
                0x0000000000002064                z_arm_exc_exit
                0x0000000000002064                z_arm_int_exit
 .text.mem_manage_fault
                0x0000000000002084      0x124 zephyr/arch/arch/arm/core/cortex_m/libarch__arm__core__cortex_m.a(fault.c.obj)
 .text.usage_fault.constprop.0
                0x00000000000021a8       0x98 zephyr/arch/arch/arm/core/cortex_m/libarch__arm__core__cortex_m.a(fault.c.obj)
 .text.bus_fault.constprop.0
                0x0000000000002240       0xb8 zephyr/arch/arch/arm/core/cortex_m/libarch__arm__core__cortex_m.a(fault.c.obj)
 .text.z_arm_fault
                0x00000000000022f8      0x208 zephyr/arch/arch/arm/core/cortex_m/libarch__arm__core__cortex_m.a(fault.c.obj)
                0x00000000000022f8                z_arm_fault
 .text.z_arm_fault_init
                0x0000000000002500       0x18 zephyr/arch/arch/arm/core/cortex_m/libarch__arm__core__cortex_m.a(fault.c.obj)
                0x0000000000002500                z_arm_fault_init
 .text.__fault  0x0000000000002518       0x14 zephyr/arch/arch/arm/core/cortex_m/libarch__arm__core__cortex_m.a(fault_s.S.obj)
                0x0000000000002518                z_arm_bus_fault
                0x0000000000002518                z_arm_usage_fault
                0x0000000000002518                z_arm_mpu_fault
                0x0000000000002518                z_arm_exc_spurious
                0x0000000000002518                z_arm_debug_monitor
                0x0000000000002518                z_arm_hard_fault
 .text._reset_section
                0x000000000000252c       0x64 zephyr/arch/arch/arm/core/cortex_m/libarch__arm__core__cortex_m.a(reset.S.obj)
                0x000000000000252c                z_arm_reset
                0x000000000000252c                __start
 .text.z_arm_clear_arm_mpu_config
                0x0000000000002590       0x24 zephyr/arch/arch/arm/core/cortex_m/libarch__arm__core__cortex_m.a(scb.c.obj)
                0x0000000000002590                z_arm_clear_arm_mpu_config
 .text.z_arm_init_arch_hw_at_boot
                0x00000000000025b4       0x64 zephyr/arch/arch/arm/core/cortex_m/libarch__arm__core__cortex_m.a(scb.c.obj)
                0x00000000000025b4                z_arm_init_arch_hw_at_boot
 .text.z_impl_k_thread_abort
                0x0000000000002618       0x2c zephyr/arch/arch/arm/core/cortex_m/libarch__arm__core__cortex_m.a(thread_abort.c.obj)
                0x0000000000002618                z_impl_k_thread_abort
 .text.z_arm_pendsv
                0x0000000000002644       0x54 zephyr/arch/arch/arm/core/cortex_m/libarch__arm__core__cortex_m.a(swap_helper.S.obj)
                0x0000000000002644                z_arm_pendsv
 .text.z_arm_svc
                0x0000000000002698       0x24 zephyr/arch/arch/arm/core/cortex_m/libarch__arm__core__cortex_m.a(swap_helper.S.obj)
                0x0000000000002698                z_arm_svc
 .text.arm_irq_enable
                0x00000000000026bc       0x1c zephyr/arch/arch/arm/core/cortex_m/libarch__arm__core__cortex_m.a(irq_manage.c.obj)
                0x00000000000026bc                arm_irq_enable
 .text.arm_irq_is_enabled
                0x00000000000026d8       0x1c zephyr/arch/arch/arm/core/cortex_m/libarch__arm__core__cortex_m.a(irq_manage.c.obj)
                0x00000000000026d8                arm_irq_is_enabled
 .text.arm_irq_priority_set
                0x00000000000026f4       0x68 zephyr/arch/arch/arm/core/cortex_m/libarch__arm__core__cortex_m.a(irq_manage.c.obj)
                0x00000000000026f4                arm_irq_priority_set
 .text.relocate_vector_table
                0x000000000000275c       0x1c zephyr/arch/arch/arm/core/cortex_m/libarch__arm__core__cortex_m.a(prep_c.c.obj)
                0x000000000000275c                relocate_vector_table
 .text.z_prep_c
                0x0000000000002778       0x28 zephyr/arch/arch/arm/core/cortex_m/libarch__arm__core__cortex_m.a(prep_c.c.obj)
                0x0000000000002778                z_prep_c
 .text.arch_new_thread
                0x00000000000027a0       0x38 zephyr/arch/arch/arm/core/cortex_m/libarch__arm__core__cortex_m.a(thread.c.obj)
                0x00000000000027a0                arch_new_thread
 .text.z_check_thread_stack_fail
                0x00000000000027d8       0x2c zephyr/arch/arch/arm/core/cortex_m/libarch__arm__core__cortex_m.a(thread.c.obj)
                0x00000000000027d8                z_check_thread_stack_fail
 .text.arch_switch_to_main_thread
                0x0000000000002804       0x34 zephyr/arch/arch/arm/core/cortex_m/libarch__arm__core__cortex_m.a(thread.c.obj)
                0x0000000000002804                arch_switch_to_main_thread
 .text.z_arm_cpu_idle_init
                0x0000000000002838        0xc zephyr/arch/arch/arm/core/cortex_m/libarch__arm__core__cortex_m.a(cpu_idle.c.obj)
                0x0000000000002838                z_arm_cpu_idle_init
 .text.z_arm_interrupt_init
                0x0000000000002844       0x18 zephyr/arch/arch/arm/core/cortex_m/libarch__arm__core__cortex_m.a(irq_init.c.obj)
                0x0000000000002844                z_arm_interrupt_init
 .text._isr_wrapper
                0x000000000000285c       0x24 zephyr/arch/arch/arm/core/cortex_m/libarch__arm__core__cortex_m.a(isr_wrapper.c.obj)
                0x000000000000285c                _isr_wrapper
 .text.z_arm_configure_static_mpu_regions
                0x0000000000002880       0x18 zephyr/arch/arch/arm/core/mpu/libarch__arm__core__mpu.a(arm_core_mpu.c.obj)
                0x0000000000002880                z_arm_configure_static_mpu_regions
 .text.z_arm_configure_dynamic_mpu_regions
                0x0000000000002898       0x20 zephyr/arch/arch/arm/core/mpu/libarch__arm__core__mpu.a(arm_core_mpu.c.obj)
                0x0000000000002898                z_arm_configure_dynamic_mpu_regions
 .text.region_init
                0x00000000000028b8       0x28 zephyr/arch/arch/arm/core/mpu/libarch__arm__core__mpu.a(arm_mpu.c.obj)
 .text.mpu_configure_regions
                0x00000000000028e0       0x6c zephyr/arch/arch/arm/core/mpu/libarch__arm__core__mpu.a(arm_mpu.c.obj)
 .text.arm_core_mpu_enable
                0x000000000000294c       0x18 zephyr/arch/arch/arm/core/mpu/libarch__arm__core__mpu.a(arm_mpu.c.obj)
                0x000000000000294c                arm_core_mpu_enable
 .text.arm_core_mpu_disable
                0x0000000000002964       0x14 zephyr/arch/arch/arm/core/mpu/libarch__arm__core__mpu.a(arm_mpu.c.obj)
                0x0000000000002964                arm_core_mpu_disable
 .text.arm_core_mpu_configure_static_mpu_regions
                0x0000000000002978       0x4c zephyr/arch/arch/arm/core/mpu/libarch__arm__core__mpu.a(arm_mpu.c.obj)
                0x0000000000002978                arm_core_mpu_configure_static_mpu_regions
 .text.arm_core_mpu_configure_dynamic_mpu_regions
                0x00000000000029c4       0x6c zephyr/arch/arch/arm/core/mpu/libarch__arm__core__mpu.a(arm_mpu.c.obj)
                0x00000000000029c4                arm_core_mpu_configure_dynamic_mpu_regions
 .text.z_arm_mpu_init
                0x0000000000002a30      0x23c zephyr/arch/arch/arm/core/mpu/libarch__arm__core__mpu.a(arm_mpu.c.obj)
                0x0000000000002a30                z_arm_mpu_init
 .text.malloc_prepare
                0x0000000000002c6c       0x44 zephyr/lib/libc/newlib/liblib__libc__newlib.a(libc-hooks.c.obj)
 .text.__stdout_hook_install
                0x0000000000002cb0        0xc zephyr/lib/libc/newlib/liblib__libc__newlib.a(libc-hooks.c.obj)
                0x0000000000002cb0                __stdout_hook_install
 .text._sbrk    0x0000000000002cbc       0x28 zephyr/lib/libc/newlib/liblib__libc__newlib.a(libc-hooks.c.obj)
                0x0000000000002cbc                _sbrk
                0x0000000000002cbc                sbrk
 .text.__retarget_lock_acquire_recursive
                0x0000000000002ce4       0x38 zephyr/lib/libc/newlib/liblib__libc__newlib.a(libc-hooks.c.obj)
                0x0000000000002ce4                __retarget_lock_acquire_recursive
 .text.__retarget_lock_release_recursive
                0x0000000000002d1c       0x30 zephyr/lib/libc/newlib/liblib__libc__newlib.a(libc-hooks.c.obj)
                0x0000000000002d1c                __retarget_lock_release_recursive
 .text.nordicsemi_nrf52_init
                0x0000000000002d4c       0x18 zephyr/soc/soc/nrf52832/libsoc__nordic.a(soc.c.obj)
 .text.arch_busy_wait
                0x0000000000002d64       0x24 zephyr/soc/soc/nrf52832/libsoc__nordic.a(soc.c.obj)
                0x0000000000002d64                arch_busy_wait
 .text.gppi_init
                0x0000000000002d88       0x1c zephyr/soc/soc/nrf52832/libsoc__nordic.a(gppi_init.c.obj)
 .text.onoff_start
                0x0000000000002da4       0x3c zephyr/drivers/clock_control/libdrivers__clock_control.a(clock_control_nrf.c.obj)
 .text.generic_hfclk_stop
                0x0000000000002de0       0x34 zephyr/drivers/clock_control/libdrivers__clock_control.a(clock_control_nrf.c.obj)
 .text.get_status
                0x0000000000002e14       0x38 zephyr/drivers/clock_control/libdrivers__clock_control.a(clock_control_nrf.c.obj)
 .text.stop     0x0000000000002e4c       0x7c zephyr/drivers/clock_control/libdrivers__clock_control.a(clock_control_nrf.c.obj)
 .text.onoff_stop
                0x0000000000002ec8       0x28 zephyr/drivers/clock_control/libdrivers__clock_control.a(clock_control_nrf.c.obj)
 .text.clk_init
                0x0000000000002ef0       0x58 zephyr/drivers/clock_control/libdrivers__clock_control.a(clock_control_nrf.c.obj)
 .text.api_blocking_start
                0x0000000000002f48       0x34 zephyr/drivers/clock_control/libdrivers__clock_control.a(clock_control_nrf.c.obj)
 .text.lfclk_start
                0x0000000000002f7c       0x20 zephyr/drivers/clock_control/libdrivers__clock_control.a(clock_control_nrf.c.obj)
 .text.clkstarted_handle.constprop.0
                0x0000000000002f9c       0x4c zephyr/drivers/clock_control/libdrivers__clock_control.a(clock_control_nrf.c.obj)
 .text.clock_event_handler
                0x0000000000002fe8       0x5c zephyr/drivers/clock_control/libdrivers__clock_control.a(clock_control_nrf.c.obj)
 .text.generic_hfclk_start
                0x0000000000003044       0x78 zephyr/drivers/clock_control/libdrivers__clock_control.a(clock_control_nrf.c.obj)
 .text.z_nrf_clock_control_lf_on
                0x00000000000030bc      0x13c zephyr/drivers/clock_control/libdrivers__clock_control.a(clock_control_nrf.c.obj)
                0x00000000000030bc                z_nrf_clock_control_lf_on
 .text.uart_console_init
                0x00000000000031f8       0x28 zephyr/drivers/console/libdrivers__console.a(uart_console.c.obj)
 .text.console_out
                0x0000000000003220       0x28 zephyr/drivers/console/libdrivers__console.a(uart_console.c.obj)
 .text.gpio_nrfx_manage_callback
                0x0000000000003248       0xa0 zephyr/drivers/gpio/libdrivers__gpio.a(gpio_nrfx.c.obj)
 .text.nrf_gpio_pin_port_decode
                0x00000000000032e8       0x3c zephyr/drivers/gpio/libdrivers__gpio.a(gpio_nrfx.c.obj)
 .text.gpio_nrfx_pin_interrupt_configure
                0x0000000000003324      0x10c zephyr/drivers/gpio/libdrivers__gpio.a(gpio_nrfx.c.obj)
 .text.nrfx_gpio_handler
                0x0000000000003430       0x68 zephyr/drivers/gpio/libdrivers__gpio.a(gpio_nrfx.c.obj)
 .text.gpio_nrfx_pin_configure
                0x0000000000003498      0x18c zephyr/drivers/gpio/libdrivers__gpio.a(gpio_nrfx.c.obj)
 .text.gpio_nrfx_init
                0x0000000000003624       0x3c zephyr/drivers/gpio/libdrivers__gpio.a(gpio_nrfx.c.obj)
 .text.nrf_gpio_pin_port_decode
                0x0000000000003660       0x3c zephyr/drivers/pinctrl/libdrivers__pinctrl.a(pinctrl_nrf.c.obj)
 .text.pinctrl_configure_pins
                0x000000000000369c      0x164 zephyr/drivers/pinctrl/libdrivers__pinctrl.a(pinctrl_nrf.c.obj)
                0x000000000000369c                pinctrl_configure_pins
 .text.uarte_nrfx_poll_out
                0x0000000000003800       0xb8 zephyr/drivers/serial/libdrivers__serial.a(uart_nrfx_uarte.c.obj)
 .text.sys_clock_timeout_handler
                0x00000000000038b8       0x50 zephyr/drivers/timer/libdrivers__timer.a(nrf_rtc_timer.c.obj)
 .text.compare_int_unlock.constprop.0
                0x0000000000003908       0x50 zephyr/drivers/timer/libdrivers__timer.a(nrf_rtc_timer.c.obj)
 .text.compare_int_lock.constprop.0
                0x0000000000003958       0x3c zephyr/drivers/timer/libdrivers__timer.a(nrf_rtc_timer.c.obj)
 .text.z_nrf_rtc_timer_read
                0x0000000000003994       0x60 zephyr/drivers/timer/libdrivers__timer.a(nrf_rtc_timer.c.obj)
                0x0000000000003994                z_nrf_rtc_timer_read
 .text.rtc_nrf_isr
                0x00000000000039f4       0xf4 zephyr/drivers/timer/libdrivers__timer.a(nrf_rtc_timer.c.obj)
                0x00000000000039f4                rtc_nrf_isr
 .text.compare_set.constprop.0
                0x0000000000003ae8      0x10c zephyr/drivers/timer/libdrivers__timer.a(nrf_rtc_timer.c.obj)
 .text.sys_clock_driver_init
                0x0000000000003bf4       0xc8 zephyr/drivers/timer/libdrivers__timer.a(nrf_rtc_timer.c.obj)
 .text.sys_clock_set_timeout
                0x0000000000003cbc       0x64 zephyr/drivers/timer/libdrivers__timer.a(nrf_rtc_timer.c.obj)
                0x0000000000003cbc                sys_clock_set_timeout
 .text.sys_clock_elapsed
                0x0000000000003d20       0x20 zephyr/drivers/timer/libdrivers__timer.a(nrf_rtc_timer.c.obj)
                0x0000000000003d20                sys_clock_elapsed
 .text.nrf52_errata_16
                0x0000000000003d40       0x28 modules/hal_nordic/modules/hal_nordic/nrfx/libnrfx.a(system_nrf52.c.obj)
 .text.nvmc_wait
                0x0000000000003d68       0x10 modules/hal_nordic/modules/hal_nordic/nrfx/libnrfx.a(system_nrf52.c.obj)
                0x0000000000003d68                nvmc_wait
 .text.SystemInit
                0x0000000000003d78      0x278 modules/hal_nordic/modules/hal_nordic/nrfx/libnrfx.a(system_nrf52.c.obj)
                0x0000000000003d78                SystemInit
 .text.nrfx_gppi_init
                0x0000000000003ff0        0xc modules/hal_nordic/modules/hal_nordic/nrfx/libnrfx.a(nrfx_gppi_ppi.c.obj)
                0x0000000000003ff0                nrfx_gppi_init
 .text.nrfx_gppi_domain_conn_alloc
                0x0000000000003ffc       0x3c modules/hal_nordic/modules/hal_nordic/nrfx/libnrfx.a(nrfx_gppi_ppi.c.obj)
                0x0000000000003ffc                nrfx_gppi_domain_conn_alloc
 .text.nrfx_gppi_conn_enable
                0x0000000000004038       0x10 modules/hal_nordic/modules/hal_nordic/nrfx/libnrfx.a(nrfx_gppi_ppi.c.obj)
                0x0000000000004038                nrfx_gppi_conn_enable
 .text.hfclk_event_handler
                0x0000000000004048        0xc modules/hal_nordic/modules/hal_nordic/nrfx/libnrfx.a(nrfx_clock.c.obj)
 .text.lfclk_event_handler
                0x0000000000004054        0xc modules/hal_nordic/modules/hal_nordic/nrfx/libnrfx.a(nrfx_clock.c.obj)
 .text.nrfx_clock_init
                0x0000000000004060       0x40 modules/hal_nordic/modules/hal_nordic/nrfx/libnrfx.a(nrfx_clock.c.obj)
                0x0000000000004060                nrfx_clock_init
 .text.nrfx_clock_enable
                0x00000000000040a0       0x44 modules/hal_nordic/modules/hal_nordic/nrfx/libnrfx.a(nrfx_clock.c.obj)
                0x00000000000040a0                nrfx_clock_enable
 .text.nrfx_clock_start
                0x00000000000040e4       0x60 modules/hal_nordic/modules/hal_nordic/nrfx/libnrfx.a(nrfx_clock.c.obj)
                0x00000000000040e4                nrfx_clock_start
 .text.nrfx_clock_stop
                0x0000000000004144       0x60 modules/hal_nordic/modules/hal_nordic/nrfx/libnrfx.a(nrfx_clock.c.obj)
                0x0000000000004144                nrfx_clock_stop
 .text.nrf52_errata_201
                0x00000000000041a4       0x40 modules/hal_nordic/modules/hal_nordic/nrfx/libnrfx.a(nrfx_clock_hfclk.c.obj)
 .text.clock_stop
                0x00000000000041e4       0x4c modules/hal_nordic/modules/hal_nordic/nrfx/libnrfx.a(nrfx_clock_hfclk.c.obj)
 .text.nrfx_clock_hfclk_init
                0x0000000000004230       0x28 modules/hal_nordic/modules/hal_nordic/nrfx/libnrfx.a(nrfx_clock_hfclk.c.obj)
                0x0000000000004230                nrfx_clock_hfclk_init
 .text.nrfx_clock_hfclk_start
                0x0000000000004258       0x5c modules/hal_nordic/modules/hal_nordic/nrfx/libnrfx.a(nrfx_clock_hfclk.c.obj)
                0x0000000000004258                nrfx_clock_hfclk_start
 .text.nrfx_clock_hfclk_stop
                0x00000000000042b4       0x34 modules/hal_nordic/modules/hal_nordic/nrfx/libnrfx.a(nrfx_clock_hfclk.c.obj)
                0x00000000000042b4                nrfx_clock_hfclk_stop
 .text.nrfx_clock_hfclk_irq_handler
                0x00000000000042e8       0x40 modules/hal_nordic/modules/hal_nordic/nrfx/libnrfx.a(nrfx_clock_hfclk.c.obj)
                0x00000000000042e8                nrfx_clock_hfclk_irq_handler
 .text.nrfx_clock_lfclk_init
                0x0000000000004328       0x24 modules/hal_nordic/modules/hal_nordic/nrfx/libnrfx.a(nrfx_clock_lfclk.c.obj)
                0x0000000000004328                nrfx_clock_lfclk_init
 .text.nrfx_clock_lfclk_start
                0x000000000000434c       0xe0 modules/hal_nordic/modules/hal_nordic/nrfx/libnrfx.a(nrfx_clock_lfclk.c.obj)
                0x000000000000434c                nrfx_clock_lfclk_start
 .text.nrfx_clock_lfclk_stop
                0x000000000000442c       0x38 modules/hal_nordic/modules/hal_nordic/nrfx/libnrfx.a(nrfx_clock_lfclk.c.obj)
                0x000000000000442c                nrfx_clock_lfclk_stop
 .text.nrfx_clock_lfclk_irq_handler
                0x0000000000004464       0x94 modules/hal_nordic/modules/hal_nordic/nrfx/libnrfx.a(nrfx_clock_lfclk.c.obj)
                0x0000000000004464                nrfx_clock_lfclk_irq_handler
 .text.nrf52_errata_173
                0x00000000000044f8       0x40 modules/hal_nordic/modules/hal_nordic/nrfx/libnrfx.a(nrfx_gpiote.c.obj)
 .text.nrf_gpio_pin_port_decode
                0x0000000000004538       0x5c modules/hal_nordic/modules/hal_nordic/nrfx/libnrfx.a(nrfx_gpiote.c.obj)
 .text.nrf_gpiote_in_event_get
                0x0000000000004594       0x34 modules/hal_nordic/modules/hal_nordic/nrfx/libnrfx.a(nrfx_gpiote.c.obj)
 .text.release_handler
                0x00000000000045c8       0x6c modules/hal_nordic/modules/hal_nordic/nrfx/libnrfx.a(nrfx_gpiote.c.obj)
 .text.pin_uninit
                0x0000000000004634       0x70 modules/hal_nordic/modules/hal_nordic/nrfx/libnrfx.a(nrfx_gpiote.c.obj)
 .text.nrfx_gpiote_input_configure
                0x00000000000046a4      0x164 modules/hal_nordic/modules/hal_nordic/nrfx/libnrfx.a(nrfx_gpiote.c.obj)
                0x00000000000046a4                nrfx_gpiote_input_configure
 .text.nrfx_gpiote_output_configure
                0x0000000000004808      0x100 modules/hal_nordic/modules/hal_nordic/nrfx/libnrfx.a(nrfx_gpiote.c.obj)
                0x0000000000004808                nrfx_gpiote_output_configure
 .text.nrfx_gpiote_global_callback_set
                0x0000000000004908       0x30 modules/hal_nordic/modules/hal_nordic/nrfx/libnrfx.a(nrfx_gpiote.c.obj)
                0x0000000000004908                nrfx_gpiote_global_callback_set
 .text.nrfx_gpiote_channel_get
                0x0000000000004938       0x64 modules/hal_nordic/modules/hal_nordic/nrfx/libnrfx.a(nrfx_gpiote.c.obj)
                0x0000000000004938                nrfx_gpiote_channel_get
 .text.nrfx_gpiote_init
                0x000000000000499c       0x80 modules/hal_nordic/modules/hal_nordic/nrfx/libnrfx.a(nrfx_gpiote.c.obj)
                0x000000000000499c                nrfx_gpiote_init
 .text.nrfx_gpiote_init_check
                0x0000000000004a1c       0x34 modules/hal_nordic/modules/hal_nordic/nrfx/libnrfx.a(nrfx_gpiote.c.obj)
                0x0000000000004a1c                nrfx_gpiote_init_check
 .text.nrfx_gpiote_pin_uninit
                0x0000000000004a50       0x30 modules/hal_nordic/modules/hal_nordic/nrfx/libnrfx.a(nrfx_gpiote.c.obj)
                0x0000000000004a50                nrfx_gpiote_pin_uninit
 .text.nrfx_gpiote_channel_free
                0x0000000000004a80       0x38 modules/hal_nordic/modules/hal_nordic/nrfx/libnrfx.a(nrfx_gpiote.c.obj)
                0x0000000000004a80                nrfx_gpiote_channel_free
 .text.nrfx_gpiote_channel_alloc
                0x0000000000004ab8       0x40 modules/hal_nordic/modules/hal_nordic/nrfx/libnrfx.a(nrfx_gpiote.c.obj)
                0x0000000000004ab8                nrfx_gpiote_channel_alloc
 .text.nrfx_gpiote_trigger_enable
                0x0000000000004af8      0x100 modules/hal_nordic/modules/hal_nordic/nrfx/libnrfx.a(nrfx_gpiote.c.obj)
                0x0000000000004af8                nrfx_gpiote_trigger_enable
 .text.nrfx_gpiote_trigger_disable
                0x0000000000004bf8       0x30 modules/hal_nordic/modules/hal_nordic/nrfx/libnrfx.a(nrfx_gpiote.c.obj)
                0x0000000000004bf8                nrfx_gpiote_trigger_disable
 .text.nrfx_gpiote_irq_handler
                0x0000000000004c28      0x19c modules/hal_nordic/modules/hal_nordic/nrfx/libnrfx.a(nrfx_gpiote.c.obj)
                0x0000000000004c28                nrfx_gpiote_irq_handler
 .text.do_device_init
                0x0000000000004dc4       0x60 zephyr/kernel/libkernel.a(device.c.obj)
                0x0000000000004dc4                do_device_init
 .text.z_fatal_error
                0x0000000000004e24       0x60 zephyr/kernel/libkernel.a(fatal.c.obj)
                0x0000000000004e24                z_fatal_error
 .text.z_sys_init_run_level
                0x0000000000004e84       0x30 zephyr/kernel/libkernel.a(init.c.obj)
 .text.bg_thread_main
                0x0000000000004eb4      0x108 zephyr/kernel/libkernel.a(init.c.obj)
 .text.z_init_cpu
                0x0000000000004fbc       0x70 zephyr/kernel/libkernel.a(init.c.obj)
                0x0000000000004fbc                z_init_cpu
 .text.z_cstart
                0x000000000000502c      0x10c zephyr/kernel/libkernel.a(init.c.obj)
                0x000000000000502c                z_cstart
 .text.idle     0x0000000000005138       0x48 zephyr/kernel/libkernel.a(idle.c.obj)
                0x0000000000005138                idle
 .text.unpend_thread_no_timeout
                0x0000000000005180       0x40 zephyr/kernel/libkernel.a(msg_q.c.obj)
 .text.put_msg_in_queue
                0x00000000000051c0      0x1c4 zephyr/kernel/libkernel.a(msg_q.c.obj)
 .text.z_impl_k_msgq_get
                0x0000000000005384      0x1c8 zephyr/kernel/libkernel.a(msg_q.c.obj)
                0x0000000000005384                z_impl_k_msgq_get
 .text.z_impl_k_mutex_lock
                0x000000000000554c      0x1a0 zephyr/kernel/libkernel.a(mutex.c.obj)
                0x000000000000554c                z_impl_k_mutex_lock
 .text.z_impl_k_mutex_unlock
                0x00000000000056ec      0x19c zephyr/kernel/libkernel.a(mutex.c.obj)
                0x00000000000056ec                z_impl_k_mutex_unlock
 .text.unpend_thread_no_timeout
                0x0000000000005888       0x40 zephyr/kernel/libkernel.a(sem.c.obj)
 .text.z_impl_k_sem_give
                0x00000000000058c8       0xf8 zephyr/kernel/libkernel.a(sem.c.obj)
                0x00000000000058c8                z_impl_k_sem_give
 .text.z_impl_k_sem_take
                0x00000000000059c0       0xf4 zephyr/kernel/libkernel.a(sem.c.obj)
                0x00000000000059c0                z_impl_k_sem_take
 .text.z_setup_new_thread
                0x0000000000005ab4       0xe4 zephyr/kernel/libkernel.a(thread.c.obj)
                0x0000000000005ab4                z_setup_new_thread
 .text.z_impl_k_thread_create
                0x0000000000005b98       0x8c zephyr/kernel/libkernel.a(thread.c.obj)
                0x0000000000005b98                z_impl_k_thread_create
 .text.z_dummy_thread_init
                0x0000000000005c24       0x18 zephyr/kernel/libkernel.a(thread.c.obj)
                0x0000000000005c24                z_dummy_thread_init
 .text.ready_thread
                0x0000000000005c3c       0xe4 zephyr/kernel/libkernel.a(sched.c.obj)
 .text.unready_thread
                0x0000000000005d20       0xb4 zephyr/kernel/libkernel.a(sched.c.obj)
 .text.unpend_thread_no_timeout
                0x0000000000005dd4       0x38 zephyr/kernel/libkernel.a(sched.c.obj)
 .text.z_swap_irqlock
                0x0000000000005e0c       0x64 zephyr/kernel/libkernel.a(sched.c.obj)
 .text.z_ready_thread
                0x0000000000005e70       0x8c zephyr/kernel/libkernel.a(sched.c.obj)
                0x0000000000005e70                z_ready_thread
 .text.z_sched_wake_thread
                0x0000000000005efc       0xa8 zephyr/kernel/libkernel.a(sched.c.obj)
                0x0000000000005efc                z_sched_wake_thread
 .text.z_pend_curr
                0x0000000000005fa4       0xfc zephyr/kernel/libkernel.a(sched.c.obj)
                0x0000000000005fa4                z_pend_curr
 .text.z_thread_prio_set
                0x00000000000060a0      0x1b8 zephyr/kernel/libkernel.a(sched.c.obj)
                0x00000000000060a0                z_thread_prio_set
 .text.z_reschedule
                0x0000000000006258       0x8c zephyr/kernel/libkernel.a(sched.c.obj)
                0x0000000000006258                z_reschedule
 .text.z_reschedule_irqlock
                0x00000000000062e4       0x28 zephyr/kernel/libkernel.a(sched.c.obj)
                0x00000000000062e4                z_reschedule_irqlock
 .text.k_sched_lock
                0x000000000000630c       0xe4 zephyr/kernel/libkernel.a(sched.c.obj)
                0x000000000000630c                k_sched_lock
 .text.k_sched_unlock
                0x00000000000063f0      0x118 zephyr/kernel/libkernel.a(sched.c.obj)
                0x00000000000063f0                k_sched_unlock
 .text.z_sched_init
                0x0000000000006508       0x10 zephyr/kernel/libkernel.a(sched.c.obj)
                0x0000000000006508                z_sched_init
 .text.z_impl_k_thread_priority_set
                0x0000000000006518       0x6c zephyr/kernel/libkernel.a(sched.c.obj)
                0x0000000000006518                z_impl_k_thread_priority_set
 .text.z_impl_k_yield
                0x0000000000006584      0x114 zephyr/kernel/libkernel.a(sched.c.obj)
                0x0000000000006584                z_impl_k_yield
 .text.z_tick_sleep
                0x0000000000006698      0x10c zephyr/kernel/libkernel.a(sched.c.obj)
 .text.z_impl_k_sleep
                0x00000000000067a4       0x64 zephyr/kernel/libkernel.a(sched.c.obj)
                0x00000000000067a4                z_impl_k_sleep
 .text.z_impl_k_wakeup
                0x0000000000006808       0xb0 zephyr/kernel/libkernel.a(sched.c.obj)
                0x0000000000006808                z_impl_k_wakeup
 .text.z_impl_k_sched_current_thread_query
                0x00000000000068b8        0xc zephyr/kernel/libkernel.a(sched.c.obj)
                0x00000000000068b8                z_impl_k_sched_current_thread_query
 .text.z_thread_abort
                0x00000000000068c4      0x250 zephyr/kernel/libkernel.a(sched.c.obj)
                0x00000000000068c4                z_thread_abort
 .text.z_spin_lock_valid
                0x0000000000006b14       0x1c zephyr/kernel/libkernel.a(spinlock_validate.c.obj)
                0x0000000000006b14                z_spin_lock_valid
 .text.z_spin_unlock_valid
                0x0000000000006b30       0x2c zephyr/kernel/libkernel.a(spinlock_validate.c.obj)
                0x0000000000006b30                z_spin_unlock_valid
 .text.z_spin_lock_set_owner
                0x0000000000006b5c       0x10 zephyr/kernel/libkernel.a(spinlock_validate.c.obj)
                0x0000000000006b5c                z_spin_lock_set_owner
 .text.first    0x0000000000006b6c       0x10 zephyr/kernel/libkernel.a(timeout.c.obj)
 .text.elapsed  0x0000000000006b7c       0x14 zephyr/kernel/libkernel.a(timeout.c.obj)
 .text.remove_timeout
                0x0000000000006b90       0x38 zephyr/kernel/libkernel.a(timeout.c.obj)
 .text.z_add_timeout
                0x0000000000006bc8      0x1b8 zephyr/kernel/libkernel.a(timeout.c.obj)
                0x0000000000006bc8                z_add_timeout
 .text.z_abort_timeout
                0x0000000000006d80       0xbc zephyr/kernel/libkernel.a(timeout.c.obj)
                0x0000000000006d80                z_abort_timeout
 .text.sys_clock_announce
                0x0000000000006e3c      0x148 zephyr/kernel/libkernel.a(timeout.c.obj)
                0x0000000000006e3c                sys_clock_announce
 .text.sys_clock_tick_get
                0x0000000000006f84       0x9c zephyr/kernel/libkernel.a(timeout.c.obj)
                0x0000000000006f84                sys_clock_tick_get
 .text.statics_init
                0x0000000000007020       0x50 zephyr/kernel/libkernel.a(kheap.c.obj)
 .text._free_r  0x0000000000007070       0x94 /opt/nordic/ncs/toolchains/0c0f19d91c/opt/zephyr-sdk/arm-zephyr-eabi/arm-zephyr-eabi/lib/thumb/v7e-m/nofp/libc_nano.a(lib_a-nano-freer.o)
                0x0000000000007070                _free_r
 .text._malloc_r
                0x0000000000007104       0xb4 /opt/nordic/ncs/toolchains/0c0f19d91c/opt/zephyr-sdk/arm-zephyr-eabi/arm-zephyr-eabi/lib/thumb/v7e-m/nofp/libc_nano.a(lib_a-nano-mallocr.o)
                0x0000000000007104                _malloc_r
 .text._sbrk_r  0x00000000000071b8       0x20 /opt/nordic/ncs/toolchains/0c0f19d91c/opt/zephyr-sdk/arm-zephyr-eabi/arm-zephyr-eabi/lib/thumb/v7e-m/nofp/libc_nano.a(lib_a-sbrkr.o)
                0x00000000000071b8                _sbrk_r
 .text.vsnprintf
                0x00000000000071d8       0x1c /opt/nordic/ncs/toolchains/0c0f19d91c/opt/zephyr-sdk/arm-zephyr-eabi/arm-zephyr-eabi/lib/thumb/v7e-m/nofp/libc_nano.a(lib_a-vsnprintf.o)
                0x00000000000071d8                vsnprintf
                0x00000000000071d8                vsniprintf
 .text.__malloc_lock
                0x00000000000071f4        0xc /opt/nordic/ncs/toolchains/0c0f19d91c/opt/zephyr-sdk/arm-zephyr-eabi/arm-zephyr-eabi/lib/thumb/v7e-m/nofp/libc_nano.a(lib_a-mlock.o)
                0x00000000000071f4                __malloc_lock
 .text.__malloc_unlock
                0x0000000000007200        0xc /opt/nordic/ncs/toolchains/0c0f19d91c/opt/zephyr-sdk/arm-zephyr-eabi/arm-zephyr-eabi/lib/thumb/v7e-m/nofp/libc_nano.a(lib_a-mlock.o)
                0x0000000000007200                __malloc_unlock
 .text._svfprintf_r
                0x000000000000720c      0x1f8 /opt/nordic/ncs/toolchains/0c0f19d91c/opt/zephyr-sdk/arm-zephyr-eabi/arm-zephyr-eabi/lib/thumb/v7e-m/nofp/libc_nano.a(lib_a-nano-svfprintf.o)
                0x000000000000720c                _svfprintf_r
                0x000000000000720c                _svfiprintf_r
 .text._printf_i
                0x0000000000007404      0x25c /opt/nordic/ncs/toolchains/0c0f19d91c/opt/zephyr-sdk/arm-zephyr-eabi/arm-zephyr-eabi/lib/thumb/v7e-m/nofp/libc_nano.a(lib_a-nano-vfprintf_i.o)
                0x0000000000007404                _printf_i
 .text._OffsetAbsSyms
                0x0000000000007660        0x2 zephyr/CMakeFiles/offsets.dir/./arch/arm/core/offsets/offsets.c.obj
                0x0000000000007660                _OffsetAbsSyms
 .text.kvb_result_add_metric
                0x0000000000007662       0x2a app/libapp.a(kvb_runner.c.obj)
                0x0000000000007662                kvb_result_add_metric
 .text.kvb_runner_main
                0x000000000000768c       0x10 app/libapp.a(kvb_runner.c.obj)
                0x000000000000768c                kvb_runner_main
 .text.kvb_sched_worker
                0x000000000000769c       0x42 app/libapp.a(kvb_test_sched.c.obj)
 .text.kvb_mutex_owner_thread
                0x00000000000076de       0x38 app/libapp.a(kvb_test_sync.c.obj)
 .text.kvb_from_zephyr_status
                0x0000000000007716       0x3c app/libapp.a(kvb_port_zephyr.c.obj)
 .text.kvb_zephyr_thread_entry
                0x0000000000007752       0x1c app/libapp.a(kvb_port_zephyr.c.obj)
 .text.kvb_thread_yield
                0x000000000000776e        0xa app/libapp.a(kvb_port_zephyr.c.obj)
                0x000000000000776e                kvb_thread_yield
 .text.kvb_thread_sleep_ticks
                0x0000000000007778        0xe app/libapp.a(kvb_port_zephyr.c.obj)
                0x0000000000007778                kvb_thread_sleep_ticks
 .text.kvb_thread_delete
                0x0000000000007786       0x1c app/libapp.a(kvb_port_zephyr.c.obj)
                0x0000000000007786                kvb_thread_delete
 .text.kvb_sem_create
                0x00000000000077a2       0x1c app/libapp.a(kvb_port_zephyr.c.obj)
                0x00000000000077a2                kvb_sem_create
 .text.kvb_sem_wait
                0x00000000000077be       0x24 app/libapp.a(kvb_port_zephyr.c.obj)
                0x00000000000077be                kvb_sem_wait
 .text.kvb_sem_post
                0x00000000000077e2       0x10 app/libapp.a(kvb_port_zephyr.c.obj)
                0x00000000000077e2                kvb_sem_post
 .text.kvb_mutex_create
                0x00000000000077f2       0x10 app/libapp.a(kvb_port_zephyr.c.obj)
                0x00000000000077f2                kvb_mutex_create
 .text.kvb_mutex_lock
                0x0000000000007802       0x24 app/libapp.a(kvb_port_zephyr.c.obj)
                0x0000000000007802                kvb_mutex_lock
 .text.kvb_mutex_unlock
                0x0000000000007826       0x16 app/libapp.a(kvb_port_zephyr.c.obj)
                0x0000000000007826                kvb_mutex_unlock
 .text.kvb_queue_create
                0x000000000000783c       0x16 app/libapp.a(kvb_port_zephyr.c.obj)
                0x000000000000783c                kvb_queue_create
 .text.kvb_queue_send
                0x0000000000007852       0x28 app/libapp.a(kvb_port_zephyr.c.obj)
                0x0000000000007852                kvb_queue_send
 .text.kvb_queue_recv
                0x000000000000787a       0x28 app/libapp.a(kvb_port_zephyr.c.obj)
                0x000000000000787a                kvb_queue_recv
 .text.kvb_platform_cycle_frequency_hz
                0x00000000000078a2        0x6 app/libapp.a(kvb_platform_nrf54l15dk.c.obj)
                0x00000000000078a2                kvb_platform_cycle_frequency_hz
 .text.kvb_platform_log_flush
                0x00000000000078a8        0x2 app/libapp.a(kvb_platform_nrf54l15dk.c.obj)
                0x00000000000078a8                kvb_platform_log_flush
 .text.main     0x00000000000078aa        0x4 app/libapp.a(main.c.obj)
                0x00000000000078aa                main
 .text.chunk_field
                0x00000000000078ae       0x16 zephyr/libzephyr.a(heap.c.obj)
 .text.chunk_set
                0x00000000000078c4       0x16 zephyr/libzephyr.a(heap.c.obj)
 .text.chunk_size
                0x00000000000078da        0xc zephyr/libzephyr.a(heap.c.obj)
 .text.set_chunk_used
                0x00000000000078e6       0x30 zephyr/libzephyr.a(heap.c.obj)
 .text.set_chunk_size
                0x0000000000007916        0x8 zephyr/libzephyr.a(heap.c.obj)
 .text.bucket_idx
                0x000000000000791e       0x1e zephyr/libzephyr.a(heap.c.obj)
 .text.free_list_add
                0x000000000000793c       0x84 zephyr/libzephyr.a(heap.c.obj)
 .text.arch_printk_char_out
                0x00000000000079c0        0x4 zephyr/libzephyr.a(printk.c.obj)
                0x00000000000079c0                arch_printk_char_out
 .text.printk   0x00000000000079c4       0x1a zephyr/libzephyr.a(printk.c.obj)
                0x00000000000079c4                printk
 .text.outs     0x00000000000079de       0x2e zephyr/libzephyr.a(cbprintf_complete.c.obj)
 .text.assert_post_action
                0x0000000000007a0c       0x12 zephyr/libzephyr.a(assert.c.obj)
                0x0000000000007a0c                assert_post_action
 .text.assert_print
                0x0000000000007a1e       0x1a zephyr/libzephyr.a(assert.c.obj)
                0x0000000000007a1e                assert_print
 .text.process_recheck
                0x0000000000007a38       0x38 zephyr/libzephyr.a(onoff.c.obj)
 .text.validate_args
                0x0000000000007a70       0x20 zephyr/libzephyr.a(onoff.c.obj)
 .text.notify_one
                0x0000000000007a90       0x2c zephyr/libzephyr.a(onoff.c.obj)
 .text.onoff_manager_init
                0x0000000000007abc       0x26 zephyr/libzephyr.a(onoff.c.obj)
                0x0000000000007abc                onoff_manager_init
 .text.sys_notify_validate
                0x0000000000007ae2       0x22 zephyr/libzephyr.a(notify.c.obj)
                0x0000000000007ae2                sys_notify_validate
 .text._ConfigAbsSyms
                0x0000000000007b04        0x2 zephyr/libzephyr.a(configs.c.obj)
                0x0000000000007b04                _ConfigAbsSyms
 .text.arch_early_memset
                0x0000000000007b06        0x4 zephyr/arch/common/libarch__common.a(init.c.obj)
                0x0000000000007b06                arch_early_memset
 .text.arch_early_memcpy
                0x0000000000007b0a        0x4 zephyr/arch/common/libarch__common.a(init.c.obj)
                0x0000000000007b0a                arch_early_memcpy
 .text.z_do_kernel_oops
                0x0000000000007b0e        0x8 zephyr/arch/arch/arm/core/libarch__arm__core.a(fatal.c.obj)
                0x0000000000007b0e                z_do_kernel_oops
 .text.z_arm_nmi
                0x0000000000007b16        0xe zephyr/arch/arch/arm/core/libarch__arm__core.a(nmi.c.obj)
                0x0000000000007b16                z_arm_nmi
 .text.z_irq_spurious
                0x0000000000007b24        0x8 zephyr/arch/arch/arm/core/cortex_m/libarch__arm__core__cortex_m.a(irq_manage.c.obj)
                0x0000000000007b24                z_irq_spurious
 .text.arch_coprocessors_disable
                0x0000000000007b2c        0x6 zephyr/arch/arch/arm/core/cortex_m/libarch__arm__core__cortex_m.a(thread.c.obj)
                0x0000000000007b2c                arch_coprocessors_disable
 .text.arch_irq_unlock_outlined
                0x0000000000007b32        0xe zephyr/arch/arch/arm/core/cortex_m/libarch__arm__core__cortex_m.a(thread.c.obj)
                0x0000000000007b32                arch_irq_unlock_outlined
 .text.arch_cpu_idle
                0x0000000000007b40       0x1a zephyr/arch/arch/arm/core/cortex_m/libarch__arm__core__cortex_m.a(cpu_idle.c.obj)
                0x0000000000007b40                arch_cpu_idle
 .text.arch_cpu_atomic_idle
                0x0000000000007b5a       0x1e zephyr/arch/arch/arm/core/cortex_m/libarch__arm__core__cortex_m.a(cpu_idle.c.obj)
                0x0000000000007b5a                arch_cpu_atomic_idle
 .text.size_to_mpu_rasr_size
                0x0000000000007b78       0x20 zephyr/arch/arch/arm/core/mpu/libarch__arm__core__mpu.a(arm_mpu.c.obj)
 .text._stdout_hook_default
                0x0000000000007b98        0x6 zephyr/lib/libc/newlib/liblib__libc__newlib.a(libc-hooks.c.obj)
 .text.async_start
                0x0000000000007b9e       0x5c zephyr/drivers/clock_control/libdrivers__clock_control.a(clock_control_nrf.c.obj)
 .text.api_start
                0x0000000000007bfa        0xe zephyr/drivers/clock_control/libdrivers__clock_control.a(clock_control_nrf.c.obj)
 .text.onoff_started_callback
                0x0000000000007c08        0xc zephyr/drivers/clock_control/libdrivers__clock_control.a(clock_control_nrf.c.obj)
 .text.blocking_start_callback
                0x0000000000007c14        0x6 zephyr/drivers/clock_control/libdrivers__clock_control.a(clock_control_nrf.c.obj)
 .text.lfclk_stop
                0x0000000000007c1a        0x4 zephyr/drivers/clock_control/libdrivers__clock_control.a(clock_control_nrf.c.obj)
 .text.api_stop
                0x0000000000007c1e        0x6 zephyr/drivers/clock_control/libdrivers__clock_control.a(clock_control_nrf.c.obj)
 .text.gpio_nrfx_port_get_raw
                0x0000000000007c24        0xe zephyr/drivers/gpio/libdrivers__gpio.a(gpio_nrfx.c.obj)
 .text.gpio_nrfx_port_set_masked_raw
                0x0000000000007c32       0x18 zephyr/drivers/gpio/libdrivers__gpio.a(gpio_nrfx.c.obj)
 .text.gpio_nrfx_port_set_bits_raw
                0x0000000000007c4a        0xc zephyr/drivers/gpio/libdrivers__gpio.a(gpio_nrfx.c.obj)
 .text.gpio_nrfx_port_clear_bits_raw
                0x0000000000007c56        0xc zephyr/drivers/gpio/libdrivers__gpio.a(gpio_nrfx.c.obj)
 .text.gpio_nrfx_port_toggle_bits
                0x0000000000007c62       0x1a zephyr/drivers/gpio/libdrivers__gpio.a(gpio_nrfx.c.obj)
 .text.gpio_nrfx_gpiote_irq_handler
                0x0000000000007c7c        0x4 zephyr/drivers/gpio/libdrivers__gpio.a(gpio_nrfx.c.obj)
                0x0000000000007c7c                gpio_nrfx_gpiote_irq_handler
 .text.pinctrl_lookup_state
                0x0000000000007c80       0x26 zephyr/drivers/pinctrl/libdrivers__pinctrl.a(common.c.obj)
                0x0000000000007c80                pinctrl_lookup_state
 .text.uarte_nrfx_err_check
                0x0000000000007ca6        0xe zephyr/drivers/serial/libdrivers__serial.a(uart_nrfx_uarte.c.obj)
 .text.uarte_nrfx_poll_in
                0x0000000000007cb4       0x26 zephyr/drivers/serial/libdrivers__serial.a(uart_nrfx_uarte.c.obj)
 .text.is_tx_ready.isra.0
                0x0000000000007cda       0x20 zephyr/drivers/serial/libdrivers__serial.a(uart_nrfx_uarte.c.obj)
 .text.uarte_nrfx_isr_int
                0x0000000000007cfa       0x42 zephyr/drivers/serial/libdrivers__serial.a(uart_nrfx_uarte.c.obj)
 .text.pinctrl_apply_state.isra.0
                0x0000000000007d3c       0x1e zephyr/drivers/serial/libdrivers__serial.a(uart_nrfx_uarte.c.obj)
 .text.uarte_0_init
                0x0000000000007d5a       0xe0 zephyr/drivers/serial/libdrivers__serial.a(uart_nrfx_uarte.c.obj)
 .text.sys_clock_cycle_get_32
                0x0000000000007e3a        0x8 zephyr/drivers/timer/libdrivers__timer.a(nrf_rtc_timer.c.obj)
                0x0000000000007e3a                sys_clock_cycle_get_32
 .text.nrf52_errata_12
                0x0000000000007e42       0x1c modules/hal_nordic/modules/hal_nordic/nrfx/libnrfx.a(system_nrf52.c.obj)
 .text.nrfx_isr
                0x0000000000007e5e        0x6 modules/hal_nordic/modules/hal_nordic/nrfx/libnrfx.a(nrfx_glue.c.obj)
                0x0000000000007e5e                nrfx_isr
 .text.nrfx_busy_wait
                0x0000000000007e64        0x4 modules/hal_nordic/modules/hal_nordic/nrfx/libnrfx.a(nrfx_glue.c.obj)
                0x0000000000007e64                nrfx_busy_wait
 .text.nrfx_flag32_alloc
                0x0000000000007e68       0x3c modules/hal_nordic/modules/hal_nordic/nrfx/libnrfx.a(nrfx_flag32_allocator.c.obj)
                0x0000000000007e68                nrfx_flag32_alloc
 .text.nrfx_flag32_free
                0x0000000000007ea4       0x3a modules/hal_nordic/modules/hal_nordic/nrfx/libnrfx.a(nrfx_flag32_allocator.c.obj)
                0x0000000000007ea4                nrfx_flag32_free
 .text.nrfx_gppi_conn_alloc
                0x0000000000007ede       0x2c modules/hal_nordic/modules/hal_nordic/nrfx/libnrfx.a(nrfx_gppi_ppi.c.obj)
                0x0000000000007ede                nrfx_gppi_conn_alloc
 .text.nrfx_power_clock_irq_handler
                0x0000000000007f0a        0xe modules/hal_nordic/modules/hal_nordic/nrfx/libnrfx.a(nrfx_clock.c.obj)
                0x0000000000007f0a                nrfx_power_clock_irq_handler
 .text.clock_stop
                0x0000000000007f18       0x32 modules/hal_nordic/modules/hal_nordic/nrfx/libnrfx.a(nrfx_clock_lfclk.c.obj)
 .text.nrf_gpio_pin_present_check
                0x0000000000007f4a       0x14 modules/hal_nordic/modules/hal_nordic/nrfx/libnrfx.a(nrfx_gpiote.c.obj)
 .text.pin_in_use_by_te
                0x0000000000007f5e        0xe modules/hal_nordic/modules/hal_nordic/nrfx/libnrfx.a(nrfx_gpiote.c.obj)
 .text.pin_is_output
                0x0000000000007f6c        0xe modules/hal_nordic/modules/hal_nordic/nrfx/libnrfx.a(nrfx_gpiote.c.obj)
 .text.pin_is_task_output
                0x0000000000007f7a       0x1a modules/hal_nordic/modules/hal_nordic/nrfx/libnrfx.a(nrfx_gpiote.c.obj)
 .text.call_handler
                0x0000000000007f94       0x3a modules/hal_nordic/modules/hal_nordic/nrfx/libnrfx.a(nrfx_gpiote.c.obj)
 .text.nrf_gpio_reconfigure
                0x0000000000007fce       0x9a modules/hal_nordic/modules/hal_nordic/nrfx/libnrfx.a(nrfx_gpiote.c.obj)
 .text.nrf_gpio_cfg_sense_set
                0x0000000000008068       0x1e modules/hal_nordic/modules/hal_nordic/nrfx/libnrfx.a(nrfx_gpiote.c.obj)
 .text.latch_pending_read_and_check
                0x0000000000008086       0x28 modules/hal_nordic/modules/hal_nordic/nrfx/libnrfx.a(nrfx_gpiote.c.obj)
 .text.__nrfy_internal_gpiote_events_process
                0x00000000000080ae       0x5a modules/hal_nordic/modules/hal_nordic/nrfx/libnrfx.a(nrfx_gpiote.c.obj)
 .text.pin_trigger_disable
                0x0000000000008108       0x4a modules/hal_nordic/modules/hal_nordic/nrfx/libnrfx.a(nrfx_gpiote.c.obj)
 .text.z_impl_k_busy_wait
                0x0000000000008152        0x8 zephyr/kernel/libkernel.a(busy_wait.c.obj)
                0x0000000000008152                z_impl_k_busy_wait
 .text.z_impl_device_is_ready
                0x000000000000815a       0x16 zephyr/kernel/libkernel.a(device.c.obj)
                0x000000000000815a                z_impl_device_is_ready
 .text.arch_system_halt
                0x0000000000008170       0x10 zephyr/kernel/libkernel.a(fatal.c.obj)
                0x0000000000008170                arch_system_halt
 .text.k_sys_fatal_error_handler
                0x0000000000008180        0x6 zephyr/kernel/libkernel.a(fatal.c.obj)
                0x0000000000008180                k_sys_fatal_error_handler
 .text.k_msgq_init
                0x0000000000008186       0x20 zephyr/kernel/libkernel.a(msg_q.c.obj)
                0x0000000000008186                k_msgq_init
 .text.z_impl_k_msgq_put
                0x00000000000081a6        0xe zephyr/kernel/libkernel.a(msg_q.c.obj)
                0x00000000000081a6                z_impl_k_msgq_put
 .text.adjust_owner_prio.isra.0
                0x00000000000081b4       0x10 zephyr/kernel/libkernel.a(mutex.c.obj)
 .text.z_impl_k_mutex_init
                0x00000000000081c4        0xe zephyr/kernel/libkernel.a(mutex.c.obj)
                0x00000000000081c4                z_impl_k_mutex_init
 .text.z_impl_k_sem_init
                0x00000000000081d2       0x18 zephyr/kernel/libkernel.a(sem.c.obj)
                0x00000000000081d2                z_impl_k_sem_init
 .text.k_is_in_isr
                0x00000000000081ea        0xc zephyr/kernel/libkernel.a(thread.c.obj)
                0x00000000000081ea                k_is_in_isr
 .text.sys_dlist_remove
                0x00000000000081f6       0x10 zephyr/kernel/libkernel.a(sched.c.obj)
 .text.add_to_waitq_locked
                0x0000000000008206       0x50 zephyr/kernel/libkernel.a(sched.c.obj)
 .text.z_thread_timeout
                0x0000000000008256        0x8 zephyr/kernel/libkernel.a(sched.c.obj)
                0x0000000000008256                z_thread_timeout
 .text.next_timeout
                0x000000000000825e       0x2e zephyr/kernel/libkernel.a(timeout.c.obj)
 .text.sys_clock_tick_get_32
                0x000000000000828c        0x8 zephyr/kernel/libkernel.a(timeout.c.obj)
                0x000000000000828c                sys_clock_tick_get_32
 .text.boot_banner
                0x0000000000008294        0x2 zephyr/kernel/libkernel.a(banner.c.obj)
                0x0000000000008294                boot_banner
 .text.k_heap_init
                0x0000000000008296       0x14 zephyr/kernel/libkernel.a(kheap.c.obj)
                0x0000000000008296                k_heap_init
 .text.memcmp   0x00000000000082aa       0x20 /opt/nordic/ncs/toolchains/0c0f19d91c/opt/zephyr-sdk/arm-zephyr-eabi/arm-zephyr-eabi/lib/thumb/v7e-m/nofp/libc_nano.a(lib_a-memcmp.o)
                0x00000000000082aa                memcmp
 .text.memcpy   0x00000000000082ca       0x1c /opt/nordic/ncs/toolchains/0c0f19d91c/opt/zephyr-sdk/arm-zephyr-eabi/arm-zephyr-eabi/lib/thumb/v7e-m/nofp/libc_nano.a(lib_a-memcpy-stub.o)
                0x00000000000082ca                memcpy
 .text.memset   0x00000000000082e6       0x10 /opt/nordic/ncs/toolchains/0c0f19d91c/opt/zephyr-sdk/arm-zephyr-eabi/arm-zephyr-eabi/lib/thumb/v7e-m/nofp/libc_nano.a(lib_a-memset.o)
                0x00000000000082e6                memset
 .text.strnlen  0x00000000000082f6       0x18 /opt/nordic/ncs/toolchains/0c0f19d91c/opt/zephyr-sdk/arm-zephyr-eabi/arm-zephyr-eabi/lib/thumb/v7e-m/nofp/libc_nano.a(lib_a-strnlen.o)
                0x00000000000082f6                strnlen
 .text._vsnprintf_r
                0x000000000000830e       0x56 /opt/nordic/ncs/toolchains/0c0f19d91c/opt/zephyr-sdk/arm-zephyr-eabi/arm-zephyr-eabi/lib/thumb/v7e-m/nofp/libc_nano.a(lib_a-vsnprintf.o)
                0x000000000000830e                _vsnprintf_r
                0x000000000000830e                _vsniprintf_r
 .text.__ssputs_r
                0x0000000000008364       0xb6 /opt/nordic/ncs/toolchains/0c0f19d91c/opt/zephyr-sdk/arm-zephyr-eabi/arm-zephyr-eabi/lib/thumb/v7e-m/nofp/libc_nano.a(lib_a-nano-svfprintf.o)
                0x0000000000008364                __ssputs_r
 .text._printf_common
                0x000000000000841a       0xda /opt/nordic/ncs/toolchains/0c0f19d91c/opt/zephyr-sdk/arm-zephyr-eabi/arm-zephyr-eabi/lib/thumb/v7e-m/nofp/libc_nano.a(lib_a-nano-vfprintf_i.o)
                0x000000000000841a                _printf_common
 .text.memmove  0x00000000000084f4       0x34 /opt/nordic/ncs/toolchains/0c0f19d91c/opt/zephyr-sdk/arm-zephyr-eabi/arm-zephyr-eabi/lib/thumb/v7e-m/nofp/libc_nano.a(lib_a-memmove.o)
                0x00000000000084f4                memmove
 .text._realloc_r
                0x0000000000008528       0x4a /opt/nordic/ncs/toolchains/0c0f19d91c/opt/zephyr-sdk/arm-zephyr-eabi/arm-zephyr-eabi/lib/thumb/v7e-m/nofp/libc_nano.a(lib_a-nano-reallocr.o)
                0x0000000000008528                _realloc_r
 .text._malloc_usable_size_r
                0x0000000000008572       0x10 /opt/nordic/ncs/toolchains/0c0f19d91c/opt/zephyr-sdk/arm-zephyr-eabi/arm-zephyr-eabi/lib/thumb/v7e-m/nofp/libc_nano.a(lib_a-nano-msizer.o)
                0x0000000000008572                _malloc_usable_size_r
 *(SORT_BY_ALIGNMENT(.TEXT.*))
 *(SORT_BY_ALIGNMENT(.gnu.linkonce.t.*))
 *(SORT_BY_ALIGNMENT(.glue_7t))
 .glue_7t       0x0000000000008582        0x0 linker stubs
 *(SORT_BY_ALIGNMENT(.glue_7))
 .glue_7        0x0000000000008582        0x0 linker stubs
 *(SORT_BY_ALIGNMENT(.vfp11_veneer))
 .vfp11_veneer  0x0000000000008582        0x0 linker stubs
 *(SORT_BY_ALIGNMENT(.v4_bx))
 .v4_bx         0x0000000000008582        0x0 linker stubs
                0x0000000000008584                . = ALIGN (0x4)
 *fill*         0x0000000000008582        0x2 
                0x0000000000008584                __text_region_end = .

.ARM.exidx      0x0000000000008584        0x8
                0x0000000000008584                __exidx_start = .
 *(SORT_BY_ALIGNMENT(.ARM.exidx*) SORT_BY_ALIGNMENT(gnu.linkonce.armexidx.*))
 .ARM.exidx     0x0000000000008584        0x8 /opt/nordic/ncs/toolchains/0c0f19d91c/opt/zephyr-sdk/arm-zephyr-eabi/bin/../lib/gcc/arm-zephyr-eabi/12.2.0/thumb/v7e-m/nofp/libgcc.a(_udivmoddi4.o)
                0x000000000000858c                __exidx_end = .
                0x000000000000858c                __rodata_region_start = .

initlevel       0x000000000000858c       0x50
                0x000000000000858c                __init_start = .
                0x000000000000858c                __init_EARLY_start = .
 *(SORT_BY_NAME(SORT_BY_ALIGNMENT(.z_init_EARLY_P_?_*)))
 .z_init_EARLY_P_0_SUB_0_
                0x000000000000858c        0x8 zephyr/soc/soc/nrf52832/libsoc__nordic.a(gppi_init.c.obj)
 *(SORT_BY_NAME(SORT_BY_ALIGNMENT(.z_init_EARLY_P_??_*)))
 *(SORT_BY_NAME(SORT_BY_ALIGNMENT(.z_init_EARLY_P_???_*)))
                0x0000000000008594                __init_PRE_KERNEL_1_start = .
 *(SORT_BY_NAME(SORT_BY_ALIGNMENT(.z_init_PRE_KERNEL_1_P_?_*)))
 .z_init_PRE_KERNEL_1_P_0_SUB_0_
                0x0000000000008594        0x8 zephyr/soc/soc/nrf52832/libsoc__nordic.a(soc.c.obj)
 *(SORT_BY_NAME(SORT_BY_ALIGNMENT(.z_init_PRE_KERNEL_1_P_??_*)))
 .z_init_PRE_KERNEL_1_P_30_SUB_00063_
                0x000000000000859c        0x8 zephyr/drivers/clock_control/libdrivers__clock_control.a(clock_control_nrf.c.obj)
 .z_init_PRE_KERNEL_1_P_30_SUB_0_
                0x00000000000085a4        0x8 zephyr/kernel/libkernel.a(kheap.c.obj)
 .z_init_PRE_KERNEL_1_P_40_SUB_00011_
                0x00000000000085ac        0x8 zephyr/drivers/gpio/libdrivers__gpio.a(gpio_nrfx.c.obj)
 .z_init_PRE_KERNEL_1_P_50_SUB_00097_
                0x00000000000085b4        0x8 zephyr/drivers/serial/libdrivers__serial.a(uart_nrfx_uarte.c.obj)
 .z_init_PRE_KERNEL_1_P_60_SUB_0_
                0x00000000000085bc        0x8 zephyr/drivers/console/libdrivers__console.a(uart_console.c.obj)
 *(SORT_BY_NAME(SORT_BY_ALIGNMENT(.z_init_PRE_KERNEL_1_P_???_*)))
                0x00000000000085c4                __init_PRE_KERNEL_2_start = .
 *(SORT_BY_NAME(SORT_BY_ALIGNMENT(.z_init_PRE_KERNEL_2_P_?_*)))
 .z_init_PRE_KERNEL_2_P_0_SUB_0_
                0x00000000000085c4        0x8 zephyr/drivers/timer/libdrivers__timer.a(nrf_rtc_timer.c.obj)
 *(SORT_BY_NAME(SORT_BY_ALIGNMENT(.z_init_PRE_KERNEL_2_P_??_*)))
 *(SORT_BY_NAME(SORT_BY_ALIGNMENT(.z_init_PRE_KERNEL_2_P_???_*)))
                0x00000000000085cc                __init_POST_KERNEL_start = .
 *(SORT_BY_NAME(SORT_BY_ALIGNMENT(.z_init_POST_KERNEL_P_?_*)))
 *(SORT_BY_NAME(SORT_BY_ALIGNMENT(.z_init_POST_KERNEL_P_??_*)))
 .z_init_POST_KERNEL_P_35_SUB_0_
                0x00000000000085cc        0x8 zephyr/lib/libc/newlib/liblib__libc__newlib.a(libc-hooks.c.obj)
 *(SORT_BY_NAME(SORT_BY_ALIGNMENT(.z_init_POST_KERNEL_P_???_*)))
                0x00000000000085d4                __init_APPLICATION_start = .
 *(SORT_BY_NAME(SORT_BY_ALIGNMENT(.z_init_APPLICATION_P_?_*)))
 .z_init_APPLICATION_P_0_SUB_0_
                0x00000000000085d4        0x8 zephyr/libzephyr.a(banner.c.obj)
 *(SORT_BY_NAME(SORT_BY_ALIGNMENT(.z_init_APPLICATION_P_??_*)))
 *(SORT_BY_NAME(SORT_BY_ALIGNMENT(.z_init_APPLICATION_P_???_*)))
                0x00000000000085dc                __init_SMP_start = .
 *(SORT_BY_NAME(SORT_BY_ALIGNMENT(.z_init_SMP_P_?_*)))
 *(SORT_BY_NAME(SORT_BY_ALIGNMENT(.z_init_SMP_P_??_*)))
 *(SORT_BY_NAME(SORT_BY_ALIGNMENT(.z_init_SMP_P_???_*)))
                0x00000000000085dc                __init_end = .

device_area     0x00000000000085dc       0x54
                0x00000000000085dc                _device_list_start = .
 *(SORT_BY_NAME(SORT_BY_ALIGNMENT(._device.static.*_?_*)))
 *(SORT_BY_NAME(SORT_BY_ALIGNMENT(._device.static.*_??_*)))
 ._device.static.1_30_
                0x00000000000085dc       0x1c zephyr/drivers/clock_control/libdrivers__clock_control.a(clock_control_nrf.c.obj)
                0x00000000000085dc                __device_dts_ord_63
 ._device.static.1_40_
                0x00000000000085f8       0x1c zephyr/drivers/gpio/libdrivers__gpio.a(gpio_nrfx.c.obj)
                0x00000000000085f8                __device_dts_ord_11
 ._device.static.1_50_
                0x0000000000008614       0x1c zephyr/drivers/serial/libdrivers__serial.a(uart_nrfx_uarte.c.obj)
                0x0000000000008614                __device_dts_ord_97
 *(SORT_BY_NAME(SORT_BY_ALIGNMENT(._device.static.*_???_*)))
 *(SORT_BY_NAME(SORT_BY_ALIGNMENT(._device.static.*_????_*)))
 *(SORT_BY_NAME(SORT_BY_ALIGNMENT(._device.static.*_?????_*)))
                0x0000000000008630                _device_list_end = .

sw_isr_table    0x0000000000008630      0x138
                0x0000000000008630                . = ALIGN (0x4)
 *(SORT_BY_ALIGNMENT(.gnu.linkonce.sw_isr_table*))
 .gnu.linkonce.sw_isr_table
                0x0000000000008630      0x138 zephyr/arch/common/libisr_tables.a(isr_tables.c.obj)
                0x0000000000008630                _sw_isr_table

initlevel_error
                0x000000000000858c        0x0
 *(SORT_BY_NAME(SORT_BY_ALIGNMENT(.z_init_*)))
                0x0000000000000001                ASSERT ((SIZEOF (initlevel_error) == 0x0), Undefined initialization levels used.)

app_shmem_regions
                0x0000000000008768        0x0
                0x0000000000008768                __app_shmem_regions_start = .
 *(SORT_BY_NAME(SORT_BY_ALIGNMENT(.app_regions.*)))
                0x0000000000008768                __app_shmem_regions_end = .

k_p4wq_initparam_area
                0x0000000000008768        0x0
                0x0000000000008768                _k_p4wq_initparam_list_start = .
 *(SORT_BY_NAME(SORT_BY_ALIGNMENT(._k_p4wq_initparam.static.*)))
                0x0000000000008768                _k_p4wq_initparam_list_end = .

_static_thread_data_area
                0x0000000000008768        0x0
                0x0000000000008768                __static_thread_data_list_start = .
 *(SORT_BY_NAME(SORT_BY_ALIGNMENT(.__static_thread_data.static.*)))
                0x0000000000008768                __static_thread_data_list_end = .

device_deps     0x0000000000008768        0x0
                0x0000000000008768                __device_deps_start = .
 *(SORT_BY_NAME(SORT_BY_ALIGNMENT(.__device_deps_pass2*)))
                0x0000000000008768                __device_deps_end = .

gpio_driver_api_area
                0x0000000000008768       0x24
                0x0000000000008768                _gpio_driver_api_list_start = .
 *(SORT_BY_NAME(SORT_BY_ALIGNMENT(._gpio_driver_api.static.*)))
 ._gpio_driver_api.static.gpio_nrfx_drv_api_funcs_
                0x0000000000008768       0x24 zephyr/drivers/gpio/libdrivers__gpio.a(gpio_nrfx.c.obj)
                0x000000000000878c                _gpio_driver_api_list_end = .

shared_irq_driver_api_area
                0x000000000000878c        0x0
                0x000000000000878c                _shared_irq_driver_api_list_start = .
 *(SORT_BY_NAME(SORT_BY_ALIGNMENT(._shared_irq_driver_api.static.*)))
                0x000000000000878c                _shared_irq_driver_api_list_end = .

crypto_driver_api_area
                0x000000000000878c        0x0
                0x000000000000878c                _crypto_driver_api_list_start = .
 *(SORT_BY_NAME(SORT_BY_ALIGNMENT(._crypto_driver_api.static.*)))
                0x000000000000878c                _crypto_driver_api_list_end = .

adc_driver_api_area
                0x000000000000878c        0x0
                0x000000000000878c                _adc_driver_api_list_start = .
 *(SORT_BY_NAME(SORT_BY_ALIGNMENT(._adc_driver_api.static.*)))
                0x000000000000878c                _adc_driver_api_list_end = .

auxdisplay_driver_api_area
                0x000000000000878c        0x0
                0x000000000000878c                _auxdisplay_driver_api_list_start = .
 *(SORT_BY_NAME(SORT_BY_ALIGNMENT(._auxdisplay_driver_api.static.*)))
                0x000000000000878c                _auxdisplay_driver_api_list_end = .

bbram_driver_api_area
                0x000000000000878c        0x0
                0x000000000000878c                _bbram_driver_api_list_start = .
 *(SORT_BY_NAME(SORT_BY_ALIGNMENT(._bbram_driver_api.static.*)))
                0x000000000000878c                _bbram_driver_api_list_end = .

bt_hci_driver_api_area
                0x000000000000878c        0x0
                0x000000000000878c                _bt_hci_driver_api_list_start = .
 *(SORT_BY_NAME(SORT_BY_ALIGNMENT(._bt_hci_driver_api.static.*)))
                0x000000000000878c                _bt_hci_driver_api_list_end = .

can_driver_api_area
                0x000000000000878c        0x0
                0x000000000000878c                _can_driver_api_list_start = .
 *(SORT_BY_NAME(SORT_BY_ALIGNMENT(._can_driver_api.static.*)))
                0x000000000000878c                _can_driver_api_list_end = .

cellular_driver_api_area
                0x000000000000878c        0x0
                0x000000000000878c                _cellular_driver_api_list_start = .
 *(SORT_BY_NAME(SORT_BY_ALIGNMENT(._cellular_driver_api.static.*)))
                0x000000000000878c                _cellular_driver_api_list_end = .

charger_driver_api_area
                0x000000000000878c        0x0
                0x000000000000878c                _charger_driver_api_list_start = .
 *(SORT_BY_NAME(SORT_BY_ALIGNMENT(._charger_driver_api.static.*)))
                0x000000000000878c                _charger_driver_api_list_end = .

clock_control_driver_api_area
                0x000000000000878c       0x1c
                0x000000000000878c                _clock_control_driver_api_list_start = .
 *(SORT_BY_NAME(SORT_BY_ALIGNMENT(._clock_control_driver_api.static.*)))
 ._clock_control_driver_api.static.clock_control_api_
                0x000000000000878c       0x1c zephyr/drivers/clock_control/libdrivers__clock_control.a(clock_control_nrf.c.obj)
                0x00000000000087a8                _clock_control_driver_api_list_end = .

comparator_driver_api_area
                0x00000000000087a8        0x0
                0x00000000000087a8                _comparator_driver_api_list_start = .
 *(SORT_BY_NAME(SORT_BY_ALIGNMENT(._comparator_driver_api.static.*)))
                0x00000000000087a8                _comparator_driver_api_list_end = .

coredump_driver_api_area
                0x00000000000087a8        0x0
                0x00000000000087a8                _coredump_driver_api_list_start = .
 *(SORT_BY_NAME(SORT_BY_ALIGNMENT(._coredump_driver_api.static.*)))
                0x00000000000087a8                _coredump_driver_api_list_end = .

counter_driver_api_area
                0x00000000000087a8        0x0
                0x00000000000087a8                _counter_driver_api_list_start = .
 *(SORT_BY_NAME(SORT_BY_ALIGNMENT(._counter_driver_api.static.*)))
                0x00000000000087a8                _counter_driver_api_list_end = .

crc_driver_api_area
                0x00000000000087a8        0x0
                0x00000000000087a8                _crc_driver_api_list_start = .
 *(SORT_BY_NAME(SORT_BY_ALIGNMENT(._crc_driver_api.static.*)))
                0x00000000000087a8                _crc_driver_api_list_end = .

dac_driver_api_area
                0x00000000000087a8        0x0
                0x00000000000087a8                _dac_driver_api_list_start = .
 *(SORT_BY_NAME(SORT_BY_ALIGNMENT(._dac_driver_api.static.*)))
                0x00000000000087a8                _dac_driver_api_list_end = .

dai_driver_api_area
                0x00000000000087a8        0x0
                0x00000000000087a8                _dai_driver_api_list_start = .
 *(SORT_BY_NAME(SORT_BY_ALIGNMENT(._dai_driver_api.static.*)))
                0x00000000000087a8                _dai_driver_api_list_end = .

display_driver_api_area
                0x00000000000087a8        0x0
                0x00000000000087a8                _display_driver_api_list_start = .
 *(SORT_BY_NAME(SORT_BY_ALIGNMENT(._display_driver_api.static.*)))
                0x00000000000087a8                _display_driver_api_list_end = .

dma_driver_api_area
                0x00000000000087a8        0x0
                0x00000000000087a8                _dma_driver_api_list_start = .
 *(SORT_BY_NAME(SORT_BY_ALIGNMENT(._dma_driver_api.static.*)))
                0x00000000000087a8                _dma_driver_api_list_end = .

edac_driver_api_area
                0x00000000000087a8        0x0
                0x00000000000087a8                _edac_driver_api_list_start = .
 *(SORT_BY_NAME(SORT_BY_ALIGNMENT(._edac_driver_api.static.*)))
                0x00000000000087a8                _edac_driver_api_list_end = .

eeprom_driver_api_area
                0x00000000000087a8        0x0
                0x00000000000087a8                _eeprom_driver_api_list_start = .
 *(SORT_BY_NAME(SORT_BY_ALIGNMENT(._eeprom_driver_api.static.*)))
                0x00000000000087a8                _eeprom_driver_api_list_end = .

emul_bbram_driver_api_area
                0x00000000000087a8        0x0
                0x00000000000087a8                _emul_bbram_driver_api_list_start = .
 *(SORT_BY_NAME(SORT_BY_ALIGNMENT(._emul_bbram_driver_api.static.*)))
                0x00000000000087a8                _emul_bbram_driver_api_list_end = .

fuel_gauge_emul_driver_api_area
                0x00000000000087a8        0x0
                0x00000000000087a8                _fuel_gauge_emul_driver_api_list_start = .
 *(SORT_BY_NAME(SORT_BY_ALIGNMENT(._fuel_gauge_emul_driver_api.static.*)))
                0x00000000000087a8                _fuel_gauge_emul_driver_api_list_end = .

emul_sensor_driver_api_area
                0x00000000000087a8        0x0
                0x00000000000087a8                _emul_sensor_driver_api_list_start = .
 *(SORT_BY_NAME(SORT_BY_ALIGNMENT(._emul_sensor_driver_api.static.*)))
                0x00000000000087a8                _emul_sensor_driver_api_list_end = .

entropy_driver_api_area
                0x00000000000087a8        0x0
                0x00000000000087a8                _entropy_driver_api_list_start = .
 *(SORT_BY_NAME(SORT_BY_ALIGNMENT(._entropy_driver_api.static.*)))
                0x00000000000087a8                _entropy_driver_api_list_end = .

espi_driver_api_area
                0x00000000000087a8        0x0
                0x00000000000087a8                _espi_driver_api_list_start = .
 *(SORT_BY_NAME(SORT_BY_ALIGNMENT(._espi_driver_api.static.*)))
                0x00000000000087a8                _espi_driver_api_list_end = .

espi_saf_driver_api_area
                0x00000000000087a8        0x0
                0x00000000000087a8                _espi_saf_driver_api_list_start = .
 *(SORT_BY_NAME(SORT_BY_ALIGNMENT(._espi_saf_driver_api.static.*)))
                0x00000000000087a8                _espi_saf_driver_api_list_end = .

flash_driver_api_area
                0x00000000000087a8        0x0
                0x00000000000087a8                _flash_driver_api_list_start = .
 *(SORT_BY_NAME(SORT_BY_ALIGNMENT(._flash_driver_api.static.*)))
                0x00000000000087a8                _flash_driver_api_list_end = .

fpga_driver_api_area
                0x00000000000087a8        0x0
                0x00000000000087a8                _fpga_driver_api_list_start = .
 *(SORT_BY_NAME(SORT_BY_ALIGNMENT(._fpga_driver_api.static.*)))
                0x00000000000087a8                _fpga_driver_api_list_end = .

fuel_gauge_driver_api_area
                0x00000000000087a8        0x0
                0x00000000000087a8                _fuel_gauge_driver_api_list_start = .
 *(SORT_BY_NAME(SORT_BY_ALIGNMENT(._fuel_gauge_driver_api.static.*)))
                0x00000000000087a8                _fuel_gauge_driver_api_list_end = .

gnss_driver_api_area
                0x00000000000087a8        0x0
                0x00000000000087a8                _gnss_driver_api_list_start = .
 *(SORT_BY_NAME(SORT_BY_ALIGNMENT(._gnss_driver_api.static.*)))
                0x00000000000087a8                _gnss_driver_api_list_end = .

haptics_driver_api_area
                0x00000000000087a8        0x0
                0x00000000000087a8                _haptics_driver_api_list_start = .
 *(SORT_BY_NAME(SORT_BY_ALIGNMENT(._haptics_driver_api.static.*)))
                0x00000000000087a8                _haptics_driver_api_list_end = .

hwspinlock_driver_api_area
                0x00000000000087a8        0x0
                0x00000000000087a8                _hwspinlock_driver_api_list_start = .
 *(SORT_BY_NAME(SORT_BY_ALIGNMENT(._hwspinlock_driver_api.static.*)))
                0x00000000000087a8                _hwspinlock_driver_api_list_end = .

i2c_driver_api_area
                0x00000000000087a8        0x0
                0x00000000000087a8                _i2c_driver_api_list_start = .
 *(SORT_BY_NAME(SORT_BY_ALIGNMENT(._i2c_driver_api.static.*)))
                0x00000000000087a8                _i2c_driver_api_list_end = .

i2c_target_driver_api_area
                0x00000000000087a8        0x0
                0x00000000000087a8                _i2c_target_driver_api_list_start = .
 *(SORT_BY_NAME(SORT_BY_ALIGNMENT(._i2c_target_driver_api.static.*)))
                0x00000000000087a8                _i2c_target_driver_api_list_end = .

i2s_driver_api_area
                0x00000000000087a8        0x0
                0x00000000000087a8                _i2s_driver_api_list_start = .
 *(SORT_BY_NAME(SORT_BY_ALIGNMENT(._i2s_driver_api.static.*)))
                0x00000000000087a8                _i2s_driver_api_list_end = .

i3c_driver_api_area
                0x00000000000087a8        0x0
                0x00000000000087a8                _i3c_driver_api_list_start = .
 *(SORT_BY_NAME(SORT_BY_ALIGNMENT(._i3c_driver_api.static.*)))
                0x00000000000087a8                _i3c_driver_api_list_end = .

ipm_driver_api_area
                0x00000000000087a8        0x0
                0x00000000000087a8                _ipm_driver_api_list_start = .
 *(SORT_BY_NAME(SORT_BY_ALIGNMENT(._ipm_driver_api.static.*)))
                0x00000000000087a8                _ipm_driver_api_list_end = .

led_driver_api_area
                0x00000000000087a8        0x0
                0x00000000000087a8                _led_driver_api_list_start = .
 *(SORT_BY_NAME(SORT_BY_ALIGNMENT(._led_driver_api.static.*)))
                0x00000000000087a8                _led_driver_api_list_end = .

led_strip_driver_api_area
                0x00000000000087a8        0x0
                0x00000000000087a8                _led_strip_driver_api_list_start = .
 *(SORT_BY_NAME(SORT_BY_ALIGNMENT(._led_strip_driver_api.static.*)))
                0x00000000000087a8                _led_strip_driver_api_list_end = .

lora_driver_api_area
                0x00000000000087a8        0x0
                0x00000000000087a8                _lora_driver_api_list_start = .
 *(SORT_BY_NAME(SORT_BY_ALIGNMENT(._lora_driver_api.static.*)))
                0x00000000000087a8                _lora_driver_api_list_end = .

mbox_driver_api_area
                0x00000000000087a8        0x0
                0x00000000000087a8                _mbox_driver_api_list_start = .
 *(SORT_BY_NAME(SORT_BY_ALIGNMENT(._mbox_driver_api.static.*)))
                0x00000000000087a8                _mbox_driver_api_list_end = .

mdio_driver_api_area
                0x00000000000087a8        0x0
                0x00000000000087a8                _mdio_driver_api_list_start = .
 *(SORT_BY_NAME(SORT_BY_ALIGNMENT(._mdio_driver_api.static.*)))
                0x00000000000087a8                _mdio_driver_api_list_end = .

mipi_dbi_driver_api_area
                0x00000000000087a8        0x0
                0x00000000000087a8                _mipi_dbi_driver_api_list_start = .
 *(SORT_BY_NAME(SORT_BY_ALIGNMENT(._mipi_dbi_driver_api.static.*)))
                0x00000000000087a8                _mipi_dbi_driver_api_list_end = .

mipi_dsi_driver_api_area
                0x00000000000087a8        0x0
                0x00000000000087a8                _mipi_dsi_driver_api_list_start = .
 *(SORT_BY_NAME(SORT_BY_ALIGNMENT(._mipi_dsi_driver_api.static.*)))
                0x00000000000087a8                _mipi_dsi_driver_api_list_end = .

mspi_driver_api_area
                0x00000000000087a8        0x0
                0x00000000000087a8                _mspi_driver_api_list_start = .
 *(SORT_BY_NAME(SORT_BY_ALIGNMENT(._mspi_driver_api.static.*)))
                0x00000000000087a8                _mspi_driver_api_list_end = .

opamp_driver_api_area
                0x00000000000087a8        0x0
                0x00000000000087a8                _opamp_driver_api_list_start = .
 *(SORT_BY_NAME(SORT_BY_ALIGNMENT(._opamp_driver_api.static.*)))
                0x00000000000087a8                _opamp_driver_api_list_end = .

otp_driver_api_area
                0x00000000000087a8        0x0
                0x00000000000087a8                _otp_driver_api_list_start = .
 *(SORT_BY_NAME(SORT_BY_ALIGNMENT(._otp_driver_api.static.*)))
                0x00000000000087a8                _otp_driver_api_list_end = .

peci_driver_api_area
                0x00000000000087a8        0x0
                0x00000000000087a8                _peci_driver_api_list_start = .
 *(SORT_BY_NAME(SORT_BY_ALIGNMENT(._peci_driver_api.static.*)))
                0x00000000000087a8                _peci_driver_api_list_end = .

ps2_driver_api_area
                0x00000000000087a8        0x0
                0x00000000000087a8                _ps2_driver_api_list_start = .
 *(SORT_BY_NAME(SORT_BY_ALIGNMENT(._ps2_driver_api.static.*)))
                0x00000000000087a8                _ps2_driver_api_list_end = .

ptp_clock_driver_api_area
                0x00000000000087a8        0x0
                0x00000000000087a8                _ptp_clock_driver_api_list_start = .
 *(SORT_BY_NAME(SORT_BY_ALIGNMENT(._ptp_clock_driver_api.static.*)))
                0x00000000000087a8                _ptp_clock_driver_api_list_end = .

pwm_driver_api_area
                0x00000000000087a8        0x0
                0x00000000000087a8                _pwm_driver_api_list_start = .
 *(SORT_BY_NAME(SORT_BY_ALIGNMENT(._pwm_driver_api.static.*)))
                0x00000000000087a8                _pwm_driver_api_list_end = .

regulator_parent_driver_api_area
                0x00000000000087a8        0x0
                0x00000000000087a8                _regulator_parent_driver_api_list_start = .
 *(SORT_BY_NAME(SORT_BY_ALIGNMENT(._regulator_parent_driver_api.static.*)))
                0x00000000000087a8                _regulator_parent_driver_api_list_end = .

regulator_driver_api_area
                0x00000000000087a8        0x0
                0x00000000000087a8                _regulator_driver_api_list_start = .
 *(SORT_BY_NAME(SORT_BY_ALIGNMENT(._regulator_driver_api.static.*)))
                0x00000000000087a8                _regulator_driver_api_list_end = .

reset_driver_api_area
                0x00000000000087a8        0x0
                0x00000000000087a8                _reset_driver_api_list_start = .
 *(SORT_BY_NAME(SORT_BY_ALIGNMENT(._reset_driver_api.static.*)))
                0x00000000000087a8                _reset_driver_api_list_end = .

retained_mem_driver_api_area
                0x00000000000087a8        0x0
                0x00000000000087a8                _retained_mem_driver_api_list_start = .
 *(SORT_BY_NAME(SORT_BY_ALIGNMENT(._retained_mem_driver_api.static.*)))
                0x00000000000087a8                _retained_mem_driver_api_list_end = .

rtc_driver_api_area
                0x00000000000087a8        0x0
                0x00000000000087a8                _rtc_driver_api_list_start = .
 *(SORT_BY_NAME(SORT_BY_ALIGNMENT(._rtc_driver_api.static.*)))
                0x00000000000087a8                _rtc_driver_api_list_end = .

sdhc_driver_api_area
                0x00000000000087a8        0x0
                0x00000000000087a8                _sdhc_driver_api_list_start = .
 *(SORT_BY_NAME(SORT_BY_ALIGNMENT(._sdhc_driver_api.static.*)))
                0x00000000000087a8                _sdhc_driver_api_list_end = .

sensor_driver_api_area
                0x00000000000087a8        0x0
                0x00000000000087a8                _sensor_driver_api_list_start = .
 *(SORT_BY_NAME(SORT_BY_ALIGNMENT(._sensor_driver_api.static.*)))
                0x00000000000087a8                _sensor_driver_api_list_end = .

smbus_driver_api_area
                0x00000000000087a8        0x0
                0x00000000000087a8                _smbus_driver_api_list_start = .
 *(SORT_BY_NAME(SORT_BY_ALIGNMENT(._smbus_driver_api.static.*)))
                0x00000000000087a8                _smbus_driver_api_list_end = .

spi_driver_api_area
                0x00000000000087a8        0x0
                0x00000000000087a8                _spi_driver_api_list_start = .
 *(SORT_BY_NAME(SORT_BY_ALIGNMENT(._spi_driver_api.static.*)))
                0x00000000000087a8                _spi_driver_api_list_end = .

stepper_driver_api_area
                0x00000000000087a8        0x0
                0x00000000000087a8                _stepper_driver_api_list_start = .
 *(SORT_BY_NAME(SORT_BY_ALIGNMENT(._stepper_driver_api.static.*)))
                0x00000000000087a8                _stepper_driver_api_list_end = .

stepper_drv_driver_api_area
                0x00000000000087a8        0x0
                0x00000000000087a8                _stepper_drv_driver_api_list_start = .
 *(SORT_BY_NAME(SORT_BY_ALIGNMENT(._stepper_drv_driver_api.static.*)))
                0x00000000000087a8                _stepper_drv_driver_api_list_end = .

syscon_driver_api_area
                0x00000000000087a8        0x0
                0x00000000000087a8                _syscon_driver_api_list_start = .
 *(SORT_BY_NAME(SORT_BY_ALIGNMENT(._syscon_driver_api.static.*)))
                0x00000000000087a8                _syscon_driver_api_list_end = .

tee_driver_api_area
                0x00000000000087a8        0x0
                0x00000000000087a8                _tee_driver_api_list_start = .
 *(SORT_BY_NAME(SORT_BY_ALIGNMENT(._tee_driver_api.static.*)))
                0x00000000000087a8                _tee_driver_api_list_end = .

video_driver_api_area
                0x00000000000087a8        0x0
                0x00000000000087a8                _video_driver_api_list_start = .
 *(SORT_BY_NAME(SORT_BY_ALIGNMENT(._video_driver_api.static.*)))
                0x00000000000087a8                _video_driver_api_list_end = .

virtio_driver_api_area
                0x00000000000087a8        0x0
                0x00000000000087a8                _virtio_driver_api_list_start = .
 *(SORT_BY_NAME(SORT_BY_ALIGNMENT(._virtio_driver_api.static.*)))
                0x00000000000087a8                _virtio_driver_api_list_end = .

w1_driver_api_area
                0x00000000000087a8        0x0
                0x00000000000087a8                _w1_driver_api_list_start = .
 *(SORT_BY_NAME(SORT_BY_ALIGNMENT(._w1_driver_api.static.*)))
                0x00000000000087a8                _w1_driver_api_list_end = .

wdt_driver_api_area
                0x00000000000087a8        0x0
                0x00000000000087a8                _wdt_driver_api_list_start = .
 *(SORT_BY_NAME(SORT_BY_ALIGNMENT(._wdt_driver_api.static.*)))
                0x00000000000087a8                _wdt_driver_api_list_end = .

can_transceiver_driver_api_area
                0x00000000000087a8        0x0
                0x00000000000087a8                _can_transceiver_driver_api_list_start = .
 *(SORT_BY_NAME(SORT_BY_ALIGNMENT(._can_transceiver_driver_api.static.*)))
                0x00000000000087a8                _can_transceiver_driver_api_list_end = .

nrf_clock_control_driver_api_area
                0x00000000000087a8        0x0
                0x00000000000087a8                _nrf_clock_control_driver_api_list_start = .
 *(SORT_BY_NAME(SORT_BY_ALIGNMENT(._nrf_clock_control_driver_api.static.*)))
                0x00000000000087a8                _nrf_clock_control_driver_api_list_end = .

i3c_target_driver_api_area
                0x00000000000087a8        0x0
                0x00000000000087a8                _i3c_target_driver_api_list_start = .
 *(SORT_BY_NAME(SORT_BY_ALIGNMENT(._i3c_target_driver_api.static.*)))
                0x00000000000087a8                _i3c_target_driver_api_list_end = .

its_driver_api_area
                0x00000000000087a8        0x0
                0x00000000000087a8                _its_driver_api_list_start = .
 *(SORT_BY_NAME(SORT_BY_ALIGNMENT(._its_driver_api.static.*)))
                0x00000000000087a8                _its_driver_api_list_end = .

vtd_driver_api_area
                0x00000000000087a8        0x0
                0x00000000000087a8                _vtd_driver_api_list_start = .
 *(SORT_BY_NAME(SORT_BY_ALIGNMENT(._vtd_driver_api.static.*)))
                0x00000000000087a8                _vtd_driver_api_list_end = .

renesas_elc_driver_api_area
                0x00000000000087a8        0x0
                0x00000000000087a8                _renesas_elc_driver_api_list_start = .
 *(SORT_BY_NAME(SORT_BY_ALIGNMENT(._renesas_elc_driver_api.static.*)))
                0x00000000000087a8                _renesas_elc_driver_api_list_end = .

tgpio_driver_api_area
                0x00000000000087a8        0x0
                0x00000000000087a8                _tgpio_driver_api_list_start = .
 *(SORT_BY_NAME(SORT_BY_ALIGNMENT(._tgpio_driver_api.static.*)))
                0x00000000000087a8                _tgpio_driver_api_list_end = .

pcie_ctrl_driver_api_area
                0x00000000000087a8        0x0
                0x00000000000087a8                _pcie_ctrl_driver_api_list_start = .
 *(SORT_BY_NAME(SORT_BY_ALIGNMENT(._pcie_ctrl_driver_api.static.*)))
                0x00000000000087a8                _pcie_ctrl_driver_api_list_end = .

pcie_ep_driver_api_area
                0x00000000000087a8        0x0
                0x00000000000087a8                _pcie_ep_driver_api_list_start = .
 *(SORT_BY_NAME(SORT_BY_ALIGNMENT(._pcie_ep_driver_api.static.*)))
                0x00000000000087a8                _pcie_ep_driver_api_list_end = .

psi5_driver_api_area
                0x00000000000087a8        0x0
                0x00000000000087a8                _psi5_driver_api_list_start = .
 *(SORT_BY_NAME(SORT_BY_ALIGNMENT(._psi5_driver_api.static.*)))
                0x00000000000087a8                _psi5_driver_api_list_end = .

sent_driver_api_area