Archive member included to satisfy reference by file (symbol)

app/libapp.a(kvb_default_tests.c.obj)
                              (--whole-archive)
app/libapp.a(kvb_log.c.obj)   (--whole-archive)
app/libapp.a(kvb_platform_default.c.obj)
                              (--whole-archive)
app/libapp.a(kvb_registry.c.obj)
                              (--whole-archive)
app/libapp.a(kvb_result.c.obj)
                              (--whole-archive)
app/libapp.a(kvb_runner.c.obj)
                              (--whole-archive)
app/libapp.a(kvb_test_sched.c.obj)
                              (--whole-archive)
app/libapp.a(kvb_test_sync.c.obj)
                              (--whole-archive)
app/libapp.a(kvb_test_ipc.c.obj)
                              (--whole-archive)
app/libapp.a(kvb_test_time.c.obj)
                              (--whole-archive)
app/libapp.a(kvb_port_zephyr.c.obj)
                              (--whole-archive)
app/libapp.a(kvb_platform_nrf54l15dk.c.obj)
                              (--whole-archive)
app/libapp.a(main.c.obj)      (--whole-archive)
zephyr/libzephyr.a(validate_libc.c.obj)
                              (--whole-archive)
zephyr/libzephyr.a(heap.c.obj)
                              (--whole-archive)
zephyr/libzephyr.a(cbprintf_packaged.c.obj)
                              (--whole-archive)
zephyr/libzephyr.a(clock.c.obj)
                              (--whole-archive)
zephyr/libzephyr.a(printk.c.obj)
                              (--whole-archive)
zephyr/libzephyr.a(sem.c.obj)
                              (--whole-archive)
zephyr/libzephyr.a(thread_entry.c.obj)
                              (--whole-archive)
zephyr/libzephyr.a(cbprintf_complete.c.obj)
                              (--whole-archive)
zephyr/libzephyr.a(cbprintf.c.obj)
                              (--whole-archive)
zephyr/libzephyr.a(assert.c.obj)
                              (--whole-archive)
zephyr/libzephyr.a(dec.c.obj)
                              (--whole-archive)
zephyr/libzephyr.a(hex.c.obj)
                              (--whole-archive)
zephyr/libzephyr.a(rb.c.obj)  (--whole-archive)
zephyr/libzephyr.a(timeutil.c.obj)
                              (--whole-archive)
zephyr/libzephyr.a(bitarray.c.obj)
                              (--whole-archive)
zephyr/libzephyr.a(bitmask.c.obj)
                              (--whole-archive)
zephyr/libzephyr.a(getopt.c.obj)
                              (--whole-archive)
zephyr/libzephyr.a(getopt_common.c.obj)
                              (--whole-archive)
zephyr/libzephyr.a(onoff.c.obj)
                              (--whole-archive)
zephyr/libzephyr.a(notify.c.obj)
                              (--whole-archive)
zephyr/libzephyr.a(ring_buffer.c.obj)
                              (--whole-archive)
zephyr/libzephyr.a(last_section_id.c.obj)
                              (--whole-archive)
zephyr/libzephyr.a(configs.c.obj)
                              (--whole-archive)
zephyr/libzephyr.a(mem_attr.c.obj)
                              (--whole-archive)
zephyr/libzephyr.a(tracing_none.c.obj)
                              (--whole-archive)
zephyr/libzephyr.a(banner.c.obj)
                              (--whole-archive)
zephyr/libzephyr.a(flash_map_partition_manager.c.obj)
                              (--whole-archive)
zephyr/arch/common/libarch__common.a(sw_isr_common.c.obj)
                              (--whole-archive)
zephyr/arch/common/libarch__common.a(init.c.obj)
                              (--whole-archive)
zephyr/arch/common/libarch__common.a(xip.c.obj)
                              (--whole-archive)
zephyr/arch/arch/arm/core/libarch__arm__core.a(fatal.c.obj)
                              (--whole-archive)
zephyr/arch/arch/arm/core/libarch__arm__core.a(nmi.c.obj)
                              (--whole-archive)
zephyr/arch/arch/arm/core/libarch__arm__core.a(nmi_on_reset.S.obj)
                              (--whole-archive)
zephyr/arch/arch/arm/core/cortex_m/libarch__arm__core__cortex_m.a(exc_exit.c.obj)
                              (--whole-archive)
zephyr/arch/arch/arm/core/cortex_m/libarch__arm__core__cortex_m.a(fault.c.obj)
                              (--whole-archive)
zephyr/arch/arch/arm/core/cortex_m/libarch__arm__core__cortex_m.a(fault_s.S.obj)
                              (--whole-archive)
zephyr/arch/arch/arm/core/cortex_m/libarch__arm__core__cortex_m.a(fpu.c.obj)
                              (--whole-archive)
zephyr/arch/arch/arm/core/cortex_m/libarch__arm__core__cortex_m.a(reset.S.obj)
                              (--whole-archive)
zephyr/arch/arch/arm/core/cortex_m/libarch__arm__core__cortex_m.a(scb.c.obj)
                              (--whole-archive)
zephyr/arch/arch/arm/core/cortex_m/libarch__arm__core__cortex_m.a(thread_abort.c.obj)
                              (--whole-archive)
zephyr/arch/arch/arm/core/cortex_m/libarch__arm__core__cortex_m.a(vector_table.S.obj)
                              (--whole-archive)
[...]
Memory Configuration

Name             Origin             Length             Attributes
FLASH            0x0000000000000000 0x0000000000165000 xr
RAM              0x0000000020000000 0x000000000002f000 xw
IDT_LIST         0x00000000ffff7fff 0x0000000000008000 xw
*default*        0x0000000000000000 0xffffffffffffffff

Linker script and memory map

LOAD zephyr/CMakeFiles/zephyr_pre0.dir/misc/empty_file.c.obj
LOAD zephyr/CMakeFiles/offsets.dir/./arch/arm/core/offsets/offsets.c.obj
LOAD app/libapp.a
LOAD zephyr/libzephyr.a
LOAD zephyr/arch/common/libarch__common.a
LOAD zephyr/arch/arch/arm/core/libarch__arm__core.a
LOAD zephyr/arch/arch/arm/core/cortex_m/libarch__arm__core__cortex_m.a
LOAD zephyr/arch/arch/arm/core/cortex_m/cmse/libarch__arm__core__cortex_m__cmse.a
LOAD zephyr/arch/arch/arm/core/mpu/libarch__arm__core__mpu.a
LOAD zephyr/lib/libc/newlib/liblib__libc__newlib.a
LOAD zephyr/lib/libc/common/liblib__libc__common.a
LOAD zephyr/lib/posix/c_lib_ext/liblib__posix__c_lib_ext.a
LOAD zephyr/soc/soc/nrf54l15/libsoc__nordic.a
LOAD zephyr/drivers/cache/libdrivers__cache.a
LOAD zephyr/drivers/clock_control/libdrivers__clock_control.a
LOAD zephyr/drivers/console/libdrivers__console.a
LOAD zephyr/drivers/gpio/libdrivers__gpio.a
LOAD zephyr/drivers/pinctrl/libdrivers__pinctrl.a
LOAD zephyr/drivers/serial/libdrivers__serial.a
LOAD zephyr/drivers/timer/libdrivers__timer.a
LOAD modules/nrf/subsys/nrf_security/src/zephyr/libmbedtls_zephyr.a
LOAD modules/hal_nordic/modules/hal_nordic/nrfx/libnrfx.a
LOAD zephyr/kernel/libkernel.a
LOAD modules/nrf/subsys/nrf_security/src/libmbedcrypto.a
LOAD modules/nrf/subsys/nrf_security/src/core/nrf_oberon/libpsa_core.a
LOAD modules/nrf/subsys/nrf_security/src/drivers/cracen/libcracen_psa_driver.a
LOAD modules/nrf/subsys/nrf_security/src/libmbedcrypto_base.a
LOAD modules/nrf/subsys/nrf_security/src/libnrf_security_utils.a
LOAD zephyr/kernel/libkernel.a
LOAD /opt/nordic/ncs/toolchains/0c0f19d91c/opt/zephyr-sdk/arm-zephyr-eabi/arm-zephyr-eabi/lib/thumb/v8-m.main/nofp/libc_nano.a
LOAD zephyr/arch/common/libisr_tables.a
LOAD /opt/nordic/ncs/toolchains/0c0f19d91c/opt/zephyr-sdk/arm-zephyr-eabi/arm-zephyr-eabi/lib/thumb/v8-m.main/nofp/libm_nano.a
LOAD /opt/nordic/ncs/toolchains/0c0f19d91c/opt/zephyr-sdk/arm-zephyr-eabi/arm-zephyr-eabi/lib/thumb/v8-m.main/nofp/libc_nano.a
LOAD /opt/nordic/ncs/toolchains/0c0f19d91c/opt/zephyr-sdk/arm-zephyr-eabi/bin/../lib/gcc/arm-zephyr-eabi/12.2.0/thumb/v8-m.main/nofp/libgcc.a
LOAD /opt/nordic/ncs/toolchains/0c0f19d91c/opt/zephyr-sdk/arm-zephyr-eabi/arm-zephyr-eabi/lib/thumb/v8-m.main/nofp/libc_nano.a
                0x0000000000000020                _region_min_align = 0x20

.rel.plt        0x0000000000000000        0x0
 *(SORT_BY_ALIGNMENT(.rel.plt))
                [!provide]                        PROVIDE (__rel_iplt_start = .)
 *(SORT_BY_ALIGNMENT(.rel.iplt))
 .rel.iplt      0x0000000000000000        0x0 app/libapp.a(kvb_default_tests.c.obj)
                [!provide]                        PROVIDE (__rel_iplt_end = .)

.rela.plt       0x0000000000000000        0x0
 *(SORT_BY_ALIGNMENT(.rela.plt))
                [!provide]                        PROVIDE (__rela_iplt_start = .)
 *(SORT_BY_ALIGNMENT(.rela.iplt))
                [!provide]                        PROVIDE (__rela_iplt_end = .)

.rel.dyn
 *(SORT_BY_ALIGNMENT(.rel.*))

.rela.dyn
 *(SORT_BY_ALIGNMENT(.rela.*))

/DISCARD/
 *(SORT_BY_ALIGNMENT(.plt))

/DISCARD/
 *(SORT_BY_ALIGNMENT(.iplt))
                0x0000000000000000                __rom_region_start = 0x0

rom_start       0x0000000000000000      0x47c
                0x0000000000000000                __rom_start_address = .
 FILL mask 0x00
                0x0000000000000000                . = (. + (0x0 - (. - __rom_start_address)))
                0x0000000000000000                . = ALIGN (0x4)
                0x0000000000000000                . = ALIGN (0x80)
                0x0000000000000000                . = ALIGN (0x800)
                0x0000000000000000                _vector_start = .
 *(SORT_BY_ALIGNMENT(.exc_vector_table))
 *(SORT_BY_ALIGNMENT(.exc_vector_table.*))
 .exc_vector_table._vector_table_section
                0x0000000000000000       0x40 zephyr/arch/arch/arm/core/cortex_m/libarch__arm__core__cortex_m.a(vector_table.S.obj)
                0x0000000000000000                _vector_table
 *(SORT_BY_ALIGNMENT(.vectors))
                0x000000000000047c                _vector_end = .
                0x0000000000000040                . = ALIGN (0x4)
 *(SORT_BY_ALIGNMENT(.gnu.linkonce.irq_vector_table*))
 .gnu.linkonce.irq_vector_table
                0x0000000000000040      0x43c zephyr/arch/common/libisr_tables.a(isr_tables.c.obj)
                0x0000000000000040                _irq_vector_table
                0x000000000000047c                _vector_end = .

text            0x000000000000047c     0x9eb8
                0x000000000000047c                __text_region_start = .
 *(SORT_BY_ALIGNMENT(.text))
 .text          0x000000000000047c       0x30 /opt/nordic/ncs/toolchains/0c0f19d91c/opt/zephyr-sdk/arm-zephyr-eabi/bin/../lib/gcc/arm-zephyr-eabi/12.2.0/thumb/v8-m.main/nofp/libgcc.a(_aeabi_uldivmod.o)
                0x000000000000047c                __aeabi_uldivmod
 .text          0x00000000000004ac        0x4 /opt/nordic/ncs/toolchains/0c0f19d91c/opt/zephyr-sdk/arm-zephyr-eabi/bin/../lib/gcc/arm-zephyr-eabi/12.2.0/thumb/v8-m.main/nofp/libgcc.a(_dvmd_tls.o)
                0x00000000000004ac                __aeabi_ldiv0
                0x00000000000004ac                __aeabi_idiv0
 .text          0x00000000000004b0       0x10 /opt/nordic/ncs/toolchains/0c0f19d91c/opt/zephyr-sdk/arm-zephyr-eabi/arm-zephyr-eabi/lib/thumb/v8-m.main/nofp/libc_nano.a(lib_a-strlen.o)
                0x00000000000004b0                strlen
 .text          0x00000000000004c0      0x29c /opt/nordic/ncs/toolchains/0c0f19d91c/opt/zephyr-sdk/arm-zephyr-eabi/bin/../lib/gcc/arm-zephyr-eabi/12.2.0/thumb/v8-m.main/nofp/libgcc.a(_udivmoddi4.o)
                0x00000000000004c0                __udivmoddi4
 *(SORT_BY_ALIGNMENT(.text.*))
 .text.kvb_register_default_tests
                0x000000000000075c       0x54 app/libapp.a(kvb_default_tests.c.obj)
                0x000000000000075c                kvb_register_default_tests
 .text.kvb_log_line
                0x00000000000007b0       0x24 app/libapp.a(kvb_log.c.obj)
                0x00000000000007b0                kvb_log_line
 .text.kvb_logf
                0x00000000000007d4       0x48 app/libapp.a(kvb_log.c.obj)
                0x00000000000007d4                kvb_logf
 .text.kvb_platform_compiler_name
                0x000000000000081c        0x8 app/libapp.a(kvb_platform_default.c.obj)
                0x000000000000081c                kvb_platform_compiler_name
 .text.kvb_platform_compiler_version
                0x0000000000000824        0x8 app/libapp.a(kvb_platform_default.c.obj)
                0x0000000000000824                kvb_platform_compiler_version
 .text.kvb_register_test
                0x000000000000082c       0x24 app/libapp.a(kvb_registry.c.obj)
                0x000000000000082c                kvb_register_test
 .text.kvb_registered_test_count
                0x0000000000000850        0xc app/libapp.a(kvb_registry.c.obj)
                0x0000000000000850                kvb_registered_test_count
 .text.kvb_registered_test
                0x000000000000085c       0x1c app/libapp.a(kvb_registry.c.obj)
                0x000000000000085c                kvb_registered_test
 .text.kvb_result_state_name
                0x0000000000000878       0x18 app/libapp.a(kvb_result.c.obj)
                0x0000000000000878                kvb_result_state_name
 .text.kvb_result_init
                0x0000000000000890       0x28 app/libapp.a(kvb_runner.c.obj)
                0x0000000000000890                kvb_result_init
 .text.kvb_run_all_tests
                0x00000000000008b8      0x214 app/libapp.a(kvb_runner.c.obj)
                0x00000000000008b8                kvb_run_all_tests
 .text.kvb_run_sched_coop
                0x0000000000000acc      0x1c4 app/libapp.a(kvb_test_sched.c.obj)
 .text.kvb_run_sem_fast
                0x0000000000000c90       0xf0 app/libapp.a(kvb_test_sync.c.obj)
 .text.kvb_run_mutex_fast
                0x0000000000000d80       0xec app/libapp.a(kvb_test_sync.c.obj)
 .text.kvb_run_mutex_ownership
                0x0000000000000e6c      0x140 app/libapp.a(kvb_test_sync.c.obj)
 .text.kvb_run_queue_fast
                0x0000000000000fac      0x14c app/libapp.a(kvb_test_ipc.c.obj)
 .text.kvb_run_sleep_accuracy
                0x00000000000010f8       0xfc app/libapp.a(kvb_test_time.c.obj)
 .text.kvb_kernel_features
                0x00000000000011f4        0x8 app/libapp.a(kvb_port_zephyr.c.obj)
                0x00000000000011f4                kvb_kernel_features
 .text.kvb_kernel_start
                0x00000000000011fc       0x58 app/libapp.a(kvb_port_zephyr.c.obj)
                0x00000000000011fc                kvb_kernel_start
 .text.kvb_thread_create
                0x0000000000001254       0x60 app/libapp.a(kvb_port_zephyr.c.obj)
                0x0000000000001254                kvb_thread_create
 .text.kvb_zephyr_start_default
                0x00000000000012b4       0x18 app/libapp.a(kvb_port_zephyr.c.obj)
                0x00000000000012b4                kvb_zephyr_start_default
 .text.kvb_platform_cycle_frequency_hz
                0x00000000000012cc        0x8 app/libapp.a(kvb_platform_nrf54l15dk.c.obj)
                0x00000000000012cc                kvb_platform_cycle_frequency_hz
 .text.kvb_platform_log_write
                0x00000000000012d4       0x14 app/libapp.a(kvb_platform_nrf54l15dk.c.obj)
                0x00000000000012d4                kvb_platform_log_write
 .text.kvb_platform_board_name
                0x00000000000012e8        0x8 app/libapp.a(kvb_platform_nrf54l15dk.c.obj)
                0x00000000000012e8                kvb_platform_board_name
 .text.kvb_platform_cpu_name
                0x00000000000012f0        0x8 app/libapp.a(kvb_platform_nrf54l15dk.c.obj)
                0x00000000000012f0                kvb_platform_cpu_name
 .text.sys_heap_init
                0x00000000000012f8      0x13c zephyr/libzephyr.a(heap.c.obj)
                0x00000000000012f8                sys_heap_init
 .text.char_out
                0x0000000000001434        0xc zephyr/libzephyr.a(printk.c.obj)
 .text.__printk_hook_install
                0x0000000000001440        0xc zephyr/libzephyr.a(printk.c.obj)
                0x0000000000001440                __printk_hook_install
 .text.vprintk  0x000000000000144c       0x1c zephyr/libzephyr.a(printk.c.obj)
                0x000000000000144c                vprintk
 .text.z_thread_entry
                0x0000000000001468       0x4c zephyr/libzephyr.a(thread_entry.c.obj)
                0x0000000000001468                z_thread_entry
 .text.extract_decimal
                0x00000000000014b4       0x2c zephyr/libzephyr.a(cbprintf_complete.c.obj)
 .text.encode_uint
                0x00000000000014e0       0x9c zephyr/libzephyr.a(cbprintf_complete.c.obj)
 .text.z_cbvprintf_impl
                0x000000000000157c      0x768 zephyr/libzephyr.a(cbprintf_complete.c.obj)
                0x000000000000157c                z_cbvprintf_impl
 .text.process_event
                0x0000000000001ce4      0x3ac zephyr/libzephyr.a(onoff.c.obj)
 .text.transition_complete
                0x0000000000002090       0x64 zephyr/libzephyr.a(onoff.c.obj)
 .text.onoff_request
                0x00000000000020f4      0x130 zephyr/libzephyr.a(onoff.c.obj)
                0x00000000000020f4                onoff_request
 .text.sys_notify_finalize
                0x0000000000002224       0x40 zephyr/libzephyr.a(notify.c.obj)
                0x0000000000002224                sys_notify_finalize
 .text.mem_attr_get_regions
                0x0000000000002264        0xc zephyr/libzephyr.a(mem_attr.c.obj)
                0x0000000000002264                mem_attr_get_regions
 .text.ncs_boot_banner
                0x0000000000002270       0x1c zephyr/libzephyr.a(banner.c.obj)
 .text.arch_bss_zero
                0x000000000000228c       0x18 zephyr/arch/common/libarch__common.a(init.c.obj)
                0x000000000000228c                arch_bss_zero
 .text.arch_data_copy
                0x00000000000022a4       0x38 zephyr/arch/common/libarch__common.a(xip.c.obj)
                0x00000000000022a4                arch_data_copy
 .text.z_arm_fatal_error
                0x00000000000022dc       0x60 zephyr/arch/arch/arm/core/libarch__arm__core.a(fatal.c.obj)
                0x00000000000022dc                z_arm_fatal_error
 .text.z_SysNmiOnReset
                0x000000000000233c        0x8 zephyr/arch/arch/arm/core/libarch__arm__core.a(nmi_on_reset.S.obj)
                0x000000000000233c                z_SysNmiOnReset
 .text._HandlerModeExit
                0x0000000000002344       0x20 zephyr/arch/arch/arm/core/cortex_m/libarch__arm__core__cortex_m.a(exc_exit.c.obj)
                0x0000000000002344                z_arm_exc_exit
                0x0000000000002344                z_arm_int_exit
 .text.usage_fault.constprop.0
                0x0000000000002364       0xa8 zephyr/arch/arch/arm/core/cortex_m/libarch__arm__core__cortex_m.a(fault.c.obj)
 .text.bus_fault.constprop.0
                0x000000000000240c       0xb8 zephyr/arch/arch/arm/core/cortex_m/libarch__arm__core__cortex_m.a(fault.c.obj)
 .text.mem_manage_fault.constprop.0
                0x00000000000024c4       0xf4 zephyr/arch/arch/arm/core/cortex_m/libarch__arm__core__cortex_m.a(fault.c.obj)
 .text.z_arm_fault
                0x00000000000025b8      0x208 zephyr/arch/arch/arm/core/cortex_m/libarch__arm__core__cortex_m.a(fault.c.obj)
                0x00000000000025b8                z_arm_fault
 .text.z_arm_fault_init
                0x00000000000027c0       0x20 zephyr/arch/arch/arm/core/cortex_m/libarch__arm__core__cortex_m.a(fault.c.obj)
                0x00000000000027c0                z_arm_fault_init
 .text.__fault  0x00000000000027e0       0x14 zephyr/arch/arch/arm/core/cortex_m/libarch__arm__core__cortex_m.a(fault_s.S.obj)
                0x00000000000027e0                z_arm_bus_fault
                0x00000000000027e0                z_arm_usage_fault
                0x00000000000027e0                z_arm_mpu_fault
                0x00000000000027e0                z_arm_exc_spurious
                0x00000000000027e0                z_arm_debug_monitor
                0x00000000000027e0                z_arm_hard_fault
 .text._reset_section
                0x00000000000027f4       0x6c zephyr/arch/arch/arm/core/cortex_m/libarch__arm__core__cortex_m.a(reset.S.obj)
                0x00000000000027f4                z_arm_reset
                0x00000000000027f4                __start
 .text.z_arm_clear_arm_mpu_config
                0x0000000000002860       0x24 zephyr/arch/arch/arm/core/cortex_m/libarch__arm__core__cortex_m.a(scb.c.obj)
                0x0000000000002860                z_arm_clear_arm_mpu_config
 .text.z_arm_init_arch_hw_at_boot
                0x0000000000002884       0x4c zephyr/arch/arch/arm/core/cortex_m/libarch__arm__core__cortex_m.a(scb.c.obj)
                0x0000000000002884                z_arm_init_arch_hw_at_boot
 .text.z_impl_k_thread_abort
                0x00000000000028d0       0x2c zephyr/arch/arch/arm/core/cortex_m/libarch__arm__core__cortex_m.a(thread_abort.c.obj)
                0x00000000000028d0                z_impl_k_thread_abort
 .text.z_arm_pendsv
                0x00000000000028fc       0x5c zephyr/arch/arch/arm/core/cortex_m/libarch__arm__core__cortex_m.a(swap_helper.S.obj)
                0x00000000000028fc                z_arm_pendsv
 .text.z_arm_svc
                0x0000000000002958       0x24 zephyr/arch/arch/arm/core/cortex_m/libarch__arm__core__cortex_m.a(swap_helper.S.obj)
                0x0000000000002958                z_arm_svc
 .text.arm_irq_enable
                0x000000000000297c       0x1c zephyr/arch/arch/arm/core/cortex_m/libarch__arm__core__cortex_m.a(irq_manage.c.obj)
                0x000000000000297c                arm_irq_enable
 .text.arm_irq_disable
                0x0000000000002998       0x28 zephyr/arch/arch/arm/core/cortex_m/libarch__arm__core__cortex_m.a(irq_manage.c.obj)
                0x0000000000002998                arm_irq_disable
 .text.arm_irq_is_enabled
                0x00000000000029c0       0x1c zephyr/arch/arch/arm/core/cortex_m/libarch__arm__core__cortex_m.a(irq_manage.c.obj)
                0x00000000000029c0                arm_irq_is_enabled
 .text.arm_irq_priority_set
                0x00000000000029dc       0x64 zephyr/arch/arch/arm/core/cortex_m/libarch__arm__core__cortex_m.a(irq_manage.c.obj)
                0x00000000000029dc                arm_irq_priority_set
 .text.relocate_vector_table
                0x0000000000002a40       0x1c zephyr/arch/arch/arm/core/cortex_m/libarch__arm__core__cortex_m.a(prep_c.c.obj)
                0x0000000000002a40                relocate_vector_table
 .text.z_prep_c
                0x0000000000002a5c       0x28 zephyr/arch/arch/arm/core/cortex_m/libarch__arm__core__cortex_m.a(prep_c.c.obj)
                0x0000000000002a5c                z_prep_c
 .text.arch_new_thread
                0x0000000000002a84       0x38 zephyr/arch/arch/arm/core/cortex_m/libarch__arm__core__cortex_m.a(thread.c.obj)
                0x0000000000002a84                arch_new_thread
 .text.arch_switch_to_main_thread
                0x0000000000002abc       0x34 zephyr/arch/arch/arm/core/cortex_m/libarch__arm__core__cortex_m.a(thread.c.obj)
                0x0000000000002abc                arch_switch_to_main_thread
 .text.z_arm_cpu_idle_init
                0x0000000000002af0        0xc zephyr/arch/arch/arm/core/cortex_m/libarch__arm__core__cortex_m.a(cpu_idle.c.obj)
                0x0000000000002af0                z_arm_cpu_idle_init
 .text.z_arm_interrupt_init
                0x0000000000002afc       0x20 zephyr/arch/arch/arm/core/cortex_m/libarch__arm__core__cortex_m.a(irq_init.c.obj)
                0x0000000000002afc                z_arm_interrupt_init
 .text._isr_wrapper
                0x0000000000002b1c       0x24 zephyr/arch/arch/arm/core/cortex_m/libarch__arm__core__cortex_m.a(isr_wrapper.c.obj)
                0x0000000000002b1c                _isr_wrapper
 .text.z_arm_configure_static_mpu_regions
                0x0000000000002b40       0x38 zephyr/arch/arch/arm/core/mpu/libarch__arm__core__mpu.a(arm_core_mpu.c.obj)
                0x0000000000002b40                z_arm_configure_static_mpu_regions
 .text.region_init
                0x0000000000002b78       0x34 zephyr/arch/arch/arm/core/mpu/libarch__arm__core__mpu.a(arm_mpu.c.obj)
 .text.region_allocate_and_init
                0x0000000000002bac       0x24 zephyr/arch/arch/arm/core/mpu/libarch__arm__core__mpu.a(arm_mpu.c.obj)
 .text.mpu_configure_regions_and_partition.constprop.0
                0x0000000000002bd0      0x148 zephyr/arch/arch/arm/core/mpu/libarch__arm__core__mpu.a(arm_mpu.c.obj)
 .text.arm_core_mpu_enable
                0x0000000000002d18       0x18 zephyr/arch/arch/arm/core/mpu/libarch__arm__core__mpu.a(arm_mpu.c.obj)
                0x0000000000002d18                arm_core_mpu_enable
 .text.arm_core_mpu_disable
                0x0000000000002d30       0x14 zephyr/arch/arch/arm/core/mpu/libarch__arm__core__mpu.a(arm_mpu.c.obj)
                0x0000000000002d30                arm_core_mpu_disable
 .text.arm_core_mpu_configure_static_mpu_regions
                0x0000000000002d44       0x48 zephyr/arch/arch/arm/core/mpu/libarch__arm__core__mpu.a(arm_mpu.c.obj)
                0x0000000000002d44                arm_core_mpu_configure_static_mpu_regions
 .text.arm_core_mpu_mark_areas_for_dynamic_regions
                0x0000000000002d8c       0xe8 zephyr/arch/arch/arm/core/mpu/libarch__arm__core__mpu.a(arm_mpu.c.obj)
                0x0000000000002d8c                arm_core_mpu_mark_areas_for_dynamic_regions
 .text.z_arm_mpu_init
                0x0000000000002e74      0x1dc zephyr/arch/arch/arm/core/mpu/libarch__arm__core__mpu.a(arm_mpu.c.obj)
                0x0000000000002e74                z_arm_mpu_init
 .text.malloc_prepare
                0x0000000000003050       0x44 zephyr/lib/libc/newlib/liblib__libc__newlib.a(libc-hooks.c.obj)
 .text.__stdout_hook_install
                0x0000000000003094        0xc zephyr/lib/libc/newlib/liblib__libc__newlib.a(libc-hooks.c.obj)
                0x0000000000003094                __stdout_hook_install
 .text._sbrk    0x00000000000030a0       0x28 zephyr/lib/libc/newlib/liblib__libc__newlib.a(libc-hooks.c.obj)
                0x00000000000030a0                _sbrk
                0x00000000000030a0                sbrk
 .text.__retarget_lock_acquire_recursive
                0x00000000000030c8       0x38 zephyr/lib/libc/newlib/liblib__libc__newlib.a(libc-hooks.c.obj)
                0x00000000000030c8                __retarget_lock_acquire_recursive
 .text.__retarget_lock_release_recursive
                0x0000000000003100       0x30 zephyr/lib/libc/newlib/liblib__libc__newlib.a(libc-hooks.c.obj)
                0x0000000000003100                __retarget_lock_release_recursive
 .text.nordicsemi_nrf54l_init
                0x0000000000003130       0xa8 zephyr/soc/soc/nrf54l15/libsoc__nordic.a(soc.c.obj)
                0x0000000000003130                nordicsemi_nrf54l_init
 .text.arch_busy_wait
                0x00000000000031d8       0x24 zephyr/soc/soc/nrf54l15/libsoc__nordic.a(soc.c.obj)
                0x00000000000031d8                arch_busy_wait
 .text.cache_instr_enable
                0x00000000000031fc       0x10 zephyr/drivers/cache/libdrivers__cache.a(cache_nrf.c.obj)
                0x00000000000031fc                cache_instr_enable
 .text.onoff_start
                0x000000000000320c       0x3c zephyr/drivers/clock_control/libdrivers__clock_control.a(clock_control_nrf.c.obj)
 .text.generic_hfclk_stop
                0x0000000000003248       0x34 zephyr/drivers/clock_control/libdrivers__clock_control.a(clock_control_nrf.c.obj)
 .text.get_status
                0x000000000000327c       0x38 zephyr/drivers/clock_control/libdrivers__clock_control.a(clock_control_nrf.c.obj)
 .text.stop     0x00000000000032b4       0x7c zephyr/drivers/clock_control/libdrivers__clock_control.a(clock_control_nrf.c.obj)
 .text.onoff_stop
                0x0000000000003330       0x28 zephyr/drivers/clock_control/libdrivers__clock_control.a(clock_control_nrf.c.obj)
 .text.clk_init
                0x0000000000003358       0x58 zephyr/drivers/clock_control/libdrivers__clock_control.a(clock_control_nrf.c.obj)
 .text.api_blocking_start
                0x00000000000033b0       0x34 zephyr/drivers/clock_control/libdrivers__clock_control.a(clock_control_nrf.c.obj)
 .text.clkstarted_handle.constprop.0
                0x00000000000033e4       0x4c zephyr/drivers/clock_control/libdrivers__clock_control.a(clock_control_nrf.c.obj)
 .text.clock_event_handler
                0x0000000000003430       0x68 zephyr/drivers/clock_control/libdrivers__clock_control.a(clock_control_nrf.c.obj)
 .text.generic_hfclk_start
                0x0000000000003498       0x78 zephyr/drivers/clock_control/libdrivers__clock_control.a(clock_control_nrf.c.obj)
 .text.z_nrf_clock_control_lf_on
                0x0000000000003510      0x134 zephyr/drivers/clock_control/libdrivers__clock_control.a(clock_control_nrf.c.obj)
                0x0000000000003510                z_nrf_clock_control_lf_on
 .text.uart_console_init
                0x0000000000003644       0x28 zephyr/drivers/console/libdrivers__console.a(uart_console.c.obj)
 .text.console_out
                0x000000000000366c       0x28 zephyr/drivers/console/libdrivers__console.a(uart_console.c.obj)
 .text.gpio_nrfx_manage_callback
                0x0000000000003694       0xa0 zephyr/drivers/gpio/libdrivers__gpio.a(gpio_nrfx.c.obj)
 .text.nrf_gpio_pin_port_decode
                0x0000000000003734       0x54 zephyr/drivers/gpio/libdrivers__gpio.a(gpio_nrfx.c.obj)
 .text.gpio_nrfx_pin_interrupt_configure
                0x0000000000003788      0x10c zephyr/drivers/gpio/libdrivers__gpio.a(gpio_nrfx.c.obj)
 .text.gpio_nrfx_pin_configure
                0x0000000000003894      0x18c zephyr/drivers/gpio/libdrivers__gpio.a(gpio_nrfx.c.obj)
 .text.nrfx_gpio_handler
                0x0000000000003a20       0x84 zephyr/drivers/gpio/libdrivers__gpio.a(gpio_nrfx.c.obj)
 .text.gpio_nrfx_init
                0x0000000000003aa4       0x48 zephyr/drivers/gpio/libdrivers__gpio.a(gpio_nrfx.c.obj)
 .text.nrf_gpio_pin_port_decode
                0x0000000000003aec       0x54 zephyr/drivers/pinctrl/libdrivers__pinctrl.a(pinctrl_nrf.c.obj)
 .text.pinctrl_configure_pins
                0x0000000000003b40      0x184 zephyr/drivers/pinctrl/libdrivers__pinctrl.a(pinctrl_nrf.c.obj)
                0x0000000000003b40                pinctrl_configure_pins
 .text.uarte_nrfx_poll_out
                0x0000000000003cc4       0xb4 zephyr/drivers/serial/libdrivers__serial.a(uart_nrfx_uarte.c.obj)
 .text.sys_clock_timeout_handler
                0x0000000000003d78       0x58 zephyr/drivers/timer/libdrivers__timer.a(nrf_grtc_timer.c.obj)
 .text.sys_clock_driver_init
                0x0000000000003dd0       0x98 zephyr/drivers/timer/libdrivers__timer.a(nrf_grtc_timer.c.obj)
 .text.sys_clock_elapsed
                0x0000000000003e68       0x2c zephyr/drivers/timer/libdrivers__timer.a(nrf_grtc_timer.c.obj)
                0x0000000000003e68                sys_clock_elapsed
 .text.sys_clock_set_timeout
                0x0000000000003e94       0xa8 zephyr/drivers/timer/libdrivers__timer.a(nrf_grtc_timer.c.obj)
                0x0000000000003e94                sys_clock_set_timeout
 .text.nrf54l_errata_31
                0x0000000000003f3c       0x20 modules/hal_nordic/modules/hal_nordic/nrfx/libnrfx.a(system_nrf54l.c.obj)
 .text.nrf54l_handle_approtect_signal
                0x0000000000003f5c       0x34 modules/hal_nordic/modules/hal_nordic/nrfx/libnrfx.a(system_nrf54l.c.obj)
 .text.SystemInit
                0x0000000000003f90      0x134 modules/hal_nordic/modules/hal_nordic/nrfx/libnrfx.a(system_nrf54l.c.obj)
                0x0000000000003f90                SystemInit
 .text.xo_event_handler
                0x00000000000040c4        0xc modules/hal_nordic/modules/hal_nordic/nrfx/libnrfx.a(nrfx_clock.c.obj)
 .text.nrfx_clock_init
                0x00000000000040d0       0x40 modules/hal_nordic/modules/hal_nordic/nrfx/libnrfx.a(nrfx_clock.c.obj)
                0x00000000000040d0                nrfx_clock_init
 .text.nrfx_clock_enable
                0x0000000000004110       0x48 modules/hal_nordic/modules/hal_nordic/nrfx/libnrfx.a(nrfx_clock.c.obj)
                0x0000000000004110                nrfx_clock_enable
 .text.nrfx_clock_start
                0x0000000000004158       0x60 modules/hal_nordic/modules/hal_nordic/nrfx/libnrfx.a(nrfx_clock.c.obj)
                0x0000000000004158                nrfx_clock_start
 .text.nrfx_clock_stop
                0x00000000000041b8       0x60 modules/hal_nordic/modules/hal_nordic/nrfx/libnrfx.a(nrfx_clock.c.obj)
                0x00000000000041b8                nrfx_clock_stop
 .text.clock_stop
                0x0000000000004218       0x34 modules/hal_nordic/modules/hal_nordic/nrfx/libnrfx.a(nrfx_clock_lfclk.c.obj)
 .text.nrfx_clock_lfclk_init
                0x000000000000424c       0x24 modules/hal_nordic/modules/hal_nordic/nrfx/libnrfx.a(nrfx_clock_lfclk.c.obj)
                0x000000000000424c                nrfx_clock_lfclk_init
 .text.nrfx_clock_lfclk_start
                0x0000000000004270       0xa0 modules/hal_nordic/modules/hal_nordic/nrfx/libnrfx.a(nrfx_clock_lfclk.c.obj)
                0x0000000000004270                nrfx_clock_lfclk_start
 .text.nrfx_clock_lfclk_stop
                0x0000000000004310       0x38 modules/hal_nordic/modules/hal_nordic/nrfx/libnrfx.a(nrfx_clock_lfclk.c.obj)
                0x0000000000004310                nrfx_clock_lfclk_stop
 .text.nrfx_clock_lfclk_irq_handler
                0x0000000000004348       0x94 modules/hal_nordic/modules/hal_nordic/nrfx/libnrfx.a(nrfx_clock_lfclk.c.obj)
                0x0000000000004348                nrfx_clock_lfclk_irq_handler
 .text.clock_stop
                0x00000000000043dc       0x54 modules/hal_nordic/modules/hal_nordic/nrfx/libnrfx.a(nrfx_clock_xo.c.obj)
 .text.nrfx_clock_xo_init
                0x0000000000004430       0x1c modules/hal_nordic/modules/hal_nordic/nrfx/libnrfx.a(nrfx_clock_xo.c.obj)
                0x0000000000004430                nrfx_clock_xo_init
 .text.nrfx_clock_xo_start
                0x000000000000444c       0x8c modules/hal_nordic/modules/hal_nordic/nrfx/libnrfx.a(nrfx_clock_xo.c.obj)
                0x000000000000444c                nrfx_clock_xo_start
 .text.nrfx_clock_xo_stop
                0x00000000000044d8       0x34 modules/hal_nordic/modules/hal_nordic/nrfx/libnrfx.a(nrfx_clock_xo.c.obj)
                0x00000000000044d8                nrfx_clock_xo_stop
 .text.nrfx_clock_xo_irq_handler
                0x000000000000450c       0xa0 modules/hal_nordic/modules/hal_nordic/nrfx/libnrfx.a(nrfx_clock_xo.c.obj)
                0x000000000000450c                nrfx_clock_xo_irq_handler
 .text.nrf_gpio_pin_present_check
                0x00000000000045ac       0x28 modules/hal_nordic/modules/hal_nordic/nrfx/libnrfx.a(nrfx_gpiote.c.obj)
 .text.get_pin_idx
                0x00000000000045d4       0x14 modules/hal_nordic/modules/hal_nordic/nrfx/libnrfx.a(nrfx_gpiote.c.obj)
 .text.release_handler
                0x00000000000045e8       0x78 modules/hal_nordic/modules/hal_nordic/nrfx/libnrfx.a(nrfx_gpiote.c.obj)
 .text.nrf_gpio_pin_port_decode
                0x0000000000004660       0x64 modules/hal_nordic/modules/hal_nordic/nrfx/libnrfx.a(nrfx_gpiote.c.obj)
 .text.nrf_gpiote_in_event_get
                0x00000000000046c4       0x34 modules/hal_nordic/modules/hal_nordic/nrfx/libnrfx.a(nrfx_gpiote.c.obj)
 .text.latch_pending_read_and_check
                0x00000000000046f8       0x58 modules/hal_nordic/modules/hal_nordic/nrfx/libnrfx.a(nrfx_gpiote.c.obj)
 .text.pin_uninit
                0x0000000000004750       0x7c modules/hal_nordic/modules/hal_nordic/nrfx/libnrfx.a(nrfx_gpiote.c.obj)
 .text.nrfx_gpiote_input_configure
                0x00000000000047cc      0x190 modules/hal_nordic/modules/hal_nordic/nrfx/libnrfx.a(nrfx_gpiote.c.obj)
                0x00000000000047cc                nrfx_gpiote_input_configure
 .text.nrfx_gpiote_output_configure
                0x000000000000495c      0x114 modules/hal_nordic/modules/hal_nordic/nrfx/libnrfx.a(nrfx_gpiote.c.obj)
                0x000000000000495c                nrfx_gpiote_output_configure
 .text.nrfx_gpiote_global_callback_set
                0x0000000000004a70       0x30 modules/hal_nordic/modules/hal_nordic/nrfx/libnrfx.a(nrfx_gpiote.c.obj)
                0x0000000000004a70                nrfx_gpiote_global_callback_set
 .text.nrfx_gpiote_channel_get
                0x0000000000004aa0       0x68 modules/hal_nordic/modules/hal_nordic/nrfx/libnrfx.a(nrfx_gpiote.c.obj)
                0x0000000000004aa0                nrfx_gpiote_channel_get
 .text.nrfx_gpiote_init
                0x0000000000004b08       0xa0 modules/hal_nordic/modules/hal_nordic/nrfx/libnrfx.a(nrfx_gpiote.c.obj)
                0x0000000000004b08                nrfx_gpiote_init
 .text.nrfx_gpiote_init_check
                0x0000000000004ba8       0x34 modules/hal_nordic/modules/hal_nordic/nrfx/libnrfx.a(nrfx_gpiote.c.obj)
                0x0000000000004ba8                nrfx_gpiote_init_check
 .text.nrfx_gpiote_pin_uninit
                0x0000000000004bdc       0x30 modules/hal_nordic/modules/hal_nordic/nrfx/libnrfx.a(nrfx_gpiote.c.obj)
                0x0000000000004bdc                nrfx_gpiote_pin_uninit
 .text.nrfx_gpiote_channel_free
                0x0000000000004c0c       0x40 modules/hal_nordic/modules/hal_nordic/nrfx/libnrfx.a(nrfx_gpiote.c.obj)
                0x0000000000004c0c                nrfx_gpiote_channel_free
 .text.nrfx_gpiote_channel_alloc
                0x0000000000004c4c       0x48 modules/hal_nordic/modules/hal_nordic/nrfx/libnrfx.a(nrfx_gpiote.c.obj)
                0x0000000000004c4c                nrfx_gpiote_channel_alloc
 .text.nrfx_gpiote_trigger_enable
                0x0000000000004c94      0x104 modules/hal_nordic/modules/hal_nordic/nrfx/libnrfx.a(nrfx_gpiote.c.obj)
                0x0000000000004c94                nrfx_gpiote_trigger_enable
 .text.nrfx_gpiote_trigger_disable
                0x0000000000004d98       0x30 modules/hal_nordic/modules/hal_nordic/nrfx/libnrfx.a(nrfx_gpiote.c.obj)
                0x0000000000004d98                nrfx_gpiote_trigger_disable
 .text.nrfx_gpiote_irq_handler
                0x0000000000004dc8      0x1fc modules/hal_nordic/modules/hal_nordic/nrfx/libnrfx.a(nrfx_gpiote.c.obj)
                0x0000000000004dc8                nrfx_gpiote_irq_handler
 .text.channel_used_mark
                0x0000000000004fc4       0x14 modules/hal_nordic/modules/hal_nordic/nrfx/libnrfx.a(nrfx_grtc.c.obj)
 .text.channel_allocate
                0x0000000000004fd8       0x48 modules/hal_nordic/modules/hal_nordic/nrfx/libnrfx.a(nrfx_grtc.c.obj)
 .text.sleep_configure
                0x0000000000005020       0x6c modules/hal_nordic/modules/hal_nordic/nrfx/libnrfx.a(nrfx_grtc.c.obj)
 .text.nrf_grtc_sys_counter_cc_add_set.constprop.0
                0x000000000000508c       0x44 modules/hal_nordic/modules/hal_nordic/nrfx/libnrfx.a(nrfx_grtc.c.obj)
 .text.nrf_grtc_sys_counter_cc_get.constprop.0
                0x00000000000050d0       0x40 modules/hal_nordic/modules/hal_nordic/nrfx/libnrfx.a(nrfx_grtc.c.obj)
 .text.nrf_grtc_sys_counter_cc_set.constprop.0
                0x0000000000005110       0x5c modules/hal_nordic/modules/hal_nordic/nrfx/libnrfx.a(nrfx_grtc.c.obj)
 .text.syscounter_check
                0x000000000000516c       0x2c modules/hal_nordic/modules/hal_nordic/nrfx/libnrfx.a(nrfx_grtc.c.obj)
 .text.nrfx_grtc_syscounter_get
                0x0000000000005198       0x50 modules/hal_nordic/modules/hal_nordic/nrfx/libnrfx.a(nrfx_grtc.c.obj)
                0x0000000000005198                nrfx_grtc_syscounter_get
 .text.nrfx_grtc_channel_callback_set
                0x00000000000051e8       0x2c modules/hal_nordic/modules/hal_nordic/nrfx/libnrfx.a(nrfx_grtc.c.obj)
                0x00000000000051e8                nrfx_grtc_channel_callback_set
 .text.nrfx_grtc_init
                0x0000000000005214      0x160 modules/hal_nordic/modules/hal_nordic/nrfx/libnrfx.a(nrfx_grtc.c.obj)
                0x0000000000005214                nrfx_grtc_init
 .text.nrfx_grtc_syscounter_start
                0x0000000000005374       0xd4 modules/hal_nordic/modules/hal_nordic/nrfx/libnrfx.a(nrfx_grtc.c.obj)
                0x0000000000005374                nrfx_grtc_syscounter_start
 .text.nrfx_grtc_syscounter_cc_abs_set
                0x0000000000005448       0x80 modules/hal_nordic/modules/hal_nordic/nrfx/libnrfx.a(nrfx_grtc.c.obj)
                0x0000000000005448                nrfx_grtc_syscounter_cc_abs_set
 .text.nrfx_grtc_syscounter_cc_rel_set
                0x00000000000054c8       0x60 modules/hal_nordic/modules/hal_nordic/nrfx/libnrfx.a(nrfx_grtc.c.obj)
                0x00000000000054c8                nrfx_grtc_syscounter_cc_rel_set
 .text.nrfx_grtc_irq_handler
                0x0000000000005528       0xd0 modules/hal_nordic/modules/hal_nordic/nrfx/libnrfx.a(nrfx_grtc.c.obj)
                0x0000000000005528                nrfx_grtc_irq_handler
 .text.nrf_rramc_config_set.part.0
                0x00000000000055f8       0x28 modules/hal_nordic/modules/hal_nordic/nrfx/libnrfx.a(nrfx_rramc.c.obj)
 .text.__nrfy_internal_rramc_config_set.constprop.0.isra.0
                0x0000000000005620       0x24 modules/hal_nordic/modules/hal_nordic/nrfx/libnrfx.a(nrfx_rramc.c.obj)
 .text.do_device_init
                0x0000000000005644       0x60 zephyr/kernel/libkernel.a(device.c.obj)
                0x0000000000005644                do_device_init
 .text.z_fatal_error
                0x00000000000056a4       0x8c zephyr/kernel/libkernel.a(fatal.c.obj)
                0x00000000000056a4                z_fatal_error
 .text.z_sys_init_run_level
                0x0000000000005730       0x30 zephyr/kernel/libkernel.a(init.c.obj)
 .text.bg_thread_main
                0x0000000000005760      0x108 zephyr/kernel/libkernel.a(init.c.obj)
 .text.z_init_cpu
                0x0000000000005868       0x68 zephyr/kernel/libkernel.a(init.c.obj)
                0x0000000000005868                z_init_cpu
 .text.z_cstart
                0x00000000000058d0      0x10c zephyr/kernel/libkernel.a(init.c.obj)
                0x00000000000058d0                z_cstart
 .text.idle     0x00000000000059dc       0x48 zephyr/kernel/libkernel.a(idle.c.obj)
                0x00000000000059dc                idle
 .text.unpend_thread_no_timeout
                0x0000000000005a24       0x40 zephyr/kernel/libkernel.a(msg_q.c.obj)
 .text.put_msg_in_queue
                0x0000000000005a64      0x1c8 zephyr/kernel/libkernel.a(msg_q.c.obj)
 .text.z_impl_k_msgq_get
                0x0000000000005c2c      0x1cc zephyr/kernel/libkernel.a(msg_q.c.obj)
                0x0000000000005c2c                z_impl_k_msgq_get
 .text.z_impl_k_mutex_lock
                0x0000000000005df8      0x1a0 zephyr/kernel/libkernel.a(mutex.c.obj)
                0x0000000000005df8                z_impl_k_mutex_lock
 .text.z_impl_k_mutex_unlock
                0x0000000000005f98      0x1a0 zephyr/kernel/libkernel.a(mutex.c.obj)
                0x0000000000005f98                z_impl_k_mutex_unlock
 .text.unpend_thread_no_timeout
                0x0000000000006138       0x40 zephyr/kernel/libkernel.a(sem.c.obj)
 .text.z_impl_k_sem_give
                0x0000000000006178       0xfc zephyr/kernel/libkernel.a(sem.c.obj)
                0x0000000000006178                z_impl_k_sem_give
 .text.z_impl_k_sem_take
                0x0000000000006274       0xf4 zephyr/kernel/libkernel.a(sem.c.obj)
                0x0000000000006274                z_impl_k_sem_take
 .text.z_check_stack_sentinel
                0x0000000000006368       0x30 zephyr/kernel/libkernel.a(thread.c.obj)
                0x0000000000006368                z_check_stack_sentinel
 .text.z_setup_new_thread
                0x0000000000006398       0xd0 zephyr/kernel/libkernel.a(thread.c.obj)
                0x0000000000006398                z_setup_new_thread
 .text.z_impl_k_thread_create
                0x0000000000006468       0x8c zephyr/kernel/libkernel.a(thread.c.obj)
                0x0000000000006468                z_impl_k_thread_create
 .text.z_dummy_thread_init
                0x00000000000064f4       0x1c zephyr/kernel/libkernel.a(thread.c.obj)
                0x00000000000064f4                z_dummy_thread_init
 .text.ready_thread
                0x0000000000006510       0xe4 zephyr/kernel/libkernel.a(sched.c.obj)
 .text.unready_thread
                0x00000000000065f4       0xb4 zephyr/kernel/libkernel.a(sched.c.obj)
 .text.unpend_thread_no_timeout
                0x00000000000066a8       0x38 zephyr/kernel/libkernel.a(sched.c.obj)
 .text.z_swap_irqlock
                0x00000000000066e0       0x74 zephyr/kernel/libkernel.a(sched.c.obj)
 .text.z_ready_thread
                0x0000000000006754       0x8c zephyr/kernel/libkernel.a(sched.c.obj)
                0x0000000000006754                z_ready_thread
 .text.z_sched_wake_thread
                0x00000000000067e0       0xb8 zephyr/kernel/libkernel.a(sched.c.obj)
                0x00000000000067e0                z_sched_wake_thread
 .text.z_pend_curr
                0x0000000000006898       0xfc zephyr/kernel/libkernel.a(sched.c.obj)
                0x0000000000006898                z_pend_curr
 .text.z_thread_prio_set
                0x0000000000006994      0x1b8 zephyr/kernel/libkernel.a(sched.c.obj)
                0x0000000000006994                z_thread_prio_set
 .text.z_reschedule
                0x0000000000006b4c       0x8c zephyr/kernel/libkernel.a(sched.c.obj)
                0x0000000000006b4c                z_reschedule
 .text.z_reschedule_irqlock
                0x0000000000006bd8       0x28 zephyr/kernel/libkernel.a(sched.c.obj)
                0x0000000000006bd8                z_reschedule_irqlock
 .text.k_sched_lock
                0x0000000000006c00       0xe4 zephyr/kernel/libkernel.a(sched.c.obj)
                0x0000000000006c00                k_sched_lock
 .text.k_sched_unlock
                0x0000000000006ce4      0x118 zephyr/kernel/libkernel.a(sched.c.obj)
                0x0000000000006ce4                k_sched_unlock
 .text.z_sched_init
                0x0000000000006dfc       0x10 zephyr/kernel/libkernel.a(sched.c.obj)
                0x0000000000006dfc                z_sched_init
 .text.z_impl_k_thread_priority_set
                0x0000000000006e0c       0x6c zephyr/kernel/libkernel.a(sched.c.obj)
                0x0000000000006e0c                z_impl_k_thread_priority_set
 .text.z_impl_k_yield
                0x0000000000006e78      0x114 zephyr/kernel/libkernel.a(sched.c.obj)
                0x0000000000006e78                z_impl_k_yield
 .text.z_tick_sleep
                0x0000000000006f8c      0x10c zephyr/kernel/libkernel.a(sched.c.obj)
 .text.z_impl_k_sleep
                0x0000000000007098       0x64 zephyr/kernel/libkernel.a(sched.c.obj)
                0x0000000000007098                z_impl_k_sleep
 .text.z_impl_k_wakeup
                0x00000000000070fc       0xb0 zephyr/kernel/libkernel.a(sched.c.obj)
                0x00000000000070fc                z_impl_k_wakeup
 .text.z_impl_k_sched_current_thread_query
                0x00000000000071ac        0xc zephyr/kernel/libkernel.a(sched.c.obj)
                0x00000000000071ac                z_impl_k_sched_current_thread_query
 .text.z_thread_abort
                0x00000000000071b8      0x250 zephyr/kernel/libkernel.a(sched.c.obj)
                0x00000000000071b8                z_thread_abort
 .text.z_sched_waitq_walk
                0x0000000000007408       0xb4 zephyr/kernel/libkernel.a(sched.c.obj)
                0x0000000000007408                z_sched_waitq_walk
 .text.z_spin_lock_valid
                0x00000000000074bc       0x1c zephyr/kernel/libkernel.a(spinlock_validate.c.obj)
                0x00000000000074bc                z_spin_lock_valid
 .text.z_spin_unlock_valid
                0x00000000000074d8       0x2c zephyr/kernel/libkernel.a(spinlock_validate.c.obj)
                0x00000000000074d8                z_spin_unlock_valid
 .text.z_spin_lock_set_owner
                0x0000000000007504       0x10 zephyr/kernel/libkernel.a(spinlock_validate.c.obj)
                0x0000000000007504                z_spin_lock_set_owner
 .text.first    0x0000000000007514       0x10 zephyr/kernel/libkernel.a(timeout.c.obj)
 .text.elapsed  0x0000000000007524       0x14 zephyr/kernel/libkernel.a(timeout.c.obj)
 .text.remove_timeout
                0x0000000000007538       0x38 zephyr/kernel/libkernel.a(timeout.c.obj)
 .text.z_add_timeout
                0x0000000000007570      0x1b8 zephyr/kernel/libkernel.a(timeout.c.obj)
                0x0000000000007570                z_add_timeout
 .text.z_abort_timeout
                0x0000000000007728       0xbc zephyr/kernel/libkernel.a(timeout.c.obj)
                0x0000000000007728                z_abort_timeout
 .text.sys_clock_announce
                0x00000000000077e4      0x144 zephyr/kernel/libkernel.a(timeout.c.obj)
                0x00000000000077e4                sys_clock_announce
 .text.sys_clock_tick_get
                0x0000000000007928       0x9c zephyr/kernel/libkernel.a(timeout.c.obj)
                0x0000000000007928                sys_clock_tick_get
 .text.statics_init
                0x00000000000079c4       0x50 zephyr/kernel/libkernel.a(kheap.c.obj)
 .text.psa_get_initialized
                0x0000000000007a14       0x4c modules/nrf/subsys/nrf_security/src/core/nrf_oberon/libpsa_core.a(psa_crypto.c.obj)
 .text.mbedtls_psa_crypto_free
                0x0000000000007a60       0x90 modules/nrf/subsys/nrf_security/src/core/nrf_oberon/libpsa_core.a(psa_crypto.c.obj)
                0x0000000000007a60                mbedtls_psa_crypto_free
 .text.psa_crypto_init
                0x0000000000007af0      0x104 modules/nrf/subsys/nrf_security/src/core/nrf_oberon/libpsa_core.a(psa_crypto.c.obj)
                0x0000000000007af0                psa_crypto_init
 .text.psa_initialize_key_slots
                0x0000000000007bf4       0x10 modules/nrf/subsys/nrf_security/src/core/nrf_oberon/libpsa_core.a(psa_crypto_slot_management.c.obj)
                0x0000000000007bf4                psa_initialize_key_slots
 .text.psa_wipe_all_key_slots
                0x0000000000007c04       0x34 modules/nrf/subsys/nrf_security/src/core/nrf_oberon/libpsa_core.a(psa_crypto_slot_management.c.obj)
                0x0000000000007c04                psa_wipe_all_key_slots
 .text.mbedtls_free
                0x0000000000007c38        0xc modules/nrf/subsys/nrf_security/src/core/nrf_oberon/libpsa_core.a(platform.c.obj)
                0x0000000000007c38                mbedtls_free
 .text.mbedtls_platform_zeroize
                0x0000000000007c44       0x18 modules/nrf/subsys/nrf_security/src/core/nrf_oberon/libpsa_core.a(platform_util.c.obj)
                0x0000000000007c44                mbedtls_platform_zeroize
 .text.cracen_acquire
                0x0000000000007c5c       0x40 modules/nrf/subsys/nrf_security/src/drivers/cracen/libcracen_psa_driver.a(hardware.c.obj)
                0x0000000000007c5c                cracen_acquire
 .text.cracen_release
                0x0000000000007c9c       0x6c modules/nrf/subsys/nrf_security/src/drivers/cracen/libcracen_psa_driver.a(hardware.c.obj)
                0x0000000000007c9c                cracen_release
 .text.cracen_init
                0x0000000000007d08       0x4c modules/nrf/subsys/nrf_security/src/drivers/cracen/libcracen_psa_driver.a(hardware.c.obj)
                0x0000000000007d08                cracen_init
 .text.lib_kmu_clear_all_events
                0x0000000000007d54       0x24 modules/nrf/subsys/nrf_security/src/drivers/cracen/libcracen_psa_driver.a(lib_kmu.c.obj)
                0x0000000000007d54                lib_kmu_clear_all_events
 .text.trigger_task_and_wait_for_event_or_error
                0x0000000000007d78       0x54 modules/nrf/subsys/nrf_security/src/drivers/cracen/libcracen_psa_driver.a(lib_kmu.c.obj)
 .text.lib_kmu_provision_slot
                0x0000000000007dcc       0x70 modules/nrf/subsys/nrf_security/src/drivers/cracen/libcracen_psa_driver.a(lib_kmu.c.obj)
                0x0000000000007dcc                lib_kmu_provision_slot
 .text.lib_kmu_push_slot
                0x0000000000007e3c       0x1c modules/nrf/subsys/nrf_security/src/drivers/cracen/libcracen_psa_driver.a(lib_kmu.c.obj)
                0x0000000000007e3c                lib_kmu_push_slot
 .text.lib_kmu_revoke_slot
                0x0000000000007e58       0x34 modules/nrf/subsys/nrf_security/src/drivers/cracen/libcracen_psa_driver.a(lib_kmu.c.obj)
                0x0000000000007e58                lib_kmu_revoke_slot
 .text.lib_kmu_read_metadata
                0x0000000000007e8c       0x30 modules/nrf/subsys/nrf_security/src/drivers/cracen/libcracen_psa_driver.a(lib_kmu.c.obj)
                0x0000000000007e8c                lib_kmu_read_metadata
 .text.ctr_drbg_update
                0x0000000000007ebc       0x90 modules/nrf/subsys/nrf_security/src/drivers/cracen/libcracen_psa_driver.a(cracen_psa_ctr_drbg.c.obj)
 .text.cracen_init_random
                0x0000000000007f4c       0x74 modules/nrf/subsys/nrf_security/src/drivers/cracen/libcracen_psa_driver.a(cracen_psa_ctr_drbg.c.obj)
                0x0000000000007f4c                cracen_init_random
 .text.cracen_get_random
                0x0000000000007fc0      0x104 modules/nrf/subsys/nrf_security/src/drivers/cracen/libcracen_psa_driver.a(cracen_psa_ctr_drbg.c.obj)
                0x0000000000007fc0                cracen_get_random
 .text.cracen_kmu_provision
                0x00000000000080c4      0x24c modules/nrf/subsys/nrf_security/src/drivers/cracen/libcracen_psa_driver.a(cracen_psa_kmu.c.obj)
                0x00000000000080c4                cracen_kmu_provision
 .text.cracen_provision_prot_ram_inv_slots
                0x0000000000008310       0x7c modules/nrf/subsys/nrf_security/src/drivers/cracen/libcracen_psa_driver.a(cracen_psa_kmu.c.obj)
                0x0000000000008310                cracen_provision_prot_ram_inv_slots
 .text.sx_blkcipher_ecb_simple
                0x000000000000838c       0xb8 modules/nrf/subsys/nrf_security/src/drivers/cracen/libcracen_psa_driver.a(blkcipher.c.obj)
                0x000000000000838c                sx_blkcipher_ecb_simple
 .text.sx_trng_flush
                0x0000000000008444       0x30 modules/nrf/subsys/nrf_security/src/drivers/cracen/libcracen_psa_driver.a(trng.c.obj)
 .text.sx_trng_restart
                0x0000000000008474       0x28 modules/nrf/subsys/nrf_security/src/drivers/cracen/libcracen_psa_driver.a(trng.c.obj)
                0x0000000000008474                sx_trng_restart
 .text.sx_trng_open
                0x000000000000849c       0xa4 modules/nrf/subsys/nrf_security/src/drivers/cracen/libcracen_psa_driver.a(trng.c.obj)
                0x000000000000849c                sx_trng_open
 .text.sx_trng_get
                0x0000000000008540       0xd4 modules/nrf/subsys/nrf_security/src/drivers/cracen/libcracen_psa_driver.a(trng.c.obj)
                0x0000000000008540                sx_trng_get
 .text.sx_hw_reserve
                0x0000000000008614       0x54 modules/nrf/subsys/nrf_security/src/drivers/cracen/libcracen_psa_driver.a(cmdma_hw.c.obj)
                0x0000000000008614                sx_hw_reserve
 .text.sx_cmdma_release_hw
                0x0000000000008668       0x30 modules/nrf/subsys/nrf_security/src/drivers/cracen/libcracen_psa_driver.a(cmdma_hw.c.obj)
                0x0000000000008668                sx_cmdma_release_hw
 .text.cracen_isr_handler
                0x0000000000008698       0x90 modules/nrf/subsys/nrf_security/src/drivers/cracen/libcracen_psa_driver.a(interrupts.c.obj)
                0x0000000000008698                cracen_isr_handler
 .text.cracen_interrupts_init
                0x0000000000008728       0x28 modules/nrf/subsys/nrf_security/src/drivers/cracen/libcracen_psa_driver.a(interrupts.c.obj)
                0x0000000000008728                cracen_interrupts_init
 .text.cracen_wait_for_cm_interrupt
                0x0000000000008750       0x30 modules/nrf/subsys/nrf_security/src/drivers/cracen/libcracen_psa_driver.a(interrupts.c.obj)
                0x0000000000008750                cracen_wait_for_cm_interrupt
 .text.sx_pk_fetch_capabilities
                0x0000000000008780       0x24 modules/nrf/subsys/nrf_security/src/drivers/cracen/libcracen_psa_driver.a(pk_baremetal.c.obj)
                0x0000000000008780                sx_pk_fetch_capabilities
 .text.sx_pk_init
                0x00000000000087a4       0x38 modules/nrf/subsys/nrf_security/src/drivers/cracen/libcracen_psa_driver.a(pk_baremetal.c.obj)
                0x00000000000087a4                sx_pk_init
 .text.sx_get_current_req
                0x00000000000087dc        0x8 modules/nrf/subsys/nrf_security/src/drivers/cracen/libcracen_psa_driver.a(pk_baremetal.c.obj)
                0x00000000000087dc                sx_get_current_req
 .text.nrf_security_mutex_lock
                0x00000000000087e4       0x34 modules/nrf/subsys/nrf_security/src/libnrf_security_utils.a(nrf_security_mutexes.c.obj)
                0x00000000000087e4                nrf_security_mutex_lock
 .text.nrf_security_mutex_unlock
                0x0000000000008818       0x2c modules/nrf/subsys/nrf_security/src/libnrf_security_utils.a(nrf_security_mutexes.c.obj)
                0x0000000000008818                nrf_security_mutex_unlock
 .text.k_event_post_internal
                0x0000000000008844       0xa8 zephyr/kernel/libkernel.a(events.c.obj)
 .text.k_event_wait_internal
                0x00000000000088ec      0x144 zephyr/kernel/libkernel.a(events.c.obj)
 .text.z_impl_k_event_init
                0x0000000000008a30       0x34 zephyr/kernel/libkernel.a(events.c.obj)
                0x0000000000008a30                z_impl_k_event_init
 .text._free_r  0x0000000000008a64       0x94 /opt/nordic/ncs/toolchains/0c0f19d91c/opt/zephyr-sdk/arm-zephyr-eabi/arm-zephyr-eabi/lib/thumb/v8-m.main/nofp/libc_nano.a(lib_a-nano-freer.o)
                0x0000000000008a64                _free_r
 .text._malloc_r
                0x0000000000008af8       0xb4 /opt/nordic/ncs/toolchains/0c0f19d91c/opt/zephyr-sdk/arm-zephyr-eabi/arm-zephyr-eabi/lib/thumb/v8-m.main/nofp/libc_nano.a(lib_a-nano-mallocr.o)
                0x0000000000008af8                _malloc_r
 .text._sbrk_r  0x0000000000008bac       0x20 /opt/nordic/ncs/toolchains/0c0f19d91c/opt/zephyr-sdk/arm-zephyr-eabi/arm-zephyr-eabi/lib/thumb/v8-m.main/nofp/libc_nano.a(lib_a-sbrkr.o)
                0x0000000000008bac                _sbrk_r
 .text.vsnprintf
                0x0000000000008bcc       0x1c /opt/nordic/ncs/toolchains/0c0f19d91c/opt/zephyr-sdk/arm-zephyr-eabi/arm-zephyr-eabi/lib/thumb/v8-m.main/nofp/libc_nano.a(lib_a-vsnprintf.o)
                0x0000000000008bcc                vsnprintf
                0x0000000000008bcc                vsniprintf
 .text.__malloc_lock
                0x0000000000008be8        0xc /opt/nordic/ncs/toolchains/0c0f19d91c/opt/zephyr-sdk/arm-zephyr-eabi/arm-zephyr-eabi/lib/thumb/v8-m.main/nofp/libc_nano.a(lib_a-mlock.o)
                0x0000000000008be8                __malloc_lock
 .text.__malloc_unlock
                0x0000000000008bf4        0xc /opt/nordic/ncs/toolchains/0c0f19d91c/opt/zephyr-sdk/arm-zephyr-eabi/arm-zephyr-eabi/lib/thumb/v8-m.main/nofp/libc_nano.a(lib_a-mlock.o)
                0x0000000000008bf4                __malloc_unlock
 .text._svfprintf_r
                0x0000000000008c00      0x1f8 /opt/nordic/ncs/toolchains/0c0f19d91c/opt/zephyr-sdk/arm-zephyr-eabi/arm-zephyr-eabi/lib/thumb/v8-m.main/nofp/libc_nano.a(lib_a-nano-svfprintf.o)
                0x0000000000008c00                _svfprintf_r
                0x0000000000008c00                _svfiprintf_r
 .text._printf_i
                0x0000000000008df8      0x25c /opt/nordic/ncs/toolchains/0c0f19d91c/opt/zephyr-sdk/arm-zephyr-eabi/arm-zephyr-eabi/lib/thumb/v8-m.main/nofp/libc_nano.a(lib_a-nano-vfprintf_i.o)
                0x0000000000008df8                _printf_i
 .text._OffsetAbsSyms
                0x0000000000009054        0x2 zephyr/CMakeFiles/offsets.dir/./arch/arm/core/offsets/offsets.c.obj
                0x0000000000009054                _OffsetAbsSyms
 .text.kvb_result_add_metric
                0x0000000000009056       0x2a app/libapp.a(kvb_runner.c.obj)
                0x0000000000009056                kvb_result_add_metric
 .text.kvb_runner_main
                0x0000000000009080       0x10 app/libapp.a(kvb_runner.c.obj)
                0x0000000000009080                kvb_runner_main
 .text.kvb_sched_worker
                0x0000000000009090       0x42 app/libapp.a(kvb_test_sched.c.obj)
 .text.kvb_mutex_owner_thread
                0x00000000000090d2       0x38 app/libapp.a(kvb_test_sync.c.obj)
 .text.kvb_from_zephyr_status
                0x000000000000910a       0x3c app/libapp.a(kvb_port_zephyr.c.obj)
 .text.kvb_zephyr_thread_entry
                0x0000000000009146       0x1c app/libapp.a(kvb_port_zephyr.c.obj)
 .text.kvb_thread_yield
                0x0000000000009162        0xa app/libapp.a(kvb_port_zephyr.c.obj)
                0x0000000000009162                kvb_thread_yield
 .text.kvb_thread_sleep_ticks
                0x000000000000916c        0xe app/libapp.a(kvb_port_zephyr.c.obj)
                0x000000000000916c                kvb_thread_sleep_ticks
 .text.kvb_thread_delete
                0x000000000000917a       0x1c app/libapp.a(kvb_port_zephyr.c.obj)
                0x000000000000917a                kvb_thread_delete
 .text.kvb_sem_create
                0x0000000000009196       0x1c app/libapp.a(kvb_port_zephyr.c.obj)
                0x0000000000009196                kvb_sem_create
 .text.kvb_sem_wait
                0x00000000000091b2       0x24 app/libapp.a(kvb_port_zephyr.c.obj)
                0x00000000000091b2                kvb_sem_wait
 .text.kvb_sem_post
                0x00000000000091d6       0x10 app/libapp.a(kvb_port_zephyr.c.obj)
                0x00000000000091d6                kvb_sem_post
 .text.kvb_mutex_create
                0x00000000000091e6       0x10 app/libapp.a(kvb_port_zephyr.c.obj)
                0x00000000000091e6                kvb_mutex_create
 .text.kvb_mutex_lock
                0x00000000000091f6       0x24 app/libapp.a(kvb_port_zephyr.c.obj)
                0x00000000000091f6                kvb_mutex_lock
 .text.kvb_mutex_unlock
                0x000000000000921a       0x16 app/libapp.a(kvb_port_zephyr.c.obj)
                0x000000000000921a                kvb_mutex_unlock
 .text.kvb_queue_create
                0x0000000000009230       0x16 app/libapp.a(kvb_port_zephyr.c.obj)
                0x0000000000009230                kvb_queue_create
 .text.kvb_queue_send
                0x0000000000009246       0x28 app/libapp.a(kvb_port_zephyr.c.obj)
                0x0000000000009246                kvb_queue_send
 .text.kvb_queue_recv
                0x000000000000926e       0x28 app/libapp.a(kvb_port_zephyr.c.obj)
                0x000000000000926e                kvb_queue_recv
 .text.kvb_platform_time_us
                0x0000000000009296        0xa app/libapp.a(kvb_platform_nrf54l15dk.c.obj)
                0x0000000000009296                kvb_platform_time_us
 .text.kvb_platform_log_flush
                0x00000000000092a0        0x2 app/libapp.a(kvb_platform_nrf54l15dk.c.obj)
                0x00000000000092a0                kvb_platform_log_flush
 .text.main     0x00000000000092a2        0x4 app/libapp.a(main.c.obj)
                0x00000000000092a2                main
 .text.chunk_field
                0x00000000000092a6       0x16 zephyr/libzephyr.a(heap.c.obj)
 .text.chunk_set
                0x00000000000092bc       0x16 zephyr/libzephyr.a(heap.c.obj)
 .text.chunk_size
                0x00000000000092d2        0xc zephyr/libzephyr.a(heap.c.obj)
 .text.set_chunk_used
                0x00000000000092de       0x30 zephyr/libzephyr.a(heap.c.obj)
 .text.set_chunk_size
                0x000000000000930e        0x8 zephyr/libzephyr.a(heap.c.obj)
 .text.bucket_idx
                0x0000000000009316       0x1e zephyr/libzephyr.a(heap.c.obj)
 .text.free_list_add
                0x0000000000009334       0x84 zephyr/libzephyr.a(heap.c.obj)
 .text.arch_printk_char_out
                0x00000000000093b8        0x4 zephyr/libzephyr.a(printk.c.obj)
                0x00000000000093b8                arch_printk_char_out
 .text.printk   0x00000000000093bc       0x1a zephyr/libzephyr.a(printk.c.obj)
                0x00000000000093bc                printk
 .text.outs     0x00000000000093d6       0x2e zephyr/libzephyr.a(cbprintf_complete.c.obj)
 .text.assert_post_action
                0x0000000000009404       0x12 zephyr/libzephyr.a(assert.c.obj)
                0x0000000000009404                assert_post_action
 .text.assert_print
                0x0000000000009416       0x1a zephyr/libzephyr.a(assert.c.obj)
                0x0000000000009416                assert_print
 .text.process_recheck
                0x0000000000009430       0x38 zephyr/libzephyr.a(onoff.c.obj)
 .text.validate_args
                0x0000000000009468       0x20 zephyr/libzephyr.a(onoff.c.obj)
 .text.notify_one
                0x0000000000009488       0x2c zephyr/libzephyr.a(onoff.c.obj)
 .text.onoff_manager_init
                0x00000000000094b4       0x26 zephyr/libzephyr.a(onoff.c.obj)
                0x00000000000094b4                onoff_manager_init
 .text.sys_notify_validate
                0x00000000000094da       0x22 zephyr/libzephyr.a(notify.c.obj)
                0x00000000000094da                sys_notify_validate
 .text._ConfigAbsSyms
                0x00000000000094fc        0x2 zephyr/libzephyr.a(configs.c.obj)
                0x00000000000094fc                _ConfigAbsSyms
 .text.arch_early_memset
                0x00000000000094fe        0x4 zephyr/arch/common/libarch__common.a(init.c.obj)
                0x00000000000094fe                arch_early_memset
 .text.arch_early_memcpy
                0x0000000000009502        0x4 zephyr/arch/common/libarch__common.a(init.c.obj)
                0x0000000000009502                arch_early_memcpy
 .text.z_do_kernel_oops
                0x0000000000009506        0x8 zephyr/arch/arch/arm/core/libarch__arm__core.a(fatal.c.obj)
                0x0000000000009506                z_do_kernel_oops
 .text.z_arm_nmi
                0x000000000000950e        0xe zephyr/arch/arch/arm/core/libarch__arm__core.a(nmi.c.obj)
                0x000000000000950e                z_arm_nmi
 .text.z_irq_spurious
                0x000000000000951c        0x8 zephyr/arch/arch/arm/core/cortex_m/libarch__arm__core__cortex_m.a(irq_manage.c.obj)
                0x000000000000951c                z_irq_spurious
 .text.configure_builtin_stack_guard
                0x0000000000009524        0x8 zephyr/arch/arch/arm/core/cortex_m/libarch__arm__core__cortex_m.a(thread.c.obj)
                0x0000000000009524                configure_builtin_stack_guard
 .text.arch_coprocessors_disable
                0x000000000000952c        0x6 zephyr/arch/arch/arm/core/cortex_m/libarch__arm__core__cortex_m.a(thread.c.obj)
                0x000000000000952c                arch_coprocessors_disable
 .text.arch_irq_unlock_outlined
                0x0000000000009532        0xe zephyr/arch/arch/arm/core/cortex_m/libarch__arm__core__cortex_m.a(thread.c.obj)
                0x0000000000009532                arch_irq_unlock_outlined
 .text.arch_cpu_idle
                0x0000000000009540       0x1a zephyr/arch/arch/arm/core/cortex_m/libarch__arm__core__cortex_m.a(cpu_idle.c.obj)
                0x0000000000009540                arch_cpu_idle
 .text.arch_cpu_atomic_idle
                0x000000000000955a       0x1e zephyr/arch/arch/arm/core/cortex_m/libarch__arm__core__cortex_m.a(cpu_idle.c.obj)
                0x000000000000955a                arch_cpu_atomic_idle
 .text.arm_cmse_mpu_region_get
                0x0000000000009578       0x12 zephyr/arch/arch/arm/core/cortex_m/cmse/libarch__arm__core__cortex_m__cmse.a(arm_core_cmse.c.obj)
                0x0000000000009578                arm_cmse_mpu_region_get
 .text.mpu_configure_region
                0x000000000000958a       0x32 zephyr/arch/arch/arm/core/mpu/libarch__arm__core__mpu.a(arm_mpu.c.obj)
 .text._stdout_hook_default
                0x00000000000095bc        0x6 zephyr/lib/libc/newlib/liblib__libc__newlib.a(libc-hooks.c.obj)
 .text.async_start
                0x00000000000095c2       0x5c zephyr/drivers/clock_control/libdrivers__clock_control.a(clock_control_nrf.c.obj)
 .text.api_start
                0x000000000000961e        0xe zephyr/drivers/clock_control/libdrivers__clock_control.a(clock_control_nrf.c.obj)
 .text.onoff_started_callback
                0x000000000000962c        0xc zephyr/drivers/clock_control/libdrivers__clock_control.a(clock_control_nrf.c.obj)
 .text.blocking_start_callback
                0x0000000000009638        0x6 zephyr/drivers/clock_control/libdrivers__clock_control.a(clock_control_nrf.c.obj)
 .text.lfclk_stop
                0x000000000000963e        0x4 zephyr/drivers/clock_control/libdrivers__clock_control.a(clock_control_nrf.c.obj)
 .text.lfclk_start
                0x0000000000009642        0x4 zephyr/drivers/clock_control/libdrivers__clock_control.a(clock_control_nrf.c.obj)
 .text.api_stop
                0x0000000000009646        0x6 zephyr/drivers/clock_control/libdrivers__clock_control.a(clock_control_nrf.c.obj)
 .text.gpio_nrfx_port_get_raw
                0x000000000000964c        0xc zephyr/drivers/gpio/libdrivers__gpio.a(gpio_nrfx.c.obj)
 .text.gpio_nrfx_port_set_masked_raw
                0x0000000000009658       0x14 zephyr/drivers/gpio/libdrivers__gpio.a(gpio_nrfx.c.obj)
 .text.gpio_nrfx_port_set_bits_raw
                0x000000000000966c        0xa zephyr/drivers/gpio/libdrivers__gpio.a(gpio_nrfx.c.obj)
 .text.gpio_nrfx_port_clear_bits_raw
                0x0000000000009676        0xa zephyr/drivers/gpio/libdrivers__gpio.a(gpio_nrfx.c.obj)
 .text.gpio_nrfx_port_toggle_bits
                0x0000000000009680       0x14 zephyr/drivers/gpio/libdrivers__gpio.a(gpio_nrfx.c.obj)
 .text.gpio_nrfx_gpiote_irq_handler
                0x0000000000009694        0x4 zephyr/drivers/gpio/libdrivers__gpio.a(gpio_nrfx.c.obj)
                0x0000000000009694                gpio_nrfx_gpiote_irq_handler
 .text.pinctrl_lookup_state
                0x0000000000009698       0x26 zephyr/drivers/pinctrl/libdrivers__pinctrl.a(common.c.obj)
                0x0000000000009698                pinctrl_lookup_state
 .text.uarte_nrfx_isr_int
                0x00000000000096be        0xa zephyr/drivers/serial/libdrivers__serial.a(uart_nrfx_uarte.c.obj)
 .text.uarte_nrfx_err_check
                0x00000000000096c8        0xe zephyr/drivers/serial/libdrivers__serial.a(uart_nrfx_uarte.c.obj)
 .text.uarte_nrfx_poll_in
                0x00000000000096d6       0x26 zephyr/drivers/serial/libdrivers__serial.a(uart_nrfx_uarte.c.obj)
 .text.pinctrl_apply_state.isra.0
                0x00000000000096fc       0x1e zephyr/drivers/serial/libdrivers__serial.a(uart_nrfx_uarte.c.obj)
 .text.uarte_20_init
                0x000000000000971a       0xaa zephyr/drivers/serial/libdrivers__serial.a(uart_nrfx_uarte.c.obj)
 .text.grtc_post_init
                0x00000000000097c4        0xc zephyr/drivers/timer/libdrivers__timer.a(nrf_grtc_timer.c.obj)
 .text.sys_clock_cycle_get_32
                0x00000000000097d0        0x8 zephyr/drivers/timer/libdrivers__timer.a(nrf_grtc_timer.c.obj)
                0x00000000000097d0                sys_clock_cycle_get_32
 .text._psa_crypto_init
                0x00000000000097d8       0x1e modules/nrf/subsys/nrf_security/src/zephyr/libmbedtls_zephyr.a(psa_crypto_init.c.obj)
 .text.nrfx_isr
                0x00000000000097f6        0x6 modules/hal_nordic/modules/hal_nordic/nrfx/libnrfx.a(nrfx_glue.c.obj)
                0x00000000000097f6                nrfx_isr
 .text.nrfx_busy_wait
                0x00000000000097fc        0x4 modules/hal_nordic/modules/hal_nordic/nrfx/libnrfx.a(nrfx_glue.c.obj)
                0x00000000000097fc                nrfx_busy_wait
 .text.nrfx_flag32_alloc
                0x0000000000009800       0x34 modules/hal_nordic/modules/hal_nordic/nrfx/libnrfx.a(nrfx_flag32_allocator.c.obj)
                0x0000000000009800                nrfx_flag32_alloc
 .text.nrfx_flag32_free
                0x0000000000009834       0x32 modules/hal_nordic/modules/hal_nordic/nrfx/libnrfx.a(nrfx_flag32_allocator.c.obj)
                0x0000000000009834                nrfx_flag32_free
 .text.lfclk_event_handler
                0x0000000000009866        0x4 modules/hal_nordic/modules/hal_nordic/nrfx/libnrfx.a(nrfx_clock.c.obj)
 .text.nrfx_power_clock_irq_handler
                0x000000000000986a        0xe modules/hal_nordic/modules/hal_nordic/nrfx/libnrfx.a(nrfx_clock.c.obj)
                0x000000000000986a                nrfx_power_clock_irq_handler
 .text.pin_in_use_by_te
                0x0000000000009878       0x16 modules/hal_nordic/modules/hal_nordic/nrfx/libnrfx.a(nrfx_gpiote.c.obj)
 .text.pin_has_trigger
                0x000000000000988e       0x1a modules/hal_nordic/modules/hal_nordic/nrfx/libnrfx.a(nrfx_gpiote.c.obj)
 .text.pin_is_output
                0x00000000000098a8       0x16 modules/hal_nordic/modules/hal_nordic/nrfx/libnrfx.a(nrfx_gpiote.c.obj)
 .text.pin_is_task_output
                0x00000000000098be       0x16 modules/hal_nordic/modules/hal_nordic/nrfx/libnrfx.a(nrfx_gpiote.c.obj)
 .text.pin_te_get
                0x00000000000098d4       0x14 modules/hal_nordic/modules/hal_nordic/nrfx/libnrfx.a(nrfx_gpiote.c.obj)
 .text.call_handler
                0x00000000000098e8       0x3e modules/hal_nordic/modules/hal_nordic/nrfx/libnrfx.a(nrfx_gpiote.c.obj)
 .text.nrf_gpio_reconfigure
                0x0000000000009926       0x9a modules/hal_nordic/modules/hal_nordic/nrfx/libnrfx.a(nrfx_gpiote.c.obj)
 .text.nrf_gpio_cfg_sense_set
                0x00000000000099c0       0x1e modules/hal_nordic/modules/hal_nordic/nrfx/libnrfx.a(nrfx_gpiote.c.obj)
 .text.__nrfy_internal_gpiote_events_process
                0x00000000000099de       0x58 modules/hal_nordic/modules/hal_nordic/nrfx/libnrfx.a(nrfx_gpiote.c.obj)
 .text.pin_trigger_disable
                0x0000000000009a36       0x46 modules/hal_nordic/modules/hal_nordic/nrfx/libnrfx.a(nrfx_gpiote.c.obj)
 .text.nrfx_rramc_write_enable_set
                0x0000000000009a7c        0x6 modules/hal_nordic/modules/hal_nordic/nrfx/libnrfx.a(nrfx_rramc.c.obj)
                0x0000000000009a7c                nrfx_rramc_write_enable_set
 .text.z_impl_k_busy_wait
                0x0000000000009a82        0x8 zephyr/kernel/libkernel.a(busy_wait.c.obj)
                0x0000000000009a82                z_impl_k_busy_wait
 .text.z_impl_device_is_ready
                0x0000000000009a8a       0x16 zephyr/kernel/libkernel.a(device.c.obj)
                0x0000000000009a8a                z_impl_device_is_ready
 .text.arch_system_halt
                0x0000000000009aa0       0x10 zephyr/kernel/libkernel.a(fatal.c.obj)
                0x0000000000009aa0                arch_system_halt
 .text.k_sys_fatal_error_handler
                0x0000000000009ab0        0x6 zephyr/kernel/libkernel.a(fatal.c.obj)
                0x0000000000009ab0                k_sys_fatal_error_handler
 .text.k_msgq_init
                0x0000000000009ab6       0x20 zephyr/kernel/libkernel.a(msg_q.c.obj)
                0x0000000000009ab6                k_msgq_init
 .text.z_impl_k_msgq_put
                0x0000000000009ad6        0xe zephyr/kernel/libkernel.a(msg_q.c.obj)
                0x0000000000009ad6                z_impl_k_msgq_put
 .text.adjust_owner_prio.isra.0
                0x0000000000009ae4       0x10 zephyr/kernel/libkernel.a(mutex.c.obj)
 .text.z_impl_k_mutex_init
                0x0000000000009af4        0xe zephyr/kernel/libkernel.a(mutex.c.obj)
                0x0000000000009af4                z_impl_k_mutex_init
 .text.z_impl_k_sem_init
                0x0000000000009b02       0x18 zephyr/kernel/libkernel.a(sem.c.obj)
                0x0000000000009b02                z_impl_k_sem_init
 .text.k_is_in_isr
                0x0000000000009b1a        0xc zephyr/kernel/libkernel.a(thread.c.obj)
                0x0000000000009b1a                k_is_in_isr
 .text.sys_dlist_remove
                0x0000000000009b26       0x10 zephyr/kernel/libkernel.a(sched.c.obj)
 .text.add_to_waitq_locked
                0x0000000000009b36       0x50 zephyr/kernel/libkernel.a(sched.c.obj)
 .text.z_thread_timeout
                0x0000000000009b86        0x8 zephyr/kernel/libkernel.a(sched.c.obj)
                0x0000000000009b86                z_thread_timeout
 .text.z_impl_k_usleep
                0x0000000000009b8e       0x28 zephyr/kernel/libkernel.a(sched.c.obj)
                0x0000000000009b8e                z_impl_k_usleep
 .text.next_timeout
                0x0000000000009bb6       0x2e zephyr/kernel/libkernel.a(timeout.c.obj)
 .text.sys_clock_tick_get_32
                0x0000000000009be4        0x8 zephyr/kernel/libkernel.a(timeout.c.obj)
                0x0000000000009be4                sys_clock_tick_get_32
 .text.boot_banner
                0x0000000000009bec        0x2 zephyr/kernel/libkernel.a(banner.c.obj)
                0x0000000000009bec                boot_banner
 .text.k_heap_init
                0x0000000000009bee       0x14 zephyr/kernel/libkernel.a(kheap.c.obj)
                0x0000000000009bee                k_heap_init
 .text.psa_remove_key_data_from_memory
                0x0000000000009c02       0x16 modules/nrf/subsys/nrf_security/src/core/nrf_oberon/libpsa_core.a(psa_crypto.c.obj)
                0x0000000000009c02                psa_remove_key_data_from_memory
 .text.psa_wipe_key_slot
                0x0000000000009c18       0x3a modules/nrf/subsys/nrf_security/src/core/nrf_oberon/libpsa_core.a(psa_crypto.c.obj)
                0x0000000000009c18                psa_wipe_key_slot
 .text.psa_driver_wrapper_init
                0x0000000000009c52        0x4 modules/nrf/subsys/nrf_security/src/core/nrf_oberon/libpsa_core.a(psa_crypto_driver_wrappers.c.obj)
                0x0000000000009c52                psa_driver_wrapper_init
 .text.psa_driver_wrapper_free
                0x0000000000009c56        0x2 modules/nrf/subsys/nrf_security/src/core/nrf_oberon/libpsa_core.a(psa_crypto_driver_wrappers.c.obj)
                0x0000000000009c56                psa_driver_wrapper_free
 .text.psa_driver_wrapper_init_random
                0x0000000000009c58        0x4 modules/nrf/subsys/nrf_security/src/core/nrf_oberon/libpsa_core.a(psa_crypto_driver_wrappers.c.obj)
                0x0000000000009c58                psa_driver_wrapper_init_random
 .text.psa_driver_wrapper_free_random
                0x0000000000009c5c        0x4 modules/nrf/subsys/nrf_security/src/core/nrf_oberon/libpsa_core.a(psa_crypto_driver_wrappers.c.obj)
                0x0000000000009c5c                psa_driver_wrapper_free_random
 .text.platform_free_uninit
                0x0000000000009c60        0x2 modules/nrf/subsys/nrf_security/src/core/nrf_oberon/libpsa_core.a(platform.c.obj)
 .text.mbedtls_zeroize_and_free
                0x0000000000009c62       0x14 modules/nrf/subsys/nrf_security/src/core/nrf_oberon/libpsa_core.a(platform_util.c.obj)
                0x0000000000009c62                mbedtls_zeroize_and_free
 .text.silex_statuscodes_to_psa
                0x0000000000009c76       0xbc modules/nrf/subsys/nrf_security/src/drivers/cracen/libcracen_psa_driver.a(common.c.obj)
                0x0000000000009c76                silex_statuscodes_to_psa
 .text.cracen_xorbytes
                0x0000000000009d32       0x1a modules/nrf/subsys/nrf_security/src/drivers/cracen/libcracen_psa_driver.a(common.c.obj)
                0x0000000000009d32                cracen_xorbytes
 .text.cracen_be_add
                0x0000000000009d4c       0x14 modules/nrf/subsys/nrf_security/src/drivers/cracen/libcracen_psa_driver.a(common.c.obj)
                0x0000000000009d4c                cracen_be_add
 .text.safe_memset
                0x0000000000009d60       0x16 modules/nrf/subsys/nrf_security/src/drivers/cracen/libcracen_psa_driver.a(mem_helpers.c.obj)
                0x0000000000009d60                safe_memset
 .text.safe_memzero
                0x0000000000009d76       0x18 modules/nrf/subsys/nrf_security/src/drivers/cracen/libcracen_psa_driver.a(mem_helpers.c.obj)
                0x0000000000009d76                safe_memzero
 .text.lib_kmu_is_slot_empty
                0x0000000000009d8e       0x14 modules/nrf/subsys/nrf_security/src/drivers/cracen/libcracen_psa_driver.a(lib_kmu.c.obj)
                0x0000000000009d8e                lib_kmu_is_slot_empty
 .text.trng_get_entropy
                0x0000000000009da2       0x50 modules/nrf/subsys/nrf_security/src/drivers/cracen/libcracen_psa_driver.a(cracen_psa_ctr_drbg.c.obj)
 .text.psa_set_key_usage_flags
                0x0000000000009df2       0x14 modules/nrf/subsys/nrf_security/src/drivers/cracen/libcracen_psa_driver.a(cracen_psa_kmu.c.obj)
 .text.set_provisioning_in_progress
                0x0000000000009e06       0x30 modules/nrf/subsys/nrf_security/src/drivers/cracen/libcracen_psa_driver.a(cracen_psa_kmu.c.obj)
 .text.clean_up_unfinished_provisioning
                0x0000000000009e36       0x46 modules/nrf/subsys/nrf_security/src/drivers/cracen/libcracen_psa_driver.a(cracen_psa_kmu.c.obj)
 .text.cracen_push_prot_ram_inv_slots
                0x0000000000009e7c       0x2e modules/nrf/subsys/nrf_security/src/drivers/cracen/libcracen_psa_driver.a(cracen_psa_kmu.c.obj)
                0x0000000000009e7c                cracen_push_prot_ram_inv_slots
 .text.sx_cmdma_reset
                0x0000000000009eaa       0x4a modules/nrf/subsys/nrf_security/src/drivers/cracen/libcracen_psa_driver.a(cmdma.c.obj)
                0x0000000000009eaa                sx_cmdma_reset
 .text.sx_cmdma_check
                0x0000000000009ef4       0x4e modules/nrf/subsys/nrf_security/src/drivers/cracen/libcracen_psa_driver.a(cmdma.c.obj)
                0x0000000000009ef4                sx_cmdma_check
 .text.sx_trng_close
                0x0000000000009f42       0x14 modules/nrf/subsys/nrf_security/src/drivers/cracen/libcracen_psa_driver.a(trng.c.obj)
                0x0000000000009f42                sx_trng_close
 .text.sx_clear_interrupt
                0x0000000000009f56        0x8 modules/nrf/subsys/nrf_security/src/drivers/cracen/libcracen_psa_driver.a(pk_baremetal.c.obj)
                0x0000000000009f56                sx_clear_interrupt
 .text.convert_ba414_capabilities
                0x0000000000009f5e       0x4c modules/nrf/subsys/nrf_security/src/drivers/cracen/libcracen_psa_driver.a(ba414_status.c.obj)
                0x0000000000009f5e                convert_ba414_capabilities
 .text.mbedtls_mutex_unlock_fn
                0x0000000000009faa        0x4 modules/nrf/subsys/nrf_security/src/libmbedcrypto_base.a(threading_alt.c.obj)
                0x0000000000009faa                mbedtls_mutex_unlock_fn
 .text.mbedtls_mutex_lock_fn
                0x0000000000009fae        0xc modules/nrf/subsys/nrf_security/src/libmbedcrypto_base.a(threading_alt.c.obj)
                0x0000000000009fae                mbedtls_mutex_lock_fn
 .text.nrf_security_event_init
                0x0000000000009fba        0x4 modules/nrf/subsys/nrf_security/src/libnrf_security_utils.a(nrf_security_events.c.obj)
                0x0000000000009fba                nrf_security_event_init
 .text.nrf_security_event_wait
                0x0000000000009fbe       0x1a modules/nrf/subsys/nrf_security/src/libnrf_security_utils.a(nrf_security_events.c.obj)
                0x0000000000009fbe                nrf_security_event_wait
 .text.nrf_security_event_clear
                0x0000000000009fd8        0x4 modules/nrf/subsys/nrf_security/src/libnrf_security_utils.a(nrf_security_events.c.obj)
                0x0000000000009fd8                nrf_security_event_clear
 .text.nrf_security_event_set
                0x0000000000009fdc        0x4 modules/nrf/subsys/nrf_security/src/libnrf_security_utils.a(nrf_security_events.c.obj)
                0x0000000000009fdc                nrf_security_event_set
 .text.nrf_security_core_delay_us
                0x0000000000009fe0        0x4 modules/nrf/subsys/nrf_security/src/libnrf_security_utils.a(nrf_security_core.c.obj)
                0x0000000000009fe0                nrf_security_core_delay_us
 .text.event_walk_op
                0x0000000000009fe4       0x3c zephyr/kernel/libkernel.a(events.c.obj)
 .text.z_impl_k_event_set
                0x000000000000a020        0x8 zephyr/kernel/libkernel.a(events.c.obj)
                0x000000000000a020                z_impl_k_event_set
 .text.z_impl_k_event_clear
                0x000000000000a028        0x8 zephyr/kernel/libkernel.a(events.c.obj)
                0x000000000000a028                z_impl_k_event_clear
 .text.z_impl_k_event_wait
                0x000000000000a030        0x6 zephyr/kernel/libkernel.a(events.c.obj)
                0x000000000000a030                z_impl_k_event_wait
 .text.memcmp   0x000000000000a036       0x20 /opt/nordic/ncs/toolchains/0c0f19d91c/opt/zephyr-sdk/arm-zephyr-eabi/arm-zephyr-eabi/lib/thumb/v8-m.main/nofp/libc_nano.a(lib_a-memcmp.o)
                0x000000000000a036                memcmp
 .text.memcpy   0x000000000000a056       0x1a /opt/nordic/ncs/toolchains/0c0f19d91c/opt/zephyr-sdk/arm-zephyr-eabi/arm-zephyr-eabi/lib/thumb/v8-m.main/nofp/libc_nano.a(lib_a-memcpy-stub.o)
                0x000000000000a056                memcpy
 .text.memset   0x000000000000a070       0x10 /opt/nordic/ncs/toolchains/0c0f19d91c/opt/zephyr-sdk/arm-zephyr-eabi/arm-zephyr-eabi/lib/thumb/v8-m.main/nofp/libc_nano.a(lib_a-memset.o)
                0x000000000000a070                memset
 .text.strnlen  0x000000000000a080       0x18 /opt/nordic/ncs/toolchains/0c0f19d91c/opt/zephyr-sdk/arm-zephyr-eabi/arm-zephyr-eabi/lib/thumb/v8-m.main/nofp/libc_nano.a(lib_a-strnlen.o)
                0x000000000000a080                strnlen
 .text._vsnprintf_r
                0x000000000000a098       0x56 /opt/nordic/ncs/toolchains/0c0f19d91c/opt/zephyr-sdk/arm-zephyr-eabi/arm-zephyr-eabi/lib/thumb/v8-m.main/nofp/libc_nano.a(lib_a-vsnprintf.o)
                0x000000000000a098                _vsnprintf_r
                0x000000000000a098                _vsniprintf_r
 .text.__ssputs_r
                0x000000000000a0ee       0xb6 /opt/nordic/ncs/toolchains/0c0f19d91c/opt/zephyr-sdk/arm-zephyr-eabi/arm-zephyr-eabi/lib/thumb/v8-m.main/nofp/libc_nano.a(lib_a-nano-svfprintf.o)
                0x000000000000a0ee                __ssputs_r
 .text._printf_common
                0x000000000000a1a4       0xe4 /opt/nordic/ncs/toolchains/0c0f19d91c/opt/zephyr-sdk/arm-zephyr-eabi/arm-zephyr-eabi/lib/thumb/v8-m.main/nofp/libc_nano.a(lib_a-nano-vfprintf_i.o)
                0x000000000000a1a4                _printf_common
 .text.memchr   0x000000000000a288       0x1c /opt/nordic/ncs/toolchains/0c0f19d91c/opt/zephyr-sdk/arm-zephyr-eabi/arm-zephyr-eabi/lib/thumb/v8-m.main/nofp/libc_nano.a(lib_a-memchr-stub.o)
                0x000000000000a288                memchr
 .text.memmove  0x000000000000a2a4       0x34 /opt/nordic/ncs/toolchains/0c0f19d91c/opt/zephyr-sdk/arm-zephyr-eabi/arm-zephyr-eabi/lib/thumb/v8-m.main/nofp/libc_nano.a(lib_a-memmove.o)
                0x000000000000a2a4                memmove
 .text._realloc_r
                0x000000000000a2d8       0x4a /opt/nordic/ncs/toolchains/0c0f19d91c/opt/zephyr-sdk/arm-zephyr-eabi/arm-zephyr-eabi/lib/thumb/v8-m.main/nofp/libc_nano.a(lib_a-nano-reallocr.o)
                0x000000000000a2d8                _realloc_r
 .text._malloc_usable_size_r
                0x000000000000a322       0x10 /opt/nordic/ncs/toolchains/0c0f19d91c/opt/zephyr-sdk/arm-zephyr-eabi/arm-zephyr-eabi/lib/thumb/v8-m.main/nofp/libc_nano.a(lib_a-nano-msizer.o)
                0x000000000000a322                _malloc_usable_size_r
 *(SORT_BY_ALIGNMENT(.TEXT.*))
 *(SORT_BY_ALIGNMENT(.gnu.linkonce.t.*))
 *(SORT_BY_ALIGNMENT(.glue_7t))
 .glue_7t       0x000000000000a332        0x0 linker stubs
 *(SORT_BY_ALIGNMENT(.glue_7))
 .glue_7        0x000000000000a332        0x0 linker stubs
 *(SORT_BY_ALIGNMENT(.vfp11_veneer))
 .vfp11_veneer  0x000000000000a332        0x0 linker stubs
 *(SORT_BY_ALIGNMENT(.v4_bx))
 .v4_bx         0x000000000000a332        0x0 linker stubs
                0x000000000000a334                . = ALIGN (0x4)
 *fill*         0x000000000000a332        0x2 
                0x000000000000a334                __text_region_end = .

.ARM.exidx      0x000000000000a334        0x8
                0x000000000000a334                __exidx_start = .
 *(SORT_BY_ALIGNMENT(.ARM.exidx*) SORT_BY_ALIGNMENT(gnu.linkonce.armexidx.*))
 .ARM.exidx     0x000000000000a334        0x8 /opt/nordic/ncs/toolchains/0c0f19d91c/opt/zephyr-sdk/arm-zephyr-eabi/bin/../lib/gcc/arm-zephyr-eabi/12.2.0/thumb/v8-m.main/nofp/libgcc.a(_udivmoddi4.o)
                0x000000000000a33c                __exidx_end = .
                0x000000000000a33c                __rodata_region_start = .

initlevel       0x000000000000a33c       0x68
                0x000000000000a33c                __init_start = .
                0x000000000000a33c                __init_EARLY_start = .
 *(SORT_BY_NAME(SORT_BY_ALIGNMENT(.z_init_EARLY_P_?_*)))
 .z_init_EARLY_P_0_SUB_0_
                0x000000000000a33c        0x8 zephyr/soc/soc/nrf54l15/libsoc__nordic.a(soc.c.obj)
 .z_init_EARLY_P_1_SUB_0_
                0x000000000000a344        0x8 zephyr/drivers/timer/libdrivers__timer.a(nrf_grtc_timer.c.obj)
 *(SORT_BY_NAME(SORT_BY_ALIGNMENT(.z_init_EARLY_P_??_*)))
 *(SORT_BY_NAME(SORT_BY_ALIGNMENT(.z_init_EARLY_P_???_*)))
                0x000000000000a34c                __init_PRE_KERNEL_1_start = .
 *(SORT_BY_NAME(SORT_BY_ALIGNMENT(.z_init_PRE_KERNEL_1_P_?_*)))
 *(SORT_BY_NAME(SORT_BY_ALIGNMENT(.z_init_PRE_KERNEL_1_P_??_*)))
 .z_init_PRE_KERNEL_1_P_30_SUB_00063_
                0x000000000000a34c        0x8 zephyr/drivers/clock_control/libdrivers__clock_control.a(clock_control_nrf.c.obj)
 .z_init_PRE_KERNEL_1_P_30_SUB_0_
                0x000000000000a354        0x8 zephyr/kernel/libkernel.a(kheap.c.obj)
 .z_init_PRE_KERNEL_1_P_40_SUB_00012_
                0x000000000000a35c        0x8 zephyr/drivers/gpio/libdrivers__gpio.a(gpio_nrfx.c.obj)
 .z_init_PRE_KERNEL_1_P_40_SUB_00014_
                0x000000000000a364        0x8 zephyr/drivers/gpio/libdrivers__gpio.a(gpio_nrfx.c.obj)
 .z_init_PRE_KERNEL_1_P_40_SUB_00025_
                0x000000000000a36c        0x8 zephyr/drivers/gpio/libdrivers__gpio.a(gpio_nrfx.c.obj)
 .z_init_PRE_KERNEL_1_P_50_SUB_00108_
                0x000000000000a374        0x8 zephyr/drivers/serial/libdrivers__serial.a(uart_nrfx_uarte.c.obj)
 .z_init_PRE_KERNEL_1_P_60_SUB_0_
                0x000000000000a37c        0x8 zephyr/drivers/console/libdrivers__console.a(uart_console.c.obj)
 *(SORT_BY_NAME(SORT_BY_ALIGNMENT(.z_init_PRE_KERNEL_1_P_???_*)))
                0x000000000000a384                __init_PRE_KERNEL_2_start = .
 *(SORT_BY_NAME(SORT_BY_ALIGNMENT(.z_init_PRE_KERNEL_2_P_?_*)))
 .z_init_PRE_KERNEL_2_P_0_SUB_0_
                0x000000000000a384        0x8 zephyr/drivers/timer/libdrivers__timer.a(nrf_grtc_timer.c.obj)
 *(SORT_BY_NAME(SORT_BY_ALIGNMENT(.z_init_PRE_KERNEL_2_P_??_*)))
 *(SORT_BY_NAME(SORT_BY_ALIGNMENT(.z_init_PRE_KERNEL_2_P_???_*)))
                0x000000000000a38c                __init_POST_KERNEL_start = .
 *(SORT_BY_NAME(SORT_BY_ALIGNMENT(.z_init_POST_KERNEL_P_?_*)))
 *(SORT_BY_NAME(SORT_BY_ALIGNMENT(.z_init_POST_KERNEL_P_??_*)))
 .z_init_POST_KERNEL_P_35_SUB_0_
                0x000000000000a38c        0x8 zephyr/lib/libc/newlib/liblib__libc__newlib.a(libc-hooks.c.obj)
 .z_init_POST_KERNEL_P_50_SUB_0_
                0x000000000000a394        0x8 modules/nrf/subsys/nrf_security/src/zephyr/libmbedtls_zephyr.a(psa_crypto_init.c.obj)
 *(SORT_BY_NAME(SORT_BY_ALIGNMENT(.z_init_POST_KERNEL_P_???_*)))
                0x000000000000a39c                __init_APPLICATION_start = .
 *(SORT_BY_NAME(SORT_BY_ALIGNMENT(.z_init_APPLICATION_P_?_*)))
 .z_init_APPLICATION_P_0_SUB_0_
                0x000000000000a39c        0x8 zephyr/libzephyr.a(banner.c.obj)
 *(SORT_BY_NAME(SORT_BY_ALIGNMENT(.z_init_APPLICATION_P_??_*)))
 *(SORT_BY_NAME(SORT_BY_ALIGNMENT(.z_init_APPLICATION_P_???_*)))
                0x000000000000a3a4                __init_SMP_start = .
 *(SORT_BY_NAME(SORT_BY_ALIGNMENT(.z_init_SMP_P_?_*)))
 *(SORT_BY_NAME(SORT_BY_ALIGNMENT(.z_init_SMP_P_??_*)))
 *(SORT_BY_NAME(SORT_BY_ALIGNMENT(.z_init_SMP_P_???_*)))
                0x000000000000a3a4                __init_end = .

device_area     0x000000000000a3a4       0x8c
                0x000000000000a3a4                _device_list_start = .
 *(SORT_BY_NAME(SORT_BY_ALIGNMENT(._device.static.*_?_*)))
 *(SORT_BY_NAME(SORT_BY_ALIGNMENT(._device.static.*_??_*)))
 ._device.static.1_30_
                0x000000000000a3a4       0x1c zephyr/drivers/clock_control/libdrivers__clock_control.a(clock_control_nrf.c.obj)
                0x000000000000a3a4                __device_dts_ord_63
 ._device.static.1_40_
                0x000000000000a3c0       0x54 zephyr/drivers/gpio/libdrivers__gpio.a(gpio_nrfx.c.obj)
                0x000000000000a3c0                __device_dts_ord_14
                0x000000000000a3dc                __device_dts_ord_12
                0x000000000000a3f8                __device_dts_ord_25
 ._device.static.1_50_
                0x000000000000a414       0x1c zephyr/drivers/serial/libdrivers__serial.a(uart_nrfx_uarte.c.obj)
                0x000000000000a414                __device_dts_ord_108
 *(SORT_BY_NAME(SORT_BY_ALIGNMENT(._device.static.*_???_*)))
 *(SORT_BY_NAME(SORT_BY_ALIGNMENT(._device.static.*_????_*)))
 *(SORT_BY_NAME(SORT_BY_ALIGNMENT(._device.static.*_?????_*)))
                0x000000000000a430                _device_list_end = .

sw_isr_table    0x000000000000a430      0x878
                0x000000000000a430                . = ALIGN (0x4)
 *(SORT_BY_ALIGNMENT(.gnu.linkonce.sw_isr_table*))
 .gnu.linkonce.sw_isr_table
                0x000000000000a430      0x878 zephyr/arch/common/libisr_tables.a(isr_tables.c.obj)
                0x000000000000a430                _sw_isr_table

initlevel_error
                0x000000000000a33c        0x0
 *(SORT_BY_NAME(SORT_BY_ALIGNMENT(.z_init_*)))
                0x0000000000000001                ASSERT ((SIZEOF (initlevel_error) == 0x0), Undefined initialization levels used.)

app_shmem_regions
                0x000000000000aca8        0x0
                0x000000000000aca8                __app_shmem_regions_start = .
 *(SORT_BY_NAME(SORT_BY_ALIGNMENT(.app_regions.*)))
                0x000000000000aca8                __app_shmem_regions_end = .

k_p4wq_initparam_area
                0x000000000000aca8        0x0
                0x000000000000aca8                _k_p4wq_initparam_list_start = .
 *(SORT_BY_NAME(SORT_BY_ALIGNMENT(._k_p4wq_initparam.static.*)))
                0x000000000000aca8                _k_p4wq_initparam_list_end = .

_static_thread_data_area
                0x000000000000aca8        0x0
                0x000000000000aca8                __static_thread_data_list_start = .
 *(SORT_BY_NAME(SORT_BY_ALIGNMENT(.__static_thread_data.static.*)))
                0x000000000000aca8                __static_thread_data_list_end = .

device_deps     0x000000000000aca8        0x0
                0x000000000000aca8                __device_deps_start = .
 *(SORT_BY_NAME(SORT_BY_ALIGNMENT(.__device_deps_pass2*)))
                0x000000000000aca8                __device_deps_end = .

gpio_driver_api_area
                0x000000000000aca8       0x24
                0x000000000000aca8                _gpio_driver_api_list_start = .
 *(SORT_BY_NAME(SORT_BY_ALIGNMENT(._gpio_driver_api.static.*)))
 ._gpio_driver_api.static.gpio_nrfx_drv_api_funcs_
                0x000000000000aca8       0x24 zephyr/drivers/gpio/libdrivers__gpio.a(gpio_nrfx.c.obj)
                0x000000000000accc                _gpio_driver_api_list_end = .

shared_irq_driver_api_area
                0x000000000000accc        0x0
                0x000000000000accc                _shared_irq_driver_api_list_start = .
 *(SORT_BY_NAME(SORT_BY_ALIGNMENT(._shared_irq_driver_api.static.*)))
                0x000000000000accc                _shared_irq_driver_api_list_end = .

crypto_driver_api_area
                0x000000000000accc        0x0
                0x000000000000accc                _crypto_driver_api_list_start = .
 *(SORT_BY_NAME(SORT_BY_ALIGNMENT(._crypto_driver_api.static.*)))
                0x000000000000accc                _crypto_driver_api_list_end = .

adc_driver_api_area
                0x000000000000accc        0x0
                0x000000000000accc                _adc_driver_api_list_start = .
 *(SORT_BY_NAME(SORT_BY_ALIGNMENT(._adc_driver_api.static.*)))
                0x000000000000accc                _adc_driver_api_list_end = .

auxdisplay_driver_api_area
                0x000000000000accc        0x0
                0x000000000000accc                _auxdisplay_driver_api_list_start = .
 *(SORT_BY_NAME(SORT_BY_ALIGNMENT(._auxdisplay_driver_api.static.*)))
                0x000000000000accc                _auxdisplay_driver_api_list_end = .

bbram_driver_api_area
                0x000000000000accc        0x0
                0x000000000000accc                _bbram_driver_api_list_start = .
 *(SORT_BY_NAME(SORT_BY_ALIGNMENT(._bbram_driver_api.static.*)))
                0x000000000000accc                _bbram_driver_api_list_end = .

bt_hci_driver_api_area
                0x000000000000accc        0x0
                0x000000000000accc                _bt_hci_driver_api_list_start = .
 *(SORT_BY_NAME(SORT_BY_ALIGNMENT(._bt_hci_driver_api.static.*)))
                0x000000000000accc                _bt_hci_driver_api_list_end = .

can_driver_api_area
                0x000000000000accc        0x0
                0x000000000000accc                _can_driver_api_list_start = .
 *(SORT_BY_NAME(SORT_BY_ALIGNMENT(._can_driver_api.static.*)))
                0x000000000000accc                _can_driver_api_list_end = .

cellular_driver_api_area
                0x000000000000accc        0x0
                0x000000000000accc                _cellular_driver_api_list_start = .
 *(SORT_BY_NAME(SORT_BY_ALIGNMENT(._cellular_driver_api.static.*)))
                0x000000000000accc                _cellular_driver_api_list_end = .

charger_driver_api_area
                0x000000000000accc        0x0
                0x000000000000accc                _charger_driver_api_list_start = .
 *(SORT_BY_NAME(SORT_BY_ALIGNMENT(._charger_driver_api.static.*)))
                0x000000000000accc                _charger_driver_api_list_end = .

clock_control_driver_api_area
                0x000000000000accc       0x1c
                0x000000000000accc                _clock_control_driver_api_list_start = .
 *(SORT_BY_NAME(SORT_BY_ALIGNMENT(._clock_control_driver_api.static.*)))
 ._clock_control_driver_api.static.clock_control_api_
                0x000000000000accc       0x1c zephyr/drivers/clock_control/libdrivers__clock_control.a(clock_control_nrf.c.obj)
                0x000000000000ace8                _clock_control_driver_api_list_end = .

comparator_driver_api_area
                0x000000000000ace8        0x0
                0x000000000000ace8                _comparator_driver_api_list_start = .
 *(SORT_BY_NAME(SORT_BY_ALIGNMENT(._comparator_driver_api.static.*)))
                0x000000000000ace8                _comparator_driver_api_list_end = .

coredump_driver_api_area